<html>
<body>
<pre>
<h1>µVision Build Log</h1>
<h2>Tool Versions:</h2>
IDE-Version: ¦ÌVision V5.26.2.0
Copyright (C) 2018 ARM Ltd and ARM Germany GmbH. All rights reserved.
License Information: Yunhao Liu, HKU-RoboMaster, LIC=UJWMM-X9JAI-9T03L-0B01G-RP71Y-KMZV0
 
Tool Versions:
Toolchain:       MDK-ARM Plus  Version: 5.26.2.0
Toolchain Path:  C:\Keil_v5\ARM\ARMCC\Bin
C Compiler:      Armcc.exe V5.06 update 6 (build 750)
Assembler:       Armasm.exe V5.06 update 6 (build 750)
Linker/Locator:  ArmLink.exe V5.06 update 6 (build 750)
Library Manager: ArmAr.exe V5.06 update 6 (build 750)
Hex Converter:   FromElf.exe V5.06 update 6 (build 750)
CPU DLL:         SARMCM3.DLL V5.26.2.0
Dialog DLL:      DCM.DLL V1.17.2.0
Target DLL:      Segger\JL2CM3.dll V2.99.31.0
Dialog DLL:      TCM.DLL V1.36.1.0
 
<h2>Project:</h2>
D:\Git-Remote control\RTOS\General-Control\MDK-ARM\RM_Engineer.uvprojx
Project File Date:  02/05/2019

<h2>Output:</h2>
*** Using Compiler 'V5.06 update 6 (build 750)', folder: 'C:\Keil_v5\ARM\ARMCC\Bin'
Rebuild target 'RM_Engineer'
assembling startup_stm32f427xx.s...
compiling freertos.c...
compiling can.c...
compiling gpio.c...
compiling dma.c...
compiling usart.c...
compiling keyboard.c...
..\Src\keyboard.c(35): warning:  #188-D: enumerated type mixed with another type
                  keyState[0] = 1;
..\Src\keyboard.c(36): warning:  #188-D: enumerated type mixed with another type
                  keyState[1] = 0;
..\Src\keyboard.c(44): warning:  #188-D: enumerated type mixed with another type
                      keyState[0] = 1;
..\Src\keyboard.c(45): warning:  #188-D: enumerated type mixed with another type
                      keyState[1] = 1;
..\Src\keyboard.c(51): warning:  #188-D: enumerated type mixed with another type
                      keyState[0] = 0;
..\Src\keyboard.c(52): warning:  #188-D: enumerated type mixed with another type
                      keyState[1] = 0;
..\Src\keyboard.c(65): warning:  #188-D: enumerated type mixed with another type
              keyState[0] = 0;
..\Src\keyboard.c(66): warning:  #188-D: enumerated type mixed with another type
              keyState[1] = 1;
..\Src\keyboard.c(71): warning:  #188-D: enumerated type mixed with another type
              keyState[0] = 1;
..\Src\keyboard.c(72): warning:  #188-D: enumerated type mixed with another type
              keyState[1] = 0;
..\Src\keyboard.c(79): warning:  #188-D: enumerated type mixed with another type
                  keyState[0] = keyState[1] = 0;
..\Src\keyboard.c(90): warning:  #188-D: enumerated type mixed with another type
              keyState[0] = 0;
..\Src\keyboard.c(91): warning:  #188-D: enumerated type mixed with another type
              keyState[1] = 1;
..\Src\keyboard.c(98): warning:  #188-D: enumerated type mixed with another type
                  keyState[0] = 0;
..\Src\keyboard.c(99): warning:  #188-D: enumerated type mixed with another type
                  keyState[1] = 0;
..\Src\keyboard.c(110): warning:  #188-D: enumerated type mixed with another type
              keyState[0] = 0;
..\Src\keyboard.c(111): warning:  #188-D: enumerated type mixed with another type
              keyState[1] = 1;
..\Src\keyboard.c(134): warning:  #177-D: variable "keySig"  was declared but never referenced
      bool_t keySig = (bool_t)key->n;
..\Src\keyboard.c(135): warning:  #177-D: variable "keyPrev"  was declared but never referenced
      bool_t keyPrev= (bool_t)key->p;
..\Src\keyboard.c(136): warning:  #177-D: variable "highSig"  was declared but never referenced
      bool_t highSig= (bool_t)high->n;
..\Src\keyboard.c(137): warning:  #177-D: variable "highPrev"  was declared but never referenced
      bool_t highPrev=(bool_t)high->p;
..\Src\keyboard.c: 21 warnings, 0 errors
compiling ShootFSM.c...
compiling Control.c...
..\Src\Control.c(160): warning:  #188-D: enumerated type mixed with another type
      ctrl->state[2] = one_bit.S1;
..\Src\Control.c(161): warning:  #188-D: enumerated type mixed with another type
      ctrl->state[3] = one_bit.S2;
..\Src\Control.c(166): warning:  #188-D: enumerated type mixed with another type
          ctrl->state[0] = 0;
..\Src\Control.c(167): warning:  #188-D: enumerated type mixed with another type
          ctrl->state[1] = 0;
..\Src\Control.c(171): warning:  #188-D: enumerated type mixed with another type
          ctrl->state[0] = 0;
..\Src\Control.c(172): warning:  #188-D: enumerated type mixed with another type
          ctrl->state[1] = 1;
..\Src\Control.c(176): warning:  #188-D: enumerated type mixed with another type
          ctrl->state[0] = 1;
..\Src\Control.c(177): warning:  #188-D: enumerated type mixed with another type
          ctrl->state[1] = 0;          
..\Src\Control.c: 8 warnings, 0 errors
compiling main.c...
compiling stm32f4xx_it.c...
compiling stm32f4xx_hal_msp.c...
compiling stm32f4xx_hal_timebase_TIM.c...
compiling stm32f4xx_hal_tim_ex.c...
compiling gun.c...
compiling spi.c...
compiling stm32f4xx_hal_tim.c...
compiling stm32f4xx_hal_can.c...
compiling stm32f4xx_hal_gpio.c...
compiling stm32f4xx_hal_flash.c...
compiling stm32f4xx_hal_rcc_ex.c...
compiling stm32f4xx_hal_flash_ex.c...
compiling stm32f4xx_hal_uart.c...
compiling stm32f4xx_hal_flash_ramfunc.c...
compiling stm32f4xx_hal_rcc.c...
compiling stm32f4xx_hal.c...
compiling stm32f4xx_hal_spi.c...
compiling stm32f4xx_hal_pwr_ex.c...
compiling heap_4.c...
compiling stm32f4xx_hal_dma_ex.c...
compiling croutine.c...
compiling event_groups.c...
compiling list.c...
compiling port.c...
compiling timers.c...
compiling queue.c...
compiling stm32f4xx_hal_dma.c...
compiling stm32f4xx_hal_cortex.c...
compiling stm32f4xx_hal_pwr.c...
compiling tasks.c...
compiling bsp_motor.c...
compiling cmsis_os.c...
compiling system_stm32f4xx.c...
compiling motorControlTask.c...
compiling bsp_can.c...
compiling bsp_uart.c...
..\BSP\bsp_uart.c(105): warning:  #188-D: enumerated type mixed with another type
  	rc->kb_ctrl.Q     = 0;
..\BSP\bsp_uart.c(106): warning:  #188-D: enumerated type mixed with another type
  	rc->kb_ctrl.E     = 0;
..\BSP\bsp_uart.c(108): warning:  #188-D: enumerated type mixed with another type
  	rc->kb_ctrl.Swing = 0;
..\BSP\bsp_uart.c: 3 warnings, 0 errors
compiling chassisTask.c...
compiling imu_task.c...
compiling canTask.c...
compiling bsp_imu.c...
compiling encoder.c...
compiling pid.c...
..\LIB\pid.c(301): warning:  #177-D: variable "smart"  was declared but never referenced
  static uint8_t smart = 0;
..\LIB\pid.c: 1 warning, 0 errors
linking...
Program Size: Code=25848 RO-data=908 RW-data=2004 ZI-data=17716  
FromELF: creating hex file...
"RM_Engineer\RM_Engineer.axf" - 0 Error(s), 33 Warning(s).

<h2>Software Packages used:</h2>

Package Vendor: ARM
                http://www.keil.com/pack/ARM.CMSIS.5.4.0.pack
                ARM.CMSIS.5.4.0
                CMSIS (Cortex Microcontroller Software Interface Standard)
   * Component: CORE Version: 5.1.2

Package Vendor: Keil
                http://www.keil.com/pack/Keil.STM32F4xx_DFP.2.13.0.pack
                Keil.STM32F4xx_DFP.2.13.0
                STMicroelectronics STM32F4 Series Device Support, Drivers and Examples

<h2>Collection of Component include folders:</h2>
  .\RTE\_RM_Engineer
  C:\Keil_v5\ARM\PACK\ARM\CMSIS\5.4.0\CMSIS\Core\Include
  C:\Keil_v5\ARM\PACK\Keil\STM32F4xx_DFP\2.13.0\Drivers\CMSIS\Device\ST\STM32F4xx\Include

<h2>Collection of Component Files used:</h2>

   * Component: ARM::CMSIS:CORE:5.1.2
Build Time Elapsed:  00:00:57
</pre>
</body>
</html>
