Component: ARM Compiler 5.06 update 6 (build 750) Tool: armlink [4d35ed]

==============================================================================

Section Cross References

    startup_stm32f427xx.o(RESET) refers to startup_stm32f427xx.o(STACK) for __initial_sp
    startup_stm32f427xx.o(RESET) refers to startup_stm32f427xx.o(.text) for Reset_Handler
    startup_stm32f427xx.o(RESET) refers to stm32f4xx_it.o(i.NMI_Handler) for NMI_Handler
    startup_stm32f427xx.o(RESET) refers to stm32f4xx_it.o(i.HardFault_Handler) for HardFault_Handler
    startup_stm32f427xx.o(RESET) refers to stm32f4xx_it.o(i.MemManage_Handler) for MemManage_Handler
    startup_stm32f427xx.o(RESET) refers to stm32f4xx_it.o(i.BusFault_Handler) for BusFault_Handler
    startup_stm32f427xx.o(RESET) refers to stm32f4xx_it.o(i.UsageFault_Handler) for UsageFault_Handler
    startup_stm32f427xx.o(RESET) refers to port.o(.emb_text) for SVC_Handler
    startup_stm32f427xx.o(RESET) refers to stm32f4xx_it.o(i.DebugMon_Handler) for DebugMon_Handler
    startup_stm32f427xx.o(RESET) refers to stm32f4xx_it.o(i.SysTick_Handler) for SysTick_Handler
    startup_stm32f427xx.o(RESET) refers to stm32f4xx_it.o(i.RCC_IRQHandler) for RCC_IRQHandler
    startup_stm32f427xx.o(RESET) refers to stm32f4xx_it.o(i.CAN1_TX_IRQHandler) for CAN1_TX_IRQHandler
    startup_stm32f427xx.o(RESET) refers to stm32f4xx_it.o(i.CAN1_RX0_IRQHandler) for CAN1_RX0_IRQHandler
    startup_stm32f427xx.o(RESET) refers to stm32f4xx_it.o(i.TIM3_IRQHandler) for TIM3_IRQHandler
    startup_stm32f427xx.o(RESET) refers to stm32f4xx_it.o(i.USART1_IRQHandler) for USART1_IRQHandler
    startup_stm32f427xx.o(RESET) refers to stm32f4xx_it.o(i.DMA2_Stream2_IRQHandler) for DMA2_Stream2_IRQHandler
    startup_stm32f427xx.o(RESET) refers to stm32f4xx_it.o(i.USART6_IRQHandler) for USART6_IRQHandler
    startup_stm32f427xx.o(.text) refers to system_stm32f4xx.o(i.SystemInit) for SystemInit
    startup_stm32f427xx.o(.text) refers to entry.o(.ARM.Collect$$$$00000000) for __main
    main.o(i.HAL_TIM_PeriodElapsedCallback) refers to stm32f4xx_hal.o(i.HAL_IncTick) for HAL_IncTick
    main.o(i.SystemClock_Config) refers to stm32f4xx_hal_rcc.o(i.HAL_RCC_OscConfig) for HAL_RCC_OscConfig
    main.o(i.SystemClock_Config) refers to stm32f4xx_hal_rcc.o(i.HAL_RCC_ClockConfig) for HAL_RCC_ClockConfig
    main.o(i.SystemClock_Config) refers to stm32f4xx_hal_rcc.o(i.HAL_RCC_GetHCLKFreq) for HAL_RCC_GetHCLKFreq
    main.o(i.SystemClock_Config) refers to stm32f4xx_hal_cortex.o(i.HAL_SYSTICK_Config) for HAL_SYSTICK_Config
    main.o(i.SystemClock_Config) refers to stm32f4xx_hal_cortex.o(i.HAL_SYSTICK_CLKSourceConfig) for HAL_SYSTICK_CLKSourceConfig
    main.o(i.SystemClock_Config) refers to stm32f4xx_hal_cortex.o(i.HAL_NVIC_SetPriority) for HAL_NVIC_SetPriority
    main.o(i.main) refers to stm32f4xx_hal.o(i.HAL_Init) for HAL_Init
    main.o(i.main) refers to main.o(i.SystemClock_Config) for SystemClock_Config
    main.o(i.main) refers to gpio.o(i.MX_GPIO_Init) for MX_GPIO_Init
    main.o(i.main) refers to dma.o(i.MX_DMA_Init) for MX_DMA_Init
    main.o(i.main) refers to can.o(i.MX_CAN1_Init) for MX_CAN1_Init
    main.o(i.main) refers to usart.o(i.MX_USART1_UART_Init) for MX_USART1_UART_Init
    main.o(i.main) refers to usart.o(i.MX_USART6_UART_Init) for MX_USART6_UART_Init
    main.o(i.main) refers to bsp_can.o(i.CAN_Initialize) for CAN_Initialize
    main.o(i.main) refers to bsp_uart.o(i.dbus_uart_init) for dbus_uart_init
    main.o(i.main) refers to imu_task.o(i.imu_init) for imu_init
    main.o(i.main) refers to gun.o(i.MX_TIM4_Init) for MX_TIM4_Init
    main.o(i.main) refers to gun.o(i.gun_init) for gun_init
    main.o(i.main) refers to gun.o(i.user_pwm_setvalue_friction1) for user_pwm_setvalue_friction1
    main.o(i.main) refers to freertos.o(i.MX_FREERTOS_Init) for MX_FREERTOS_Init
    main.o(i.main) refers to cmsis_os.o(i.osKernelStart) for osKernelStart
    gpio.o(i.MX_GPIO_Init) refers to stm32f4xx_hal_gpio.o(i.HAL_GPIO_WritePin) for HAL_GPIO_WritePin
    gpio.o(i.MX_GPIO_Init) refers to stm32f4xx_hal_gpio.o(i.HAL_GPIO_Init) for HAL_GPIO_Init
    can.o(i.HAL_CAN_MspDeInit) refers to stm32f4xx_hal_gpio.o(i.HAL_GPIO_DeInit) for HAL_GPIO_DeInit
    can.o(i.HAL_CAN_MspDeInit) refers to stm32f4xx_hal_cortex.o(i.HAL_NVIC_DisableIRQ) for HAL_NVIC_DisableIRQ
    can.o(i.HAL_CAN_MspInit) refers to stm32f4xx_hal_gpio.o(i.HAL_GPIO_Init) for HAL_GPIO_Init
    can.o(i.HAL_CAN_MspInit) refers to stm32f4xx_hal_cortex.o(i.HAL_NVIC_SetPriority) for HAL_NVIC_SetPriority
    can.o(i.HAL_CAN_MspInit) refers to stm32f4xx_hal_cortex.o(i.HAL_NVIC_EnableIRQ) for HAL_NVIC_EnableIRQ
    can.o(i.MX_CAN1_Init) refers to stm32f4xx_hal_can.o(i.HAL_CAN_Init) for HAL_CAN_Init
    can.o(i.MX_CAN1_Init) refers to main.o(i._Error_Handler) for _Error_Handler
    can.o(i.MX_CAN1_Init) refers to can.o(.bss) for .bss
    dma.o(i.MX_DMA_Init) refers to stm32f4xx_hal_cortex.o(i.HAL_NVIC_SetPriority) for HAL_NVIC_SetPriority
[...]
    i.prvAddNewTaskToReadyList               0x08005350   Section        0  tasks.o(i.prvAddNewTaskToReadyList)
    prvAddNewTaskToReadyList                 0x08005351   Thumb Code   194  tasks.o(i.prvAddNewTaskToReadyList)
    i.prvCheckTasksWaitingTermination        0x08005420   Section        0  tasks.o(i.prvCheckTasksWaitingTermination)
    prvCheckTasksWaitingTermination          0x08005421   Thumb Code    70  tasks.o(i.prvCheckTasksWaitingTermination)
    i.prvDeleteTCB                           0x08005470   Section        0  tasks.o(i.prvDeleteTCB)
    prvDeleteTCB                             0x08005471   Thumb Code    20  tasks.o(i.prvDeleteTCB)
    i.prvHeapInit                            0x08005484   Section        0  heap_4.o(i.prvHeapInit)
    prvHeapInit                              0x08005485   Thumb Code    66  heap_4.o(i.prvHeapInit)
    i.prvIdleTask                            0x080054d0   Section        0  tasks.o(i.prvIdleTask)
    prvIdleTask                              0x080054d1   Thumb Code    30  tasks.o(i.prvIdleTask)
    i.prvInitialiseNewTask                   0x080054f8   Section        0  tasks.o(i.prvInitialiseNewTask)
    prvInitialiseNewTask                     0x080054f9   Thumb Code   142  tasks.o(i.prvInitialiseNewTask)
    i.prvInsertBlockIntoFreeList             0x08005588   Section        0  heap_4.o(i.prvInsertBlockIntoFreeList)
    prvInsertBlockIntoFreeList               0x08005589   Thumb Code    72  heap_4.o(i.prvInsertBlockIntoFreeList)
    i.prvResetNextTaskUnblockTime            0x080055d4   Section        0  tasks.o(i.prvResetNextTaskUnblockTime)
    prvResetNextTaskUnblockTime              0x080055d5   Thumb Code    26  tasks.o(i.prvResetNextTaskUnblockTime)
    i.prvTaskExitError                       0x080055f4   Section        0  port.o(i.prvTaskExitError)
    prvTaskExitError                         0x080055f5   Thumb Code    36  port.o(i.prvTaskExitError)
    i.pvPortMalloc                           0x0800561c   Section        0  heap_4.o(i.pvPortMalloc)
    i.pxPortInitialiseStack                  0x080056f4   Section        0  port.o(i.pxPortInitialiseStack)
    i.rc_callback_handler                    0x08005720   Section        0  bsp_uart.o(i.rc_callback_handler)
    i.rc_dealler                             0x08005804   Section        0  bsp_uart.o(i.rc_dealler)
    i.send_Chassis_Msg                       0x08005918   Section        0  chassistask.o(i.send_Chassis_Msg)
    i.sqrt                                   0x08005968   Section        0  sqrt.o(i.sqrt)
    i.uart_receive_handler                   0x080059d8   Section        0  bsp_uart.o(i.uart_receive_handler)
    i.user_pwm_setvalue_friction1            0x08005a38   Section        0  gun.o(i.user_pwm_setvalue_friction1)
    i.uxListRemove                           0x08005a64   Section        0  list.o(i.uxListRemove)
    i.vListInitialise                        0x08005a88   Section        0  list.o(i.vListInitialise)
    i.vListInitialiseItem                    0x08005a9e   Section        0  list.o(i.vListInitialiseItem)
    i.vListInsert                            0x08005aa4   Section        0  list.o(i.vListInsert)
    i.vListInsertEnd                         0x08005ad4   Section        0  list.o(i.vListInsertEnd)
    i.vPortEnterCritical                     0x08005aec   Section        0  port.o(i.vPortEnterCritical)
    i.vPortExitCritical                      0x08005b2c   Section        0  port.o(i.vPortExitCritical)
    i.vPortFree                              0x08005b54   Section        0  heap_4.o(i.vPortFree)
    i.vPortSetupTimerInterrupt               0x08005bb0   Section        0  port.o(i.vPortSetupTimerInterrupt)
    i.vPortValidateInterruptPriority         0x08005bd0   Section        0  port.o(i.vPortValidateInterruptPriority)
    i.vTaskDelay                             0x08005c24   Section        0  tasks.o(i.vTaskDelay)
    i.vTaskStartScheduler                    0x08005c70   Section        0  tasks.o(i.vTaskStartScheduler)
    i.vTaskSuspendAll                        0x08005cd8   Section        0  tasks.o(i.vTaskSuspendAll)
    i.vTaskSwitchContext                     0x08005ce8   Section        0  tasks.o(i.vTaskSwitchContext)
    i.xPortStartScheduler                    0x08005d44   Section        0  port.o(i.xPortStartScheduler)
    i.xPortSysTickHandler                    0x08005e24   Section        0  port.o(i.xPortSysTickHandler)
    i.xTaskCreate                            0x08005e50   Section        0  tasks.o(i.xTaskCreate)
    i.xTaskGetSchedulerState                 0x08005ea8   Section        0  tasks.o(i.xTaskGetSchedulerState)
    i.xTaskGetTickCount                      0x08005ec4   Section        0  tasks.o(i.xTaskGetTickCount)
    i.xTaskGetTickCountFromISR               0x08005ed0   Section        0  tasks.o(i.xTaskGetTickCountFromISR)
    i.xTaskIncrementTick                     0x08005ee0   Section        0  tasks.o(i.xTaskIncrementTick)
    i.xTaskResumeAll                         0x08005fa8   Section        0  tasks.o(i.xTaskResumeAll)
    .constdata                               0x0800606c   Section       20  freertos.o(.constdata)
    .constdata                               0x08006080   Section        8  stm32f4xx_hal_dma.o(.constdata)
    flagBitshiftOffset                       0x08006080   Data           8  stm32f4xx_hal_dma.o(.constdata)
    .constdata                               0x08006088   Section       16  system_stm32f4xx.o(.constdata)
    .constdata                               0x08006098   Section        8  system_stm32f4xx.o(.constdata)
    .constdata                               0x080060a0   Section       20  bsp_imu.o(.constdata)
    .constdata                               0x080060b4   Section       20  chassistask.o(.constdata)
    .constdata                               0x080060c8   Section       20  cantask.o(.constdata)
    .constdata                               0x080060dc   Section       20  imu_task.o(.constdata)
    .constdata                               0x080060f0   Section       80  asin.o(.constdata)
    pS                                       0x080060f0   Data          48  asin.o(.constdata)
    qS                                       0x08006120   Data          32  asin.o(.constdata)
    .constdata                               0x08006140   Section      152  atan.o(.constdata)
    atanhi                                   0x08006140   Data          32  atan.o(.constdata)
    atanlo                                   0x08006160   Data          32  atan.o(.constdata)
    aTodd                                    0x08006180   Data          40  atan.o(.constdata)
    aTeven                                   0x080061a8   Data          48  atan.o(.constdata)
    .constdata                               0x080061d8   Section        8  qnan.o(.constdata)
    .conststring                             0x080061e0   Section       12  freertos.o(.conststring)
    .conststring                             0x080061ec   Section       12  chassistask.o(.conststring)
    .conststring                             0x080061f8   Section        8  cantask.o(.conststring)
    .data                                    0x20000000   Section        4  freertos.o(.data)
    .data                                    0x20000004   Section       12  stm32f4xx_hal.o(.data)
    .data                                    0x20000010   Section        4  system_stm32f4xx.o(.data)
    .data                                    0x20000014   Section       24  heap_4.o(.data)
    pxEnd                                    0x20000014   Data           4  heap_4.o(.data)
    xFreeBytesRemaining                      0x20000018   Data           4  heap_4.o(.data)
    xMinimumEverFreeBytesRemaining           0x2000001c   Data           4  heap_4.o(.data)
    xBlockAllocatedBit                       0x20000020   Data           4  heap_4.o(.data)
    xStart                                   0x20000024   Data           8  heap_4.o(.data)
    .data                                    0x2000002c   Section       12  port.o(.data)
    ucMaxSysCallPriority                     0x2000002c   Data           1  port.o(.data)
    uxCriticalNesting                        0x20000030   Data           4  port.o(.data)
    ulMaxPRIGROUPValue                       0x20000034   Data           4  port.o(.data)
    .data                                    0x20000038   Section       60  tasks.o(.data)
    uxDeletedTasksWaitingCleanUp             0x2000003c   Data           4  tasks.o(.data)
    uxCurrentNumberOfTasks                   0x20000040   Data           4  tasks.o(.data)
    xTickCount                               0x20000044   Data           4  tasks.o(.data)
    uxTopReadyPriority                       0x20000048   Data           4  tasks.o(.data)
    xSchedulerRunning                        0x2000004c   Data           4  tasks.o(.data)
    uxPendedTicks                            0x20000050   Data           4  tasks.o(.data)
    xYieldPending                            0x20000054   Data           4  tasks.o(.data)
    xNumOfOverflows                          0x20000058   Data           4  tasks.o(.data)
    uxTaskNumber                             0x2000005c   Data           4  tasks.o(.data)
    xNextTaskUnblockTime                     0x20000060   Data           4  tasks.o(.data)
    xIdleTaskHandle                          0x20000064   Data           4  tasks.o(.data)
    uxSchedulerSuspended                     0x20000068   Data           4  tasks.o(.data)
    pxDelayedTaskList                        0x2000006c   Data           4  tasks.o(.data)
    pxOverflowDelayedTaskList                0x20000070   Data           4  tasks.o(.data)
    .data                                    0x20000074   Section        6  bsp_uart.o(.data)
    .data                                    0x2000007c   Section       96  bsp_imu.o(.data)
    tx                                       0x2000007c   Data           1  bsp_imu.o(.data)
    rx                                       0x2000007d   Data           1  bsp_imu.o(.data)
    gx                                       0x2000009c   Data           4  bsp_imu.o(.data)
    gy                                       0x200000a0   Data           4  bsp_imu.o(.data)
    gz                                       0x200000a4   Data           4  bsp_imu.o(.data)
    ax                                       0x200000a8   Data           4  bsp_imu.o(.data)
    ay                                       0x200000ac   Data           4  bsp_imu.o(.data)
    az                                       0x200000b0   Data           4  bsp_imu.o(.data)
    mx                                       0x200000b4   Data           4  bsp_imu.o(.data)
    my                                       0x200000b8   Data           4  bsp_imu.o(.data)
    mz                                       0x200000bc   Data           4  bsp_imu.o(.data)
    tx_buff                                  0x200000ce   Data          14  bsp_imu.o(.data)
    .data                                    0x200000dc   Section      292  chassistask.o(.data)
    .data                                    0x20000200   Section       16  cantask.o(.data)
    .data                                    0x20000210   Section       10  imu_task.o(.data)
    .data                                    0x2000021c   Section        4  errno.o(.data)
    _errno                                   0x2000021c   Data           4  errno.o(.data)
    .bss                                     0x20000220   Section       40  can.o(.bss)
    .bss                                     0x20000248   Section      224  usart.o(.bss)
    .bss                                     0x20000328   Section       60  stm32f4xx_hal_timebase_tim.o(.bss)
    .bss                                     0x20000364   Section       88  spi.o(.bss)
    .bss                                     0x200003bc   Section       60  gun.o(.bss)
    .bss                                     0x200003f8   Section    15360  heap_4.o(.bss)
    ucHeap                                   0x200003f8   Data       15360  heap_4.o(.bss)
    .bss                                     0x20003ff8   Section      240  tasks.o(.bss)
    pxReadyTasksLists                        0x20003ff8   Data         140  tasks.o(.bss)
    xDelayedTaskList1                        0x20004084   Data          20  tasks.o(.bss)
    xDelayedTaskList2                        0x20004098   Data          20  tasks.o(.bss)
    xPendingReadyList                        0x200040ac   Data          20  tasks.o(.bss)
    xTasksWaitingTermination                 0x200040c0   Data          20  tasks.o(.bss)
    xSuspendedTaskList                       0x200040d4   Data          20  tasks.o(.bss)
    .bss                                     0x200040e8   Section       88  bsp_can.o(.bss)
    .bss                                     0x20004140   Section       43  bsp_uart.o(.bss)
    .bss                                     0x2000416c   Section       98  bsp_imu.o(.bss)
    .bss                                     0x200041d0   Section      304  chassistask.o(.bss)
    .bss                                     0x20004300   Section       28  cantask.o(.bss)
    STACK                                    0x20004320   Section     1024  startup_stm32f427xx.o(STACK)

    Global Symbols

    Symbol Name                              Value     Ov Type        Size  Object(Section)

    BuildAttributes$$THM_ISAv4$E$P$D$K$B$S$7EM$VFPi3$EXTD16$VFPS$VFMA$PE$A:L22UL41UL21$X:L11$S22US41US21$IEEE1$IW$USESV6$~STKCKD$USESV7$~SHL$OTIME$ROPI$IEEEX$EBA8$MICROLIB$REQ8$PRES8$EABIv2 0x00000000   Number         0  anon$$obj.o ABSOLUTE
    __ARM_use_no_argv                        0x00000000   Number         0  main.o ABSOLUTE
    __cpp_initialize__aeabi_                  - Undefined Weak Reference
    __cxa_finalize                            - Undefined Weak Reference
    _clock_init                               - Undefined Weak Reference
    _microlib_exit                            - Undefined Weak Reference
    __Vectors_Size                           0x000001ac   Number         0  startup_stm32f427xx.o ABSOLUTE
    __Vectors                                0x08000000   Data           4  startup_stm32f427xx.o(RESET)
    __Vectors_End                            0x080001ac   Data           0  startup_stm32f427xx.o(RESET)
    __main                                   0x080001ad   Thumb Code     0  entry.o(.ARM.Collect$$$$00000000)
    _main_stk                                0x080001ad   Thumb Code     0  entry2.o(.ARM.Collect$$$$00000001)
    _main_scatterload                        0x080001b1   Thumb Code     0  entry5.o(.ARM.Collect$$$$00000004)
    __main_after_scatterload                 0x080001b5   Thumb Code     0  entry5.o(.ARM.Collect$$$$00000004)
    _main_clock                              0x080001b5   Thumb Code     0  entry7b.o(.ARM.Collect$$$$00000008)
    _main_cpp_init                           0x080001b5   Thumb Code     0  entry8b.o(.ARM.Collect$$$$0000000A)
    _main_init                               0x080001b5   Thumb Code     0  entry9a.o(.ARM.Collect$$$$0000000B)
    __rt_final_cpp                           0x080001bd   Thumb Code     0  entry10a.o(.ARM.Collect$$$$0000000D)
    __rt_final_exit                          0x080001bd   Thumb Code     0  entry11a.o(.ARM.Collect$$$$0000000F)
    SVC_Handler                              0x080001c1   Thumb Code    28  port.o(.emb_text)
    __asm___6_port_c_39a90d8d__prvStartFirstTask 0x080001e1   Thumb Code    28  port.o(.emb_text)
    __asm___6_port_c_39a90d8d__prvEnableVFP  0x08000201   Thumb Code    16  port.o(.emb_text)
    PendSV_Handler                           0x08000215   Thumb Code    92  port.o(.emb_text)
    vPortGetIPSR                             0x08000275   Thumb Code     6  port.o(.emb_text)
    Reset_Handler                            0x0800027d   Thumb Code     8  startup_stm32f427xx.o(.text)
    ADC_IRQHandler                           0x08000297   Thumb Code     0  startup_stm32f427xx.o(.text)
    CAN1_RX1_IRQHandler                      0x08000297   Thumb Code     0  startup_stm32f427xx.o(.text)
    CAN1_SCE_IRQHandler                      0x08000297   Thumb Code     0  startup_stm32f427xx.o(.text)
    CAN2_RX0_IRQHandler                      0x08000297   Thumb Code     0  startup_stm32f427xx.o(.text)
    CAN2_RX1_IRQHandler                      0x08000297   Thumb Code     0  startup_stm32f427xx.o(.text)
    CAN2_SCE_IRQHandler                      0x08000297   Thumb Code     0  startup_stm32f427xx.o(.text)
    CAN2_TX_IRQHandler                       0x08000297   Thumb Code     0  startup_stm32f427xx.o(.text)
    DCMI_IRQHandler                          0x08000297   Thumb Code     0  startup_stm32f427xx.o(.text)
    DMA1_Stream0_IRQHandler                  0x08000297   Thumb Code     0  startup_stm32f427xx.o(.text)
    DMA1_Stream1_IRQHandler                  0x08000297   Thumb Code     0  startup_stm32f427xx.o(.text)
    DMA1_Stream2_IRQHandler                  0x08000297   Thumb Code     0  startup_stm32f427xx.o(.text)
    DMA1_Stream3_IRQHandler                  0x08000297   Thumb Code     0  startup_stm32f427xx.o(.text)
    DMA1_Stream4_IRQHandler                  0x08000297   Thumb Code     0  startup_stm32f427xx.o(.text)
    DMA1_Stream5_IRQHandler                  0x08000297   Thumb Code     0  startup_stm32f427xx.o(.text)
    DMA1_Stream6_IRQHandler                  0x08000297   Thumb Code     0  startup_stm32f427xx.o(.text)
    DMA1_Stream7_IRQHandler                  0x08000297   Thumb Code     0  startup_stm32f427xx.o(.text)
    DMA2D_IRQHandler                         0x08000297   Thumb Code     0  startup_stm32f427xx.o(.text)
    DMA2_Stream0_IRQHandler                  0x08000297   Thumb Code     0  startup_stm32f427xx.o(.text)
    DMA2_Stream1_IRQHandler                  0x08000297   Thumb Code     0  startup_stm32f427xx.o(.text)
    DMA2_Stream3_IRQHandler                  0x08000297   Thumb Code     0  startup_stm32f427xx.o(.text)
    DMA2_Stream4_IRQHandler                  0x08000297   Thumb Code     0  startup_stm32f427xx.o(.text)
    DMA2_Stream5_IRQHandler                  0x08000297   Thumb Code     0  startup_stm32f427xx.o(.text)
    DMA2_Stream6_IRQHandler                  0x08000297   Thumb Code     0  startup_stm32f427xx.o(.text)
    DMA2_Stream7_IRQHandler                  0x08000297   Thumb Code     0  startup_stm32f427xx.o(.text)
    ETH_IRQHandler                           0x08000297   Thumb Code     0  startup_stm32f427xx.o(.text)
    ETH_WKUP_IRQHandler                      0x08000297   Thumb Code     0  startup_stm32f427xx.o(.text)
    EXTI0_IRQHandler                         0x08000297   Thumb Code     0  startup_stm32f427xx.o(.text)
    EXTI15_10_IRQHandler                     0x08000297   Thumb Code     0  startup_stm32f427xx.o(.text)
    EXTI1_IRQHandler                         0x08000297   Thumb Code     0  startup_stm32f427xx.o(.text)
    EXTI2_IRQHandler                         0x08000297   Thumb Code     0  startup_stm32f427xx.o(.text)
    EXTI3_IRQHandler                         0x08000297   Thumb Code     0  startup_stm32f427xx.o(.text)
    EXTI4_IRQHandler                         0x08000297   Thumb Code     0  startup_stm32f427xx.o(.text)
    EXTI9_5_IRQHandler                       0x08000297   Thumb Code     0  startup_stm32f427xx.o(.text)
    FLASH_IRQHandler                         0x08000297   Thumb Code     0  startup_stm32f427xx.o(.text)
    FMC_IRQHandler                           0x08000297   Thumb Code     0  startup_stm32f427xx.o(.text)
    FPU_IRQHandler                           0x08000297   Thumb Code     0  startup_stm32f427xx.o(.text)
    HASH_RNG_IRQHandler                      0x08000297   Thumb Code     0  startup_stm32f427xx.o(.text)
    I2C1_ER_IRQHandler                       0x08000297   Thumb Code     0  startup_stm32f427xx.o(.text)
    I2C1_EV_IRQHandler                       0x08000297   Thumb Code     0  startup_stm32f427xx.o(.text)
    I2C2_ER_IRQHandler                       0x08000297   Thumb Code     0  startup_stm32f427xx.o(.text)
    I2C2_EV_IRQHandler                       0x08000297   Thumb Code     0  startup_stm32f427xx.o(.text)
    I2C3_ER_IRQHandler                       0x08000297   Thumb Code     0  startup_stm32f427xx.o(.text)
    I2C3_EV_IRQHandler                       0x08000297   Thumb Code     0  startup_stm32f427xx.o(.text)
    OTG_FS_IRQHandler                        0x08000297   Thumb Code     0  startup_stm32f427xx.o(.text)
    OTG_FS_WKUP_IRQHandler                   0x08000297   Thumb Code     0  startup_stm32f427xx.o(.text)
    OTG_HS_EP1_IN_IRQHandler                 0x08000297   Thumb Code     0  startup_stm32f427xx.o(.text)
    OTG_HS_EP1_OUT_IRQHandler                0x08000297   Thumb Code     0  startup_stm32f427xx.o(.text)
    OTG_HS_IRQHandler                        0x08000297   Thumb Code     0  startup_stm32f427xx.o(.text)
    OTG_HS_WKUP_IRQHandler                   0x08000297   Thumb Code     0  startup_stm32f427xx.o(.text)
    PVD_IRQHandler                           0x08000297   Thumb Code     0  startup_stm32f427xx.o(.text)
    RTC_Alarm_IRQHandler                     0x08000297   Thumb Code     0  startup_stm32f427xx.o(.text)
    RTC_WKUP_IRQHandler                      0x08000297   Thumb Code     0  startup_stm32f427xx.o(.text)
    SAI1_IRQHandler                          0x08000297   Thumb Code     0  startup_stm32f427xx.o(.text)
    SDIO_IRQHandler                          0x08000297   Thumb Code     0  startup_stm32f427xx.o(.text)
    SPI1_IRQHandler                          0x08000297   Thumb Code     0  startup_stm32f427xx.o(.text)
    SPI2_IRQHandler                          0x08000297   Thumb Code     0  startup_stm32f427xx.o(.text)
    SPI3_IRQHandler                          0x08000297   Thumb Code     0  startup_stm32f427xx.o(.text)
    SPI4_IRQHandler                          0x08000297   Thumb Code     0  startup_stm32f427xx.o(.text)
    SPI5_IRQHandler                          0x08000297   Thumb Code     0  startup_stm32f427xx.o(.text)
    SPI6_IRQHandler                          0x08000297   Thumb Code     0  startup_stm32f427xx.o(.text)
    TAMP_STAMP_IRQHandler                    0x08000297   Thumb Code     0  startup_stm32f427xx.o(.text)
    TIM1_BRK_TIM9_IRQHandler                 0x08000297   Thumb Code     0  startup_stm32f427xx.o(.text)
    TIM1_CC_IRQHandler                       0x08000297   Thumb Code     0  startup_stm32f427xx.o(.text)
    TIM1_TRG_COM_TIM11_IRQHandler            0x08000297   Thumb Code     0  startup_stm32f427xx.o(.text)
    TIM1_UP_TIM10_IRQHandler                 0x08000297   Thumb Code     0  startup_stm32f427xx.o(.text)
    TIM2_IRQHandler                          0x08000297   Thumb Code     0  startup_stm32f427xx.o(.text)
    TIM4_IRQHandler                          0x08000297   Thumb Code     0  startup_stm32f427xx.o(.text)
    TIM5_IRQHandler                          0x08000297   Thumb Code     0  startup_stm32f427xx.o(.text)
    TIM6_DAC_IRQHandler                      0x08000297   Thumb Code     0  startup_stm32f427xx.o(.text)
    TIM7_IRQHandler                          0x08000297   Thumb Code     0  startup_stm32f427xx.o(.text)
    TIM8_BRK_TIM12_IRQHandler                0x08000297   Thumb Code     0  startup_stm32f427xx.o(.text)
    TIM8_CC_IRQHandler                       0x08000297   Thumb Code     0  startup_stm32f427xx.o(.text)
    TIM8_TRG_COM_TIM14_IRQHandler            0x08000297   Thumb Code     0  startup_stm32f427xx.o(.text)
    TIM8_UP_TIM13_IRQHandler                 0x08000297   Thumb Code     0  startup_stm32f427xx.o(.text)
    UART4_IRQHandler                         0x08000297   Thumb Code     0  startup_stm32f427xx.o(.text)
    UART5_IRQHandler                         0x08000297   Thumb Code     0  startup_stm32f427xx.o(.text)
    UART7_IRQHandler                         0x08000297   Thumb Code     0  startup_stm32f427xx.o(.text)
    UART8_IRQHandler                         0x08000297   Thumb Code     0  startup_stm32f427xx.o(.text)
    USART2_IRQHandler                        0x08000297   Thumb Code     0  startup_stm32f427xx.o(.text)
    USART3_IRQHandler                        0x08000297   Thumb Code     0  startup_stm32f427xx.o(.text)
    WWDG_IRQHandler                          0x08000297   Thumb Code     0  startup_stm32f427xx.o(.text)
    __aeabi_uldivmod                         0x080002a1   Thumb Code    98  uldiv.o(.text)
    __aeabi_memcpy                           0x08000303   Thumb Code    36  memcpya.o(.text)
    __aeabi_memcpy4                          0x08000303   Thumb Code     0  memcpya.o(.text)
    __aeabi_memcpy8                          0x08000303   Thumb Code     0  memcpya.o(.text)
    __aeabi_memset                           0x08000327   Thumb Code    14  memseta.o(.text)
    __aeabi_memset4                          0x08000327   Thumb Code     0  memseta.o(.text)
    __aeabi_memset8                          0x08000327   Thumb Code     0  memseta.o(.text)
    __aeabi_memclr                           0x08000335   Thumb Code     4  memseta.o(.text)
    __aeabi_memclr4                          0x08000335   Thumb Code     0  memseta.o(.text)
    __aeabi_memclr8                          0x08000335   Thumb Code     0  memseta.o(.text)
    _memset$wrapper                          0x08000339   Thumb Code    18  memseta.o(.text)
    __aeabi_dadd                             0x0800034b   Thumb Code   322  dadd.o(.text)
    __aeabi_dsub                             0x0800048d   Thumb Code     6  dadd.o(.text)
    __aeabi_drsub                            0x08000493   Thumb Code     6  dadd.o(.text)
    __aeabi_dmul                             0x08000499   Thumb Code   228  dmul.o(.text)
    __aeabi_i2d                              0x0800057d   Thumb Code    34  dflti.o(.text)
    __aeabi_d2iz                             0x0800059f   Thumb Code    62  dfixi.o(.text)
    __aeabi_f2d                              0x080005dd   Thumb Code    38  f2d.o(.text)
    __aeabi_cdrcmple                         0x08000605   Thumb Code    48  cdrcmple.o(.text)
    __aeabi_d2f                              0x08000635   Thumb Code    56  d2f.o(.text)
    __aeabi_llsl                             0x0800066d   Thumb Code    30  llshl.o(.text)
    _ll_shift_l                              0x0800066d   Thumb Code     0  llshl.o(.text)
    __aeabi_llsr                             0x0800068b   Thumb Code    32  llushr.o(.text)
    _ll_ushift_r                             0x0800068b   Thumb Code     0  llushr.o(.text)
    __aeabi_lasr                             0x080006ab   Thumb Code    36  llsshr.o(.text)
    _ll_sshift_r                             0x080006ab   Thumb Code     0  llsshr.o(.text)
    __I$use$fp                               0x080006cf   Thumb Code     0  iusefp.o(.text)
    _float_round                             0x080006cf   Thumb Code    18  fepilogue.o(.text)
    _float_epilogue                          0x080006e1   Thumb Code    92  fepilogue.o(.text)
    _double_round                            0x0800073d   Thumb Code    30  depilogue.o(.text)
    _double_epilogue                         0x0800075b   Thumb Code   156  depilogue.o(.text)
    __aeabi_ddiv                             0x080007f7   Thumb Code   222  ddiv.o(.text)
    _dsqrt                                   0x080008d5   Thumb Code   162  dsqrt.o(.text)
    __scatterload                            0x08000979   Thumb Code    28  init.o(.text)
    __scatterload_rt2                        0x08000979   Thumb Code     0  init.o(.text)
    __decompress                             0x0800099d   Thumb Code     0  __dczerorl2.o(.text)
    __decompress1                            0x0800099d   Thumb Code    86  __dczerorl2.o(.text)
    BusFault_Handler                         0x080009f3   Thumb Code     2  stm32f4xx_it.o(i.BusFault_Handler)
    CAN1_RX0_IRQHandler                      0x080009f5   Thumb Code     6  stm32f4xx_it.o(i.CAN1_RX0_IRQHandler)
    CAN1_TX_IRQHandler                       0x08000a01   Thumb Code     6  stm32f4xx_it.o(i.CAN1_TX_IRQHandler)
    CAN_Initialize                           0x08000a0d   Thumb Code   128  bsp_can.o(i.CAN_Initialize)
    CanReceiveMsgProcess                     0x08000aad   Thumb Code   106  cantask.o(i.CanReceiveMsgProcess)
    DMA2_Stream2_IRQHandler                  0x08000b2d   Thumb Code     6  stm32f4xx_it.o(i.DMA2_Stream2_IRQHandler)
    DebugMon_Handler                         0x08000bdd   Thumb Code     2  stm32f4xx_it.o(i.DebugMon_Handler)
    EncoderProcess                           0x08000be1   Thumb Code   210  encoder.o(i.EncoderProcess)
    GetEncoderBias                           0x08000cc1   Thumb Code    22  encoder.o(i.GetEncoderBias)
    HAL_CAN_ActivateNotification             0x08000cd7   Thumb Code    40  stm32f4xx_hal_can.o(i.HAL_CAN_ActivateNotification)
    HAL_CAN_AddTxMessage                     0x08000cff   Thumb Code   200  stm32f4xx_hal_can.o(i.HAL_CAN_AddTxMessage)
    HAL_CAN_ConfigFilter                     0x08000dc9   Thumb Code   262  stm32f4xx_hal_can.o(i.HAL_CAN_ConfigFilter)
    HAL_CAN_ErrorCallback                    0x08000ed5   Thumb Code     2  stm32f4xx_hal_can.o(i.HAL_CAN_ErrorCallback)
    HAL_CAN_GetRxFifoFillLevel               0x08000ed7   Thumb Code    36  stm32f4xx_hal_can.o(i.HAL_CAN_GetRxFifoFillLevel)
    HAL_CAN_GetRxMessage                     0x08000efb   Thumb Code   250  stm32f4xx_hal_can.o(i.HAL_CAN_GetRxMessage)
    HAL_CAN_IRQHandler                       0x08000ff5   Thumb Code   508  stm32f4xx_hal_can.o(i.HAL_CAN_IRQHandler)
    HAL_CAN_Init                             0x080011f1   Thumb Code   282  stm32f4xx_hal_can.o(i.HAL_CAN_Init)
    HAL_CAN_MspInit                          0x0800130d   Thumb Code    92  can.o(i.HAL_CAN_MspInit)
    HAL_CAN_RxFifo0FullCallback              0x08001375   Thumb Code     2  stm32f4xx_hal_can.o(i.HAL_CAN_RxFifo0FullCallback)
    HAL_CAN_RxFifo0MsgPendingCallback        0x08001377   Thumb Code     2  stm32f4xx_hal_can.o(i.HAL_CAN_RxFifo0MsgPendingCallback)
    HAL_CAN_RxFifo1FullCallback              0x08001379   Thumb Code     2  stm32f4xx_hal_can.o(i.HAL_CAN_RxFifo1FullCallback)
    HAL_CAN_RxFifo1MsgPendingCallback        0x0800137b   Thumb Code     2  stm32f4xx_hal_can.o(i.HAL_CAN_RxFifo1MsgPendingCallback)
    HAL_CAN_SleepCallback                    0x0800137d   Thumb Code     2  stm32f4xx_hal_can.o(i.HAL_CAN_SleepCallback)
    HAL_CAN_Start                            0x08001381   Thumb Code    88  stm32f4xx_hal_can.o(i.HAL_CAN_Start)
    HAL_CAN_TxMailbox0AbortCallback          0x080013d9   Thumb Code     2  stm32f4xx_hal_can.o(i.HAL_CAN_TxMailbox0AbortCallback)
    HAL_CAN_TxMailbox0CompleteCallback       0x080013db   Thumb Code     2  stm32f4xx_hal_can.o(i.HAL_CAN_TxMailbox0CompleteCallback)
    HAL_CAN_TxMailbox1AbortCallback          0x080013dd   Thumb Code     2  stm32f4xx_hal_can.o(i.HAL_CAN_TxMailbox1AbortCallback)
    HAL_CAN_TxMailbox1CompleteCallback       0x080013df   Thumb Code     2  stm32f4xx_hal_can.o(i.HAL_CAN_TxMailbox1CompleteCallback)
    HAL_CAN_TxMailbox2AbortCallback          0x080013e1   Thumb Code     2  stm32f4xx_hal_can.o(i.HAL_CAN_TxMailbox2AbortCallback)
    HAL_CAN_TxMailbox2CompleteCallback       0x080013e3   Thumb Code     2  stm32f4xx_hal_can.o(i.HAL_CAN_TxMailbox2CompleteCallback)
    HAL_CAN_WakeUpFromRxMsgCallback          0x080013e5   Thumb Code     2  stm32f4xx_hal_can.o(i.HAL_CAN_WakeUpFromRxMsgCallback)
    HAL_DMA_Abort_IT                         0x080013e7   Thumb Code    36  stm32f4xx_hal_dma.o(i.HAL_DMA_Abort_IT)
    HAL_DMA_IRQHandler                       0x0800140d   Thumb Code   412  stm32f4xx_hal_dma.o(i.HAL_DMA_IRQHandler)
    HAL_DMA_Init                             0x080015ad   Thumb Code   206  stm32f4xx_hal_dma.o(i.HAL_DMA_Init)
    HAL_DMA_Start                            0x08001681   Thumb Code    70  stm32f4xx_hal_dma.o(i.HAL_DMA_Start)
    HAL_Delay                                0x080016c9   Thumb Code    32  stm32f4xx_hal.o(i.HAL_Delay)
    HAL_GPIO_Init                            0x080016ed   Thumb Code   408  stm32f4xx_hal_gpio.o(i.HAL_GPIO_Init)
    HAL_GPIO_WritePin                        0x080018b9   Thumb Code    10  stm32f4xx_hal_gpio.o(i.HAL_GPIO_WritePin)
    HAL_GetTick                              0x080018c5   Thumb Code     6  stm32f4xx_hal.o(i.HAL_GetTick)
    HAL_IncTick                              0x080018d1   Thumb Code    12  stm32f4xx_hal.o(i.HAL_IncTick)
    HAL_Init                                 0x080018e1   Thumb Code    48  stm32f4xx_hal.o(i.HAL_Init)
    HAL_InitTick                             0x08001915   Thumb Code   100  stm32f4xx_hal_timebase_tim.o(i.HAL_InitTick)
    HAL_MspInit                              0x08001989   Thumb Code   142  stm32f4xx_hal_msp.o(i.HAL_MspInit)
    HAL_NVIC_EnableIRQ                       0x08001a1d   Thumb Code    22  stm32f4xx_hal_cortex.o(i.HAL_NVIC_EnableIRQ)
    HAL_NVIC_SetPriority                     0x08001a35   Thumb Code    60  stm32f4xx_hal_cortex.o(i.HAL_NVIC_SetPriority)
    HAL_NVIC_SetPriorityGrouping             0x08001a75   Thumb Code    26  stm32f4xx_hal_cortex.o(i.HAL_NVIC_SetPriorityGrouping)
    HAL_RCC_ClockConfig                      0x08001a99   Thumb Code   286  stm32f4xx_hal_rcc.o(i.HAL_RCC_ClockConfig)
    HAL_RCC_GetClockConfig                   0x08001bc9   Thumb Code    54  stm32f4xx_hal_rcc.o(i.HAL_RCC_GetClockConfig)
    HAL_RCC_GetHCLKFreq                      0x08001c09   Thumb Code     6  stm32f4xx_hal_rcc.o(i.HAL_RCC_GetHCLKFreq)
    HAL_RCC_GetPCLK1Freq                     0x08001c15   Thumb Code    20  stm32f4xx_hal_rcc.o(i.HAL_RCC_GetPCLK1Freq)
    HAL_RCC_GetPCLK2Freq                     0x08001c35   Thumb Code    20  stm32f4xx_hal_rcc.o(i.HAL_RCC_GetPCLK2Freq)
    HAL_RCC_GetSysClockFreq                  0x08001c55   Thumb Code    88  stm32f4xx_hal_rcc.o(i.HAL_RCC_GetSysClockFreq)
    HAL_RCC_OscConfig                        0x08001cb9   Thumb Code   770  stm32f4xx_hal_rcc.o(i.HAL_RCC_OscConfig)
    HAL_SPI_Init                             0x08001fd5   Thumb Code   128  stm32f4xx_hal_spi.o(i.HAL_SPI_Init)
    HAL_SPI_MspInit                          0x08002055   Thumb Code    64  spi.o(i.HAL_SPI_MspInit)
    HAL_SPI_TransmitReceive                  0x080020a1   Thumb Code   472  stm32f4xx_hal_spi.o(i.HAL_SPI_TransmitReceive)
    HAL_SYSTICK_CLKSourceConfig              0x08002279   Thumb Code    24  stm32f4xx_hal_cortex.o(i.HAL_SYSTICK_CLKSourceConfig)
    HAL_SYSTICK_Config                       0x08002291   Thumb Code    40  stm32f4xx_hal_cortex.o(i.HAL_SYSTICK_Config)
    HAL_TIMEx_BreakCallback                  0x080022b9   Thumb Code     2  stm32f4xx_hal_tim_ex.o(i.HAL_TIMEx_BreakCallback)
    HAL_TIMEx_CommutationCallback            0x080022bb   Thumb Code     2  stm32f4xx_hal_tim_ex.o(i.HAL_TIMEx_CommutationCallback)
    HAL_TIMEx_MasterConfigSynchronization    0x080022bd   Thumb Code    80  stm32f4xx_hal_tim_ex.o(i.HAL_TIMEx_MasterConfigSynchronization)
    HAL_TIM_Base_Init                        0x0800230d   Thumb Code    54  stm32f4xx_hal_tim.o(i.HAL_TIM_Base_Init)
    HAL_TIM_Base_MspInit                     0x08002343   Thumb Code     2  stm32f4xx_hal_tim.o(i.HAL_TIM_Base_MspInit)
    HAL_TIM_Base_Start_IT                    0x08002345   Thumb Code    24  stm32f4xx_hal_tim.o(i.HAL_TIM_Base_Start_IT)
    HAL_TIM_IC_CaptureCallback               0x0800235d   Thumb Code     2  stm32f4xx_hal_tim.o(i.HAL_TIM_IC_CaptureCallback)
    HAL_TIM_IRQHandler                       0x0800235f   Thumb Code   358  stm32f4xx_hal_tim.o(i.HAL_TIM_IRQHandler)
    HAL_TIM_MspPostInit                      0x080024c5   Thumb Code    76  gun.o(i.HAL_TIM_MspPostInit)
    HAL_TIM_OC_DelayElapsedCallback          0x08002525   Thumb Code     2  stm32f4xx_hal_tim.o(i.HAL_TIM_OC_DelayElapsedCallback)
    HAL_TIM_PWM_ConfigChannel                0x08002527   Thumb Code   208  stm32f4xx_hal_tim.o(i.HAL_TIM_PWM_ConfigChannel)
    HAL_TIM_PWM_Init                         0x080025f7   Thumb Code    54  stm32f4xx_hal_tim.o(i.HAL_TIM_PWM_Init)
    HAL_TIM_PWM_MspInit                      0x0800262d   Thumb Code    30  gun.o(i.HAL_TIM_PWM_MspInit)
    HAL_TIM_PWM_PulseFinishedCallback        0x08002655   Thumb Code     2  stm32f4xx_hal_tim.o(i.HAL_TIM_PWM_PulseFinishedCallback)
    HAL_TIM_PWM_Start                        0x08002659   Thumb Code    48  stm32f4xx_hal_tim.o(i.HAL_TIM_PWM_Start)
    HAL_TIM_PeriodElapsedCallback            0x08002691   Thumb Code    14  main.o(i.HAL_TIM_PeriodElapsedCallback)
    HAL_TIM_TriggerCallback                  0x080026a5   Thumb Code     2  stm32f4xx_hal_tim.o(i.HAL_TIM_TriggerCallback)
    HAL_UART_ErrorCallback                   0x080026a7   Thumb Code     2  stm32f4xx_hal_uart.o(i.HAL_UART_ErrorCallback)
    HAL_UART_IRQHandler                      0x080026a9   Thumb Code   266  stm32f4xx_hal_uart.o(i.HAL_UART_IRQHandler)
    HAL_UART_Init                            0x080027b9   Thumb Code    98  stm32f4xx_hal_uart.o(i.HAL_UART_Init)
    HAL_UART_MspInit                         0x0800281d   Thumb Code   192  usart.o(i.HAL_UART_MspInit)
    HAL_UART_RxCpltCallback                  0x08002909   Thumb Code     2  stm32f4xx_hal_uart.o(i.HAL_UART_RxCpltCallback)
    HAL_UART_TxCpltCallback                  0x0800290b   Thumb Code     2  stm32f4xx_hal_uart.o(i.HAL_UART_TxCpltCallback)
    HardFault_Handler                        0x0800290d   Thumb Code     2  stm32f4xx_it.o(i.HardFault_Handler)
    MX_CAN1_Init                             0x08002911   Thumb Code    64  can.o(i.MX_CAN1_Init)
    MX_DMA_Init                              0x08002969   Thumb Code    40  dma.o(i.MX_DMA_Init)
    MX_FREERTOS_Init                         0x08002995   Thumb Code    42  freertos.o(i.MX_FREERTOS_Init)
    MX_GPIO_Init                             0x080029c9   Thumb Code   194  gpio.o(i.MX_GPIO_Init)
    MX_SPI5_Init                             0x08002a99   Thumb Code    66  spi.o(i.MX_SPI5_Init)
    MX_TIM4_Init                             0x08002aed   Thumb Code   102  gun.o(i.MX_TIM4_Init)
    MX_USART1_UART_Init                      0x08002b6d   Thumb Code    54  usart.o(i.MX_USART1_UART_Init)
    MX_USART6_UART_Init                      0x08002bc1   Thumb Code    52  usart.o(i.MX_USART6_UART_Init)
    MemManage_Handler                        0x08002c0d   Thumb Code     2  stm32f4xx_it.o(i.MemManage_Handler)
    NMI_Handler                              0x08002c0f   Thumb Code     2  stm32f4xx_it.o(i.NMI_Handler)
    PID_Calc                                 0x08002c31   Thumb Code   120  pid.o(i.PID_Calc)
    PID_Calc_Step                            0x08002ca9   Thumb Code   180  pid.o(i.PID_Calc_Step)
    PID_Reset                                0x08002d69   Thumb Code    18  pid.o(i.PID_Reset)
    RCC_IRQHandler                           0x08002d81   Thumb Code     2  stm32f4xx_it.o(i.RCC_IRQHandler)
    StartDefaultTask                         0x08002e39   Thumb Code     8  freertos.o(i.StartDefaultTask)
    SysTick_Handler                          0x08002e41   Thumb Code     4  stm32f4xx_it.o(i.SysTick_Handler)
    SystemClock_Config                       0x08002e45   Thumb Code   150  main.o(i.SystemClock_Config)
    SystemInit                               0x08002ee5   Thumb Code    66  system_stm32f4xx.o(i.SystemInit)
    TIM3_IRQHandler                          0x08002f39   Thumb Code     6  stm32f4xx_it.o(i.TIM3_IRQHandler)
    TIM_Base_SetConfig                       0x08002f45   Thumb Code   148  stm32f4xx_hal_tim.o(i.TIM_Base_SetConfig)
    TIM_CCxChannelCmd                        0x08003005   Thumb Code    22  stm32f4xx_hal_tim.o(i.TIM_CCxChannelCmd)
    TIM_OC2_SetConfig                        0x08003075   Thumb Code    90  stm32f4xx_hal_tim.o(i.TIM_OC2_SetConfig)
    USART1_IRQHandler                        0x08003551   Thumb Code    18  stm32f4xx_it.o(i.USART1_IRQHandler)
    USART6_IRQHandler                        0x08003569   Thumb Code     6  stm32f4xx_it.o(i.USART6_IRQHandler)
    UsageFault_Handler                       0x08003575   Thumb Code     2  stm32f4xx_it.o(i.UsageFault_Handler)
    _Error_Handler                           0x08003577   Thumb Code     2  main.o(i._Error_Handler)
    __ARM_fpclassify                         0x08003579   Thumb Code    48  fpclassify.o(i.__ARM_fpclassify)
    __hardfp_asin                            0x080035a9   Thumb Code   770  asin.o(i.__hardfp_asin)
    __hardfp_atan                            0x08003909   Thumb Code   622  atan.o(i.__hardfp_atan)
    __hardfp_atan2                           0x08003be1   Thumb Code   432  atan2.o(i.__hardfp_atan2)
    __hardfp_fabs                            0x08003dd1   Thumb Code    20  fabs.o(i.__hardfp_fabs)
    __hardfp_sqrt                            0x08003de5   Thumb Code   122  sqrt.o(i.__hardfp_sqrt)
    __kernel_poly                            0x08003e5f   Thumb Code   248  poly.o(i.__kernel_poly)
    __mathlib_dbl_infnan                     0x08003f57   Thumb Code    20  dunder.o(i.__mathlib_dbl_infnan)
    __mathlib_dbl_infnan2                    0x08003f6b   Thumb Code    20  dunder.o(i.__mathlib_dbl_infnan2)
    __mathlib_dbl_invalid                    0x08003f81   Thumb Code    24  dunder.o(i.__mathlib_dbl_invalid)
    __mathlib_dbl_underflow                  0x08003fa1   Thumb Code    24  dunder.o(i.__mathlib_dbl_underflow)
    __scatterload_copy                       0x08003fc1   Thumb Code    14  handlers.o(i.__scatterload_copy)
    __scatterload_null                       0x08003fcf   Thumb Code     2  handlers.o(i.__scatterload_null)
    __scatterload_zeroinit                   0x08003fd1   Thumb Code    14  handlers.o(i.__scatterload_zeroinit)
    __set_errno                              0x08003fe1   Thumb Code     6  errno.o(i.__set_errno)
    atan                                     0x08003fed   Thumb Code    16  atan.o(i.atan)
    can_task                                 0x08003ffd   Thumb Code    48  cantask.o(i.can_task)
    chassis_remoteControl                    0x08004039   Thumb Code   594  chassistask.o(i.chassis_remoteControl)
    chassis_task                             0x080042ad   Thumb Code    26  chassistask.o(i.chassis_task)
    create_CAN_Task                          0x080042d1   Thumb Code    30  cantask.o(i.create_CAN_Task)
    create_IMU_Task                          0x080042f9   Thumb Code    30  imu_task.o(i.create_IMU_Task)
    create_chassis_Task                      0x08004321   Thumb Code    30  chassistask.o(i.create_chassis_Task)
    dbus_uart_init                           0x08004349   Thumb Code    64  bsp_uart.o(i.dbus_uart_init)
    fabs                                     0x08004391   Thumb Code    24  fabs.o(i.fabs)
    gun_init                                 0x080043a9   Thumb Code    46  gun.o(i.gun_init)
    imu_ahrs_update                          0x080043dd   Thumb Code  1194  bsp_imu.o(i.imu_ahrs_update)
    imu_attitude_update                      0x08004889   Thumb Code   346  bsp_imu.o(i.imu_attitude_update)
    imu_getdata                              0x080049fd   Thumb Code    18  imu_task.o(i.imu_getdata)
    imu_init                                 0x08004a11   Thumb Code   170  imu_task.o(i.imu_init)
    imu_task                                 0x08004ac5   Thumb Code    22  imu_task.o(i.imu_task)
    init_quaternion                          0x08004ae9   Thumb Code   360  bsp_imu.o(i.init_quaternion)
    inv_sqrt                                 0x08004cb5   Thumb Code    40  bsp_imu.o(i.inv_sqrt)
    ist8310_get_data                         0x08004ce1   Thumb Code    10  bsp_imu.o(i.ist8310_get_data)
    ist8310_init                             0x08004ceb   Thumb Code   256  bsp_imu.o(i.ist8310_init)
    main                                     0x08004e65   Thumb Code    74  main.o(i.main)
    mpu_device_init                          0x08004ebd   Thumb Code    90  bsp_imu.o(i.mpu_device_init)
    mpu_get_data                             0x08004f21   Thumb Code   234  bsp_imu.o(i.mpu_get_data)
    mpu_offset_call                          0x080050b1   Thumb Code   160  bsp_imu.o(i.mpu_offset_call)
    mpu_read_byte                            0x08005155   Thumb Code    68  bsp_imu.o(i.mpu_read_byte)
    mpu_read_bytes                           0x080051a5   Thumb Code    80  bsp_imu.o(i.mpu_read_bytes)
    mpu_set_accel_fsr                        0x08005201   Thumb Code    10  bsp_imu.o(i.mpu_set_accel_fsr)
    mpu_set_gyro_fsr                         0x0800520b   Thumb Code    10  bsp_imu.o(i.mpu_set_gyro_fsr)
    mpu_write_byte                           0x08005215   Thumb Code    72  bsp_imu.o(i.mpu_write_byte)
    osDelay                                  0x08005269   Thumb Code    14  cmsis_os.o(i.osDelay)
    osDelayUntil                             0x08005277   Thumb Code     4  cmsis_os.o(i.osDelayUntil)
    osKernelStart                            0x0800527b   Thumb Code    10  cmsis_os.o(i.osKernelStart)
    osKernelSysTick                          0x08005285   Thumb Code    24  cmsis_os.o(i.osKernelSysTick)
    osSystickHandler                         0x0800529d   Thumb Code    20  cmsis_os.o(i.osSystickHandler)
    osThreadCreate                           0x080052b1   Thumb Code    46  cmsis_os.o(i.osThreadCreate)
    pvPortMalloc                             0x0800561d   Thumb Code   210  heap_4.o(i.pvPortMalloc)
    pxPortInitialiseStack                    0x080056f5   Thumb Code    40  port.o(i.pxPortInitialiseStack)
    rc_callback_handler                      0x08005721   Thumb Code   226  bsp_uart.o(i.rc_callback_handler)
    rc_dealler                               0x08005805   Thumb Code   246  bsp_uart.o(i.rc_dealler)
    send_Chassis_Msg                         0x08005919   Thumb Code    74  chassistask.o(i.send_Chassis_Msg)
    sqrt                                     0x08005969   Thumb Code   110  sqrt.o(i.sqrt)
    uart_receive_handler                     0x080059d9   Thumb Code    86  bsp_uart.o(i.uart_receive_handler)
    user_pwm_setvalue_friction1              0x08005a39   Thumb Code    38  gun.o(i.user_pwm_setvalue_friction1)
    uxListRemove                             0x08005a65   Thumb Code    36  list.o(i.uxListRemove)
    vListInitialise                          0x08005a89   Thumb Code    22  list.o(i.vListInitialise)
    vListInitialiseItem                      0x08005a9f   Thumb Code     6  list.o(i.vListInitialiseItem)
    vListInsert                              0x08005aa5   Thumb Code    48  list.o(i.vListInsert)
    vListInsertEnd                           0x08005ad5   Thumb Code    24  list.o(i.vListInsertEnd)
    vPortEnterCritical                       0x08005aed   Thumb Code    54  port.o(i.vPortEnterCritical)
    vPortExitCritical                        0x08005b2d   Thumb Code    34  port.o(i.vPortExitCritical)
    vPortFree                                0x08005b55   Thumb Code    88  heap_4.o(i.vPortFree)
    vPortSetupTimerInterrupt                 0x08005bb1   Thumb Code    26  port.o(i.vPortSetupTimerInterrupt)
    vPortValidateInterruptPriority           0x08005bd1   Thumb Code    74  port.o(i.vPortValidateInterruptPriority)
    vTaskDelay                               0x08005c25   Thumb Code    66  tasks.o(i.vTaskDelay)
    vTaskStartScheduler                      0x08005c71   Thumb Code    86  tasks.o(i.vTaskStartScheduler)
    vTaskSuspendAll                          0x08005cd9   Thumb Code    10  tasks.o(i.vTaskSuspendAll)
    vTaskSwitchContext                       0x08005ce9   Thumb Code    82  tasks.o(i.vTaskSwitchContext)
    xPortStartScheduler                      0x08005d45   Thumb Code   202  port.o(i.xPortStartScheduler)
    xPortSysTickHandler                      0x08005e25   Thumb Code    38  port.o(i.xPortSysTickHandler)
    xTaskCreate                              0x08005e51   Thumb Code    86  tasks.o(i.xTaskCreate)
    xTaskGetSchedulerState                   0x08005ea9   Thumb Code    22  tasks.o(i.xTaskGetSchedulerState)
    xTaskGetTickCount                        0x08005ec5   Thumb Code     6  tasks.o(i.xTaskGetTickCount)
    xTaskGetTickCountFromISR                 0x08005ed1   Thumb Code    12  tasks.o(i.xTaskGetTickCountFromISR)
    xTaskIncrementTick                       0x08005ee1   Thumb Code   192  tasks.o(i.xTaskIncrementTick)
    xTaskResumeAll                           0x08005fa9   Thumb Code   182  tasks.o(i.xTaskResumeAll)
    AHBPrescTable                            0x08006088   Data          16  system_stm32f4xx.o(.constdata)
    APBPrescTable                            0x08006098   Data           8  system_stm32f4xx.o(.constdata)
    __mathlib_zero                           0x080061d8   Data           8  qnan.o(.constdata)
    Region$$Table$$Base                      0x08006200   Number         0  anon$$obj.o(Region$$Table)
    Region$$Table$$Limit                     0x08006220   Number         0  anon$$obj.o(Region$$Table)
    defaultTaskHandle                        0x20000000   Data           4  freertos.o(.data)
    uwTickFreq                               0x20000004   Data           1  stm32f4xx_hal.o(.data)
    uwTickPrio                               0x20000008   Data           4  stm32f4xx_hal.o(.data)
    uwTick                                   0x2000000c   Data           4  stm32f4xx_hal.o(.data)
    SystemCoreClock                          0x20000010   Data           4  system_stm32f4xx.o(.data)
    pxCurrentTCB                             0x20000038   Data           4  tasks.o(.data)
    chassis_ref                              0x20000074   Data           6  bsp_uart.o(.data)
    id                                       0x2000007e   Data           1  bsp_imu.o(.data)
    q0                                       0x20000080   Data           4  bsp_imu.o(.data)
    q1                                       0x20000084   Data           4  bsp_imu.o(.data)
    q2                                       0x20000088   Data           4  bsp_imu.o(.data)
    q3                                       0x2000008c   Data           4  bsp_imu.o(.data)
    exInt                                    0x20000090   Data           4  bsp_imu.o(.data)
    eyInt                                    0x20000094   Data           4  bsp_imu.o(.data)
    ezInt                                    0x20000098   Data           4  bsp_imu.o(.data)
    last_update                              0x200000c0   Data           4  bsp_imu.o(.data)
    now_update                               0x200000c4   Data           4  bsp_imu.o(.data)
    ist_buff                                 0x200000c8   Data           6  bsp_imu.o(.data)
    chassisHandle                            0x200000dc   Data           4  chassistask.o(.data)
    CM1SpeedPID                              0x200000e0   Data          72  chassistask.o(.data)
    CM2SpeedPID                              0x20000128   Data          72  chassistask.o(.data)
    CM3SpeedPID                              0x20000170   Data          72  chassistask.o(.data)
    CM4SpeedPID                              0x200001b8   Data          72  chassistask.o(.data)
    can_count                                0x20000200   Data           4  cantask.o(.data)
    canHandle                                0x20000204   Data           4  cantask.o(.data)
    canRxMsg                                 0x20000208   Data           8  cantask.o(.data)
    imuHandle                                0x20000210   Data           4  imu_task.o(.data)
    offset                                   0x20000214   Data           6  imu_task.o(.data)
    hcan1                                    0x20000220   Data          40  can.o(.bss)
    huart1                                   0x20000248   Data          64  usart.o(.bss)
    huart6                                   0x20000288   Data          64  usart.o(.bss)
    hdma_usart1_rx                           0x200002c8   Data          96  usart.o(.bss)
    htim3                                    0x20000328   Data          60  stm32f4xx_hal_timebase_tim.o(.bss)
    hspi5                                    0x20000364   Data          88  spi.o(.bss)
    htim4                                    0x200003bc   Data          60  gun.o(.bss)
    can1TxHeader0                            0x200040e8   Data          24  bsp_can.o(.bss)
    can1TxHeader1                            0x20004100   Data          24  bsp_can.o(.bss)
    can1Filter                               0x20004118   Data          40  bsp_can.o(.bss)
    dbus_buf                                 0x20004140   Data          18  bsp_uart.o(.bss)
    rc                                       0x20004152   Data          25  bsp_uart.o(.bss)
    imu                                      0x2000416c   Data          52  bsp_imu.o(.bss)
    mpu_buff                                 0x200041a0   Data          14  bsp_imu.o(.bss)
    mpu_data                                 0x200041ae   Data          32  bsp_imu.o(.bss)
    CM1Encoder                               0x200041d0   Data          76  chassistask.o(.bss)
    CM2Encoder                               0x2000421c   Data          76  chassistask.o(.bss)
    CM3Encoder                               0x20004268   Data          76  chassistask.o(.bss)
    CM4Encoder                               0x200042b4   Data          76  chassistask.o(.bss)
    can1RxHeader                             0x20004300   Data          28  cantask.o(.bss)
    __initial_sp                             0x20004720   Data           0  startup_stm32f427xx.o(STACK)



==============================================================================

Memory Map of the image

  Image Entry point : 0x080001ad

  Load Region LR_IROM1 (Base: 0x08000000, Size: 0x00006440, Max: 0x00200000, ABSOLUTE, COMPRESSED[0x0000624c])

    Execution Region ER_IROM1 (Exec base: 0x08000000, Load base: 0x08000000, Size: 0x00006220, Max: 0x00200000, ABSOLUTE)

    Exec Addr    Load Addr    Size         Type   Attr      Idx    E Section Name        Object

    0x08000000   0x08000000   0x000001ac   Data   RO            3    RESET               startup_stm32f427xx.o
    0x080001ac   0x080001ac   0x00000000   Code   RO         5355  * .ARM.Collect$$$$00000000  mc_w.l(entry.o)
    0x080001ac   0x080001ac   0x00000004   Code   RO         5413    .ARM.Collect$$$$00000001  mc_w.l(entry2.o)
    0x080001b0   0x080001b0   0x00000004   Code   RO         5416    .ARM.Collect$$$$00000004  mc_w.l(entry5.o)
    0x080001b4   0x080001b4   0x00000000   Code   RO         5418    .ARM.Collect$$$$00000008  mc_w.l(entry7b.o)
    0x080001b4   0x080001b4   0x00000000   Code   RO         5420    .ARM.Collect$$$$0000000A  mc_w.l(entry8b.o)
    0x080001b4   0x080001b4   0x00000008   Code   RO         5421    .ARM.Collect$$$$0000000B  mc_w.l(entry9a.o)
    0x080001bc   0x080001bc   0x00000000   Code   RO         5423    .ARM.Collect$$$$0000000D  mc_w.l(entry10a.o)
    0x080001bc   0x080001bc   0x00000000   Code   RO         5425    .ARM.Collect$$$$0000000F  mc_w.l(entry11a.o)
    0x080001bc   0x080001bc   0x00000004   Code   RO         5414    .ARM.Collect$$$$00002712  mc_w.l(entry2.o)
    0x080001c0   0x080001c0   0x000000ba   Code   RO         3729    .emb_text           port.o
    0x0800027a   0x0800027a   0x00000002   PAD
    0x0800027c   0x0800027c   0x00000024   Code   RO            4    .text               startup_stm32f427xx.o
    0x080002a0   0x080002a0   0x00000062   Code   RO         5358    .text               mc_w.l(uldiv.o)
    0x08000302   0x08000302   0x00000024   Code   RO         5360    .text               mc_w.l(memcpya.o)
    0x08000326   0x08000326   0x00000024   Code   RO         5362    .text               mc_w.l(memseta.o)
    0x0800034a   0x0800034a   0x0000014e   Code   RO         5366    .text               mf_w.l(dadd.o)
    0x08000498   0x08000498   0x000000e4   Code   RO         5368    .text               mf_w.l(dmul.o)
    0x0800057c   0x0800057c   0x00000022   Code   RO         5370    .text               mf_w.l(dflti.o)
    0x0800059e   0x0800059e   0x0000003e   Code   RO         5372    .text               mf_w.l(dfixi.o)
    0x080005dc   0x080005dc   0x00000026   Code   RO         5374    .text               mf_w.l(f2d.o)
    0x08000602   0x08000602   0x00000002   PAD
    0x08000604   0x08000604   0x00000030   Code   RO         5376    .text               mf_w.l(cdrcmple.o)
    0x08000634   0x08000634   0x00000038   Code   RO         5378    .text               mf_w.l(d2f.o)
    0x0800066c   0x0800066c   0x0000001e   Code   RO         5427    .text               mc_w.l(llshl.o)
    0x0800068a   0x0800068a   0x00000020   Code   RO         5429    .text               mc_w.l(llushr.o)
    0x080006aa   0x080006aa   0x00000024   Code   RO         5431    .text               mc_w.l(llsshr.o)
    0x080006ce   0x080006ce   0x00000000   Code   RO         5440    .text               mc_w.l(iusefp.o)
    0x080006ce   0x080006ce   0x0000006e   Code   RO         5441    .text               mf_w.l(fepilogue.o)
    0x0800073c   0x0800073c   0x000000ba   Code   RO         5443    .text               mf_w.l(depilogue.o)
    0x080007f6   0x080007f6   0x000000de   Code   RO         5445    .text               mf_w.l(ddiv.o)
    0x080008d4   0x080008d4   0x000000a2   Code   RO         5449    .text               mf_w.l(dsqrt.o)
    0x08000976   0x08000976   0x00000002   PAD
    0x08000978   0x08000978   0x00000024   Code   RO         5453    .text               mc_w.l(init.o)
    0x0800099c   0x0800099c   0x00000056   Code   RO         5463    .text               mc_w.l(__dczerorl2.o)
    0x080009f2   0x080009f2   0x00000002   Code   RO          456    i.BusFault_Handler  stm32f4xx_it.o
    0x080009f4   0x080009f4   0x0000000c   Code   RO          457    i.CAN1_RX0_IRQHandler  stm32f4xx_it.o
    0x08000a00   0x08000a00   0x0000000c   Code   RO          458    i.CAN1_TX_IRQHandler  stm32f4xx_it.o
    0x08000a0c   0x08000a0c   0x000000a0   Code   RO         4740    i.CAN_Initialize    bsp_can.o
    0x08000aac   0x08000aac   0x00000080   Code   RO         5077    i.CanReceiveMsgProcess  cantask.o
    0x08000b2c   0x08000b2c   0x0000000c   Code   RO          459    i.DMA2_Stream2_IRQHandler  stm32f4xx_it.o
    0x08000b38   0x08000b38   0x00000028   Code   RO         2687    i.DMA_CalcBaseAndBitshift  stm32f4xx_hal_dma.o
    0x08000b60   0x08000b60   0x00000054   Code   RO         2688    i.DMA_CheckFifoParam  stm32f4xx_hal_dma.o
    0x08000bb4   0x08000bb4   0x00000028   Code   RO         2689    i.DMA_SetConfig     stm32f4xx_hal_dma.o
    0x08000bdc   0x08000bdc   0x00000002   Code   RO          460    i.DebugMon_Handler  stm32f4xx_it.o
    0x08000bde   0x08000bde   0x00000002   PAD
    0x08000be0   0x08000be0   0x000000e0   Code   RO         5280    i.EncoderProcess    encoder.o
    0x08000cc0   0x08000cc0   0x00000016   Code   RO         5281    i.GetEncoderBias    encoder.o
    0x08000cd6   0x08000cd6   0x00000028   Code   RO          738    i.HAL_CAN_ActivateNotification  stm32f4xx_hal_can.o
    0x08000cfe   0x08000cfe   0x000000c8   Code   RO          739    i.HAL_CAN_AddTxMessage  stm32f4xx_hal_can.o
    0x08000dc6   0x08000dc6   0x00000002   PAD
    0x08000dc8   0x08000dc8   0x0000010c   Code   RO          740    i.HAL_CAN_ConfigFilter  stm32f4xx_hal_can.o
    0x08000ed4   0x08000ed4   0x00000002   Code   RO          743    i.HAL_CAN_ErrorCallback  stm32f4xx_hal_can.o
    0x08000ed6   0x08000ed6   0x00000024   Code   RO          745    i.HAL_CAN_GetRxFifoFillLevel  stm32f4xx_hal_can.o
    0x08000efa   0x08000efa   0x000000fa   Code   RO          746    i.HAL_CAN_GetRxMessage  stm32f4xx_hal_can.o
    0x08000ff4   0x08000ff4   0x000001fc   Code   RO          750    i.HAL_CAN_IRQHandler  stm32f4xx_hal_can.o
    0x080011f0   0x080011f0   0x0000011a   Code   RO          751    i.HAL_CAN_Init      stm32f4xx_hal_can.o
    0x0800130a   0x0800130a   0x00000002   PAD
    0x0800130c   0x0800130c   0x00000068   Code   RO          278    i.HAL_CAN_MspInit   can.o
    0x08001374   0x08001374   0x00000002   Code   RO          758    i.HAL_CAN_RxFifo0FullCallback  stm32f4xx_hal_can.o
    0x08001376   0x08001376   0x00000002   Code   RO          759    i.HAL_CAN_RxFifo0MsgPendingCallback  stm32f4xx_hal_can.o
    0x08001378   0x08001378   0x00000002   Code   RO          760    i.HAL_CAN_RxFifo1FullCallback  stm32f4xx_hal_can.o
    0x0800137a   0x0800137a   0x00000002   Code   RO          761    i.HAL_CAN_RxFifo1MsgPendingCallback  stm32f4xx_hal_can.o
    0x0800137c   0x0800137c   0x00000002   Code   RO          762    i.HAL_CAN_SleepCallback  stm32f4xx_hal_can.o
    0x0800137e   0x0800137e   0x00000002   PAD
    0x08001380   0x08001380   0x00000058   Code   RO          763    i.HAL_CAN_Start     stm32f4xx_hal_can.o
    0x080013d8   0x080013d8   0x00000002   Code   RO          765    i.HAL_CAN_TxMailbox0AbortCallback  stm32f4xx_hal_can.o
    0x080013da   0x080013da   0x00000002   Code   RO          766    i.HAL_CAN_TxMailbox0CompleteCallback  stm32f4xx_hal_can.o
    0x080013dc   0x080013dc   0x00000002   Code   RO          767    i.HAL_CAN_TxMailbox1AbortCallback  stm32f4xx_hal_can.o
    0x080013de   0x080013de   0x00000002   Code   RO          768    i.HAL_CAN_TxMailbox1CompleteCallback  stm32f4xx_hal_can.o
    0x080013e0   0x080013e0   0x00000002   Code   RO          769    i.HAL_CAN_TxMailbox2AbortCallback  stm32f4xx_hal_can.o
    0x080013e2   0x080013e2   0x00000002   Code   RO          770    i.HAL_CAN_TxMailbox2CompleteCallback  stm32f4xx_hal_can.o
    0x080013e4   0x080013e4   0x00000002   Code   RO          772    i.HAL_CAN_WakeUpFromRxMsgCallback  stm32f4xx_hal_can.o
    0x080013e6   0x080013e6   0x00000024   Code   RO         2691    i.HAL_DMA_Abort_IT  stm32f4xx_hal_dma.o
    0x0800140a   0x0800140a   0x00000002   PAD
    0x0800140c   0x0800140c   0x000001a0   Code   RO         2695    i.HAL_DMA_IRQHandler  stm32f4xx_hal_dma.o
    0x080015ac   0x080015ac   0x000000d4   Code   RO         2696    i.HAL_DMA_Init      stm32f4xx_hal_dma.o
    0x08001680   0x08001680   0x00000046   Code   RO         2699    i.HAL_DMA_Start     stm32f4xx_hal_dma.o
    0x080016c6   0x080016c6   0x00000002   PAD
    0x080016c8   0x080016c8   0x00000024   Code   RO         3127    i.HAL_Delay         stm32f4xx_hal.o
    0x080016ec   0x080016ec   0x000001cc   Code   RO         2583    i.HAL_GPIO_Init     stm32f4xx_hal_gpio.o
    0x080018b8   0x080018b8   0x0000000a   Code   RO         2587    i.HAL_GPIO_WritePin  stm32f4xx_hal_gpio.o
    0x080018c2   0x080018c2   0x00000002   PAD
    0x080018c4   0x080018c4   0x0000000c   Code   RO         3135    i.HAL_GetTick       stm32f4xx_hal.o
    0x080018d0   0x080018d0   0x00000010   Code   RO         3139    i.HAL_IncTick       stm32f4xx_hal.o
    0x080018e0   0x080018e0   0x00000034   Code   RO         3140    i.HAL_Init          stm32f4xx_hal.o
    0x08001914   0x08001914   0x00000074   Code   RO          589    i.HAL_InitTick      stm32f4xx_hal_timebase_tim.o
    0x08001988   0x08001988   0x00000094   Code   RO          565    i.HAL_MspInit       stm32f4xx_hal_msp.o
    0x08001a1c   0x08001a1c   0x00000016   Code   RO         2990    i.HAL_NVIC_EnableIRQ  stm32f4xx_hal_cortex.o
    0x08001a32   0x08001a32   0x00000002   PAD
    0x08001a34   0x08001a34   0x00000040   Code   RO         2996    i.HAL_NVIC_SetPriority  stm32f4xx_hal_cortex.o
    0x08001a74   0x08001a74   0x00000024   Code   RO         2997    i.HAL_NVIC_SetPriorityGrouping  stm32f4xx_hal_cortex.o
    0x08001a98   0x08001a98   0x00000130   Code   RO         2177    i.HAL_RCC_ClockConfig  stm32f4xx_hal_rcc.o
    0x08001bc8   0x08001bc8   0x00000040   Code   RO         2181    i.HAL_RCC_GetClockConfig  stm32f4xx_hal_rcc.o
    0x08001c08   0x08001c08   0x0000000c   Code   RO         2182    i.HAL_RCC_GetHCLKFreq  stm32f4xx_hal_rcc.o
    0x08001c14   0x08001c14   0x00000020   Code   RO         2184    i.HAL_RCC_GetPCLK1Freq  stm32f4xx_hal_rcc.o
    0x08001c34   0x08001c34   0x00000020   Code   RO         2185    i.HAL_RCC_GetPCLK2Freq  stm32f4xx_hal_rcc.o
    0x08001c54   0x08001c54   0x00000064   Code   RO         2186    i.HAL_RCC_GetSysClockFreq  stm32f4xx_hal_rcc.o
    0x08001cb8   0x08001cb8   0x0000031c   Code   RO         2189    i.HAL_RCC_OscConfig  stm32f4xx_hal_rcc.o
    0x08001fd4   0x08001fd4   0x00000080   Code   RO         3314    i.HAL_SPI_Init      stm32f4xx_hal_spi.o
    0x08002054   0x08002054   0x0000004c   Code   RO          630    i.HAL_SPI_MspInit   spi.o
    0x080020a0   0x080020a0   0x000001d8   Code   RO         3323    i.HAL_SPI_TransmitReceive  stm32f4xx_hal_spi.o
    0x08002278   0x08002278   0x00000018   Code   RO         2999    i.HAL_SYSTICK_CLKSourceConfig  stm32f4xx_hal_cortex.o
    0x08002290   0x08002290   0x00000028   Code   RO         3001    i.HAL_SYSTICK_Config  stm32f4xx_hal_cortex.o
    0x080022b8   0x080022b8   0x00000002   Code   RO         1611    i.HAL_TIMEx_BreakCallback  stm32f4xx_hal_tim_ex.o
    0x080022ba   0x080022ba   0x00000002   Code   RO         1612    i.HAL_TIMEx_CommutationCallback  stm32f4xx_hal_tim_ex.o
    0x080022bc   0x080022bc   0x00000050   Code   RO         1628    i.HAL_TIMEx_MasterConfigSynchronization  stm32f4xx_hal_tim_ex.o
    0x0800230c   0x0800230c   0x00000036   Code   RO          982    i.HAL_TIM_Base_Init  stm32f4xx_hal_tim.o
    0x08002342   0x08002342   0x00000002   Code   RO          984    i.HAL_TIM_Base_MspInit  stm32f4xx_hal_tim.o
    0x08002344   0x08002344   0x00000018   Code   RO          987    i.HAL_TIM_Base_Start_IT  stm32f4xx_hal_tim.o
    0x0800235c   0x0800235c   0x00000002   Code   RO         1011    i.HAL_TIM_IC_CaptureCallback  stm32f4xx_hal_tim.o
    0x0800235e   0x0800235e   0x00000166   Code   RO         1024    i.HAL_TIM_IRQHandler  stm32f4xx_hal_tim.o
    0x080024c4   0x080024c4   0x00000060   Code   RO          672    i.HAL_TIM_MspPostInit  gun.o
    0x08002524   0x08002524   0x00000002   Code   RO         1027    i.HAL_TIM_OC_DelayElapsedCallback  stm32f4xx_hal_tim.o
    0x08002526   0x08002526   0x000000d0   Code   RO         1048    i.HAL_TIM_PWM_ConfigChannel  stm32f4xx_hal_tim.o
    0x080025f6   0x080025f6   0x00000036   Code   RO         1051    i.HAL_TIM_PWM_Init  stm32f4xx_hal_tim.o
    0x0800262c   0x0800262c   0x00000028   Code   RO          674    i.HAL_TIM_PWM_MspInit  gun.o
    0x08002654   0x08002654   0x00000002   Code   RO         1054    i.HAL_TIM_PWM_PulseFinishedCallback  stm32f4xx_hal_tim.o
    0x08002656   0x08002656   0x00000002   PAD
    0x08002658   0x08002658   0x00000038   Code   RO         1055    i.HAL_TIM_PWM_Start  stm32f4xx_hal_tim.o
    0x08002690   0x08002690   0x00000014   Code   RO           13    i.HAL_TIM_PeriodElapsedCallback  main.o
    0x080026a4   0x080026a4   0x00000002   Code   RO         1065    i.HAL_TIM_TriggerCallback  stm32f4xx_hal_tim.o
    0x080026a6   0x080026a6   0x00000002   Code   RO         1871    i.HAL_UART_ErrorCallback  stm32f4xx_hal_uart.o
    0x080026a8   0x080026a8   0x00000110   Code   RO         1874    i.HAL_UART_IRQHandler  stm32f4xx_hal_uart.o
    0x080027b8   0x080027b8   0x00000062   Code   RO         1875    i.HAL_UART_Init     stm32f4xx_hal_uart.o
    0x0800281a   0x0800281a   0x00000002   PAD
    0x0800281c   0x0800281c   0x000000ec   Code   RO          409    i.HAL_UART_MspInit  usart.o
    0x08002908   0x08002908   0x00000002   Code   RO         1881    i.HAL_UART_RxCpltCallback  stm32f4xx_hal_uart.o
    0x0800290a   0x0800290a   0x00000002   Code   RO         1886    i.HAL_UART_TxCpltCallback  stm32f4xx_hal_uart.o
    0x0800290c   0x0800290c   0x00000002   Code   RO          461    i.HardFault_Handler  stm32f4xx_it.o
    0x0800290e   0x0800290e   0x00000002   PAD
    0x08002910   0x08002910   0x00000058   Code   RO          279    i.MX_CAN1_Init      can.o
    0x08002968   0x08002968   0x0000002c   Code   RO          319    i.MX_DMA_Init       dma.o
    0x08002994   0x08002994   0x00000034   Code   RO          343    i.MX_FREERTOS_Init  freertos.o
    0x080029c8   0x080029c8   0x000000d0   Code   RO          249    i.MX_GPIO_Init      gpio.o
    0x08002a98   0x08002a98   0x00000054   Code   RO          631    i.MX_SPI5_Init      spi.o
    0x08002aec   0x08002aec   0x00000080   Code   RO          675    i.MX_TIM4_Init      gun.o
    0x08002b6c   0x08002b6c   0x00000054   Code   RO          410    i.MX_USART1_UART_Init  usart.o
    0x08002bc0   0x08002bc0   0x0000004c   Code   RO          411    i.MX_USART6_UART_Init  usart.o
    0x08002c0c   0x08002c0c   0x00000002   Code   RO          462    i.MemManage_Handler  stm32f4xx_it.o
    0x08002c0e   0x08002c0e   0x00000002   Code   RO          463    i.NMI_Handler       stm32f4xx_it.o
    0x08002c10   0x08002c10   0x00000020   Code   RO         3003    i.NVIC_SetPriority  stm32f4xx_hal_cortex.o
    0x08002c30   0x08002c30   0x00000078   Code   RO         5186    i.PID_Calc          pid.o
    0x08002ca8   0x08002ca8   0x000000c0   Code   RO         5194    i.PID_Calc_Step     pid.o
    0x08002d68   0x08002d68   0x00000018   Code   RO         5196    i.PID_Reset         pid.o
    0x08002d80   0x08002d80   0x00000002   Code   RO          464    i.RCC_IRQHandler    stm32f4xx_it.o
    0x08002d82   0x08002d82   0x00000020   Code   RO         3338    i.SPI_CheckFlag_BSY  stm32f4xx_hal_spi.o
    0x08002da2   0x08002da2   0x00000096   Code   RO         3356    i.SPI_WaitFlagStateUntilTimeout  stm32f4xx_hal_spi.o
    0x08002e38   0x08002e38   0x00000008   Code   RO          344    i.StartDefaultTask  freertos.o
    0x08002e40   0x08002e40   0x00000004   Code   RO          465    i.SysTick_Handler   stm32f4xx_it.o
    0x08002e44   0x08002e44   0x000000a0   Code   RO           14    i.SystemClock_Config  main.o
    0x08002ee4   0x08002ee4   0x00000054   Code   RO         3621    i.SystemInit        system_stm32f4xx.o
    0x08002f38   0x08002f38   0x0000000c   Code   RO          466    i.TIM3_IRQHandler   stm32f4xx_it.o
    0x08002f44   0x08002f44   0x000000c0   Code   RO         1066    i.TIM_Base_SetConfig  stm32f4xx_hal_tim.o
    0x08003004   0x08003004   0x00000016   Code   RO         1067    i.TIM_CCxChannelCmd  stm32f4xx_hal_tim.o
    0x0800301a   0x0800301a   0x00000002   PAD
    0x0800301c   0x0800301c   0x00000058   Code   RO         1075    i.TIM_OC1_SetConfig  stm32f4xx_hal_tim.o
    0x08003074   0x08003074   0x00000064   Code   RO         1076    i.TIM_OC2_SetConfig  stm32f4xx_hal_tim.o
    0x080030d8   0x080030d8   0x00000060   Code   RO         1077    i.TIM_OC3_SetConfig  stm32f4xx_hal_tim.o
    0x08003138   0x08003138   0x00000050   Code   RO         1078    i.TIM_OC4_SetConfig  stm32f4xx_hal_tim.o
    0x08003188   0x08003188   0x00000010   Code   RO         1888    i.UART_DMAAbortOnError  stm32f4xx_hal_uart.o
    0x08003198   0x08003198   0x0000001c   Code   RO         1898    i.UART_EndRxTransfer  stm32f4xx_hal_uart.o
    0x080031b4   0x080031b4   0x0000008c   Code   RO         1900    i.UART_Receive_IT   stm32f4xx_hal_uart.o
    0x08003240   0x08003240   0x000002ac   Code   RO         1901    i.UART_SetConfig    stm32f4xx_hal_uart.o
    0x080034ec   0x080034ec   0x00000062   Code   RO         1902    i.UART_Transmit_IT  stm32f4xx_hal_uart.o
    0x0800354e   0x0800354e   0x00000002   PAD
    0x08003550   0x08003550   0x00000018   Code   RO          467    i.USART1_IRQHandler  stm32f4xx_it.o
    0x08003568   0x08003568   0x0000000c   Code   RO          468    i.USART6_IRQHandler  stm32f4xx_it.o
    0x08003574   0x08003574   0x00000002   Code   RO          469    i.UsageFault_Handler  stm32f4xx_it.o
    0x08003576   0x08003576   0x00000002   Code   RO           15    i._Error_Handler    main.o
    0x08003578   0x08003578   0x00000030   Code   RO         5408    i.__ARM_fpclassify  m_wm.l(fpclassify.o)
    0x080035a8   0x080035a8   0x00000360   Code   RO         5311    i.__hardfp_asin     m_wm.l(asin.o)
    0x08003908   0x08003908   0x000002d8   Code   RO         5380    i.__hardfp_atan     m_wm.l(atan.o)
    0x08003be0   0x08003be0   0x000001f0   Code   RO         5325    i.__hardfp_atan2    m_wm.l(atan2.o)
    0x08003dd0   0x08003dd0   0x00000014   Code   RO         5337    i.__hardfp_fabs     m_wm.l(fabs.o)
    0x08003de4   0x08003de4   0x0000007a   Code   RO         5343    i.__hardfp_sqrt     m_wm.l(sqrt.o)
    0x08003e5e   0x08003e5e   0x000000f8   Code   RO         5410    i.__kernel_poly     m_wm.l(poly.o)
    0x08003f56   0x08003f56   0x00000014   Code   RO         5395    i.__mathlib_dbl_infnan  m_wm.l(dunder.o)
    0x08003f6a   0x08003f6a   0x00000014   Code   RO         5396    i.__mathlib_dbl_infnan2  m_wm.l(dunder.o)
    0x08003f7e   0x08003f7e   0x00000002   PAD
    0x08003f80   0x08003f80   0x00000020   Code   RO         5397    i.__mathlib_dbl_invalid  m_wm.l(dunder.o)
    0x08003fa0   0x08003fa0   0x00000020   Code   RO         5400    i.__mathlib_dbl_underflow  m_wm.l(dunder.o)
    0x08003fc0   0x08003fc0   0x0000000e   Code   RO         5457    i.__scatterload_copy  mc_w.l(handlers.o)
    0x08003fce   0x08003fce   0x00000002   Code   RO         5458    i.__scatterload_null  mc_w.l(handlers.o)
    0x08003fd0   0x08003fd0   0x0000000e   Code   RO         5459    i.__scatterload_zeroinit  mc_w.l(handlers.o)
    0x08003fde   0x08003fde   0x00000002   PAD
    0x08003fe0   0x08003fe0   0x0000000c   Code   RO         5435    i.__set_errno       mc_w.l(errno.o)
    0x08003fec   0x08003fec   0x00000010   Code   RO         5382    i.atan              m_wm.l(atan.o)
    0x08003ffc   0x08003ffc   0x0000003c   Code   RO         5078    i.can_task          cantask.o
    0x08004038   0x08004038   0x00000274   Code   RO         5000    i.chassis_remoteControl  chassistask.o
    0x080042ac   0x080042ac   0x00000024   Code   RO         5001    i.chassis_task      chassistask.o
    0x080042d0   0x080042d0   0x00000028   Code   RO         5079    i.create_CAN_Task   cantask.o
    0x080042f8   0x080042f8   0x00000028   Code   RO         5129    i.create_IMU_Task   imu_task.o
    0x08004320   0x08004320   0x00000028   Code   RO         5002    i.create_chassis_Task  chassistask.o
    0x08004348   0x08004348   0x00000048   Code   RO         4788    i.dbus_uart_init    bsp_uart.o
    0x08004390   0x08004390   0x00000018   Code   RO         5339    i.fabs              m_wm.l(fabs.o)
    0x080043a8   0x080043a8   0x00000034   Code   RO          676    i.gun_init          gun.o
    0x080043dc   0x080043dc   0x000004aa   Code   RO         4857    i.imu_ahrs_update   bsp_imu.o
    0x08004886   0x08004886   0x00000002   PAD
    0x08004888   0x08004888   0x00000174   Code   RO         4858    i.imu_attitude_update  bsp_imu.o
    0x080049fc   0x080049fc   0x00000012   Code   RO         5130    i.imu_getdata       imu_task.o
    0x08004a0e   0x08004a0e   0x00000002   PAD
    0x08004a10   0x08004a10   0x000000b4   Code   RO         5131    i.imu_init          imu_task.o
    0x08004ac4   0x08004ac4   0x00000016   Code   RO         5132    i.imu_task          imu_task.o
    0x08004ada   0x08004ada   0x0000000c   Code   RO         4362    i.inHandlerMode     cmsis_os.o
    0x08004ae6   0x08004ae6   0x00000002   PAD
    0x08004ae8   0x08004ae8   0x000001cc   Code   RO         4859    i.init_quaternion   bsp_imu.o
    0x08004cb4   0x08004cb4   0x0000002c   Code   RO         4860    i.inv_sqrt          bsp_imu.o
    0x08004ce0   0x08004ce0   0x0000000a   Code   RO         4861    i.ist8310_get_data  bsp_imu.o
    0x08004cea   0x08004cea   0x00000100   Code   RO         4862    i.ist8310_init      bsp_imu.o
    0x08004dea   0x08004dea   0x00000038   Code   RO         4863    i.ist_reg_read_by_mpu  bsp_imu.o
    0x08004e22   0x08004e22   0x00000042   Code   RO         4864    i.ist_reg_write_by_mpu  bsp_imu.o
    0x08004e64   0x08004e64   0x0000004a   Code   RO           16    i.main              main.o
    0x08004eae   0x08004eae   0x0000000c   Code   RO         4364    i.makeFreeRtosPriority  cmsis_os.o
    0x08004eba   0x08004eba   0x00000002   PAD
    0x08004ebc   0x08004ebc   0x00000064   Code   RO         4865    i.mpu_device_init   bsp_imu.o
    0x08004f20   0x08004f20   0x00000100   Code   RO         4866    i.mpu_get_data      bsp_imu.o
    0x08005020   0x08005020   0x0000008e   Code   RO         4867    i.mpu_master_i2c_auto_read_config  bsp_imu.o
    0x080050ae   0x080050ae   0x00000002   PAD
    0x080050b0   0x080050b0   0x000000a4   Code   RO         4868    i.mpu_offset_call   bsp_imu.o
    0x08005154   0x08005154   0x00000050   Code   RO         4869    i.mpu_read_byte     bsp_imu.o
    0x080051a4   0x080051a4   0x0000005c   Code   RO         4870    i.mpu_read_bytes    bsp_imu.o
    0x08005200   0x08005200   0x0000000a   Code   RO         4871    i.mpu_set_accel_fsr  bsp_imu.o
    0x0800520a   0x0800520a   0x0000000a   Code   RO         4872    i.mpu_set_gyro_fsr  bsp_imu.o
    0x08005214   0x08005214   0x00000054   Code   RO         4873    i.mpu_write_byte    bsp_imu.o
    0x08005268   0x08005268   0x0000000e   Code   RO         4366    i.osDelay           cmsis_os.o
    0x08005276   0x08005276   0x00000004   Code   RO         4367    i.osDelayUntil      cmsis_os.o
    0x0800527a   0x0800527a   0x0000000a   Code   RO         4369    i.osKernelStart     cmsis_os.o
    0x08005284   0x08005284   0x00000018   Code   RO         4370    i.osKernelSysTick   cmsis_os.o
    0x0800529c   0x0800529c   0x00000014   Code   RO         4402    i.osSystickHandler  cmsis_os.o
    0x080052b0   0x080052b0   0x0000002e   Code   RO         4403    i.osThreadCreate    cmsis_os.o
    0x080052de   0x080052de   0x00000002   PAD
    0x080052e0   0x080052e0   0x00000070   Code   RO         4075    i.prvAddCurrentTaskToDelayedList  tasks.o
    0x08005350   0x08005350   0x000000d0   Code   RO         4076    i.prvAddNewTaskToReadyList  tasks.o
    0x08005420   0x08005420   0x00000050   Code   RO         4077    i.prvCheckTasksWaitingTermination  tasks.o
    0x08005470   0x08005470   0x00000014   Code   RO         4078    i.prvDeleteTCB      tasks.o
    0x08005484   0x08005484   0x0000004c   Code   RO         3655    i.prvHeapInit       heap_4.o
    0x080054d0   0x080054d0   0x00000028   Code   RO         4079    i.prvIdleTask       tasks.o
    0x080054f8   0x080054f8   0x0000008e   Code   RO         4080    i.prvInitialiseNewTask  tasks.o
    0x08005586   0x08005586   0x00000002   PAD
    0x08005588   0x08005588   0x0000004c   Code   RO         3656    i.prvInsertBlockIntoFreeList  heap_4.o
    0x080055d4   0x080055d4   0x00000020   Code   RO         4081    i.prvResetNextTaskUnblockTime  tasks.o
    0x080055f4   0x080055f4   0x00000028   Code   RO         3730    i.prvTaskExitError  port.o
    0x0800561c   0x0800561c   0x000000d8   Code   RO         3657    i.pvPortMalloc      heap_4.o
    0x080056f4   0x080056f4   0x0000002c   Code   RO         3731    i.pxPortInitialiseStack  port.o
    0x08005720   0x08005720   0x000000e2   Code   RO         4790    i.rc_callback_handler  bsp_uart.o
    0x08005802   0x08005802   0x00000002   PAD
    0x08005804   0x08005804   0x00000114   Code   RO         4791    i.rc_dealler        bsp_uart.o
    0x08005918   0x08005918   0x00000050   Code   RO         5003    i.send_Chassis_Msg  chassistask.o
    0x08005968   0x08005968   0x0000006e   Code   RO         5345    i.sqrt              m_wm.l(sqrt.o)
    0x080059d6   0x080059d6   0x00000002   PAD
    0x080059d8   0x080059d8   0x00000060   Code   RO         4792    i.uart_receive_handler  bsp_uart.o
    0x08005a38   0x08005a38   0x0000002c   Code   RO          677    i.user_pwm_setvalue_friction1  gun.o
    0x08005a64   0x08005a64   0x00000024   Code   RO         3898    i.uxListRemove      list.o
    0x08005a88   0x08005a88   0x00000016   Code   RO         3899    i.vListInitialise   list.o
    0x08005a9e   0x08005a9e   0x00000006   Code   RO         3900    i.vListInitialiseItem  list.o
    0x08005aa4   0x08005aa4   0x00000030   Code   RO         3901    i.vListInsert       list.o
    0x08005ad4   0x08005ad4   0x00000018   Code   RO         3902    i.vListInsertEnd    list.o
    0x08005aec   0x08005aec   0x00000040   Code   RO         3733    i.vPortEnterCritical  port.o
    0x08005b2c   0x08005b2c   0x00000028   Code   RO         3734    i.vPortExitCritical  port.o
    0x08005b54   0x08005b54   0x0000005c   Code   RO         3658    i.vPortFree         heap_4.o
    0x08005bb0   0x08005bb0   0x00000020   Code   RO         3735    i.vPortSetupTimerInterrupt  port.o
    0x08005bd0   0x08005bd0   0x00000054   Code   RO         3736    i.vPortValidateInterruptPriority  port.o
    0x08005c24   0x08005c24   0x0000004c   Code   RO         4089    i.vTaskDelay        tasks.o
    0x08005c70   0x08005c70   0x00000068   Code   RO         4100    i.vTaskStartScheduler  tasks.o
    0x08005cd8   0x08005cd8   0x00000010   Code   RO         4102    i.vTaskSuspendAll   tasks.o
    0x08005ce8   0x08005ce8   0x0000005c   Code   RO         4103    i.vTaskSwitchContext  tasks.o
    0x08005d44   0x08005d44   0x000000e0   Code   RO         3737    i.xPortStartScheduler  port.o
    0x08005e24   0x08005e24   0x0000002c   Code   RO         3738    i.xPortSysTickHandler  port.o
    0x08005e50   0x08005e50   0x00000056   Code   RO         4105    i.xTaskCreate       tasks.o
    0x08005ea6   0x08005ea6   0x00000002   PAD
    0x08005ea8   0x08005ea8   0x0000001c   Code   RO         4109    i.xTaskGetSchedulerState  tasks.o
    0x08005ec4   0x08005ec4   0x0000000c   Code   RO         4110    i.xTaskGetTickCount  tasks.o
    0x08005ed0   0x08005ed0   0x00000010   Code   RO         4111    i.xTaskGetTickCountFromISR  tasks.o
    0x08005ee0   0x08005ee0   0x000000c8   Code   RO         4112    i.xTaskIncrementTick  tasks.o
    0x08005fa8   0x08005fa8   0x000000c4   Code   RO         4118    i.xTaskResumeAll    tasks.o
    0x0800606c   0x0800606c   0x00000014   Data   RO          345    .constdata          freertos.o
    0x08006080   0x08006080   0x00000008   Data   RO         2702    .constdata          stm32f4xx_hal_dma.o
    0x08006088   0x08006088   0x00000010   Data   RO         3622    .constdata          system_stm32f4xx.o
    0x08006098   0x08006098   0x00000008   Data   RO         3623    .constdata          system_stm32f4xx.o
    0x080060a0   0x080060a0   0x00000014   Data   RO         4875    .constdata          bsp_imu.o
    0x080060b4   0x080060b4   0x00000014   Data   RO         5006    .constdata          chassistask.o
    0x080060c8   0x080060c8   0x00000014   Data   RO         5081    .constdata          cantask.o
    0x080060dc   0x080060dc   0x00000014   Data   RO         5133    .constdata          imu_task.o
    0x080060f0   0x080060f0   0x00000050   Data   RO         5314    .constdata          m_wm.l(asin.o)
    0x08006140   0x08006140   0x00000098   Data   RO         5383    .constdata          m_wm.l(atan.o)
    0x080061d8   0x080061d8   0x00000008   Data   RO         5412    .constdata          m_wm.l(qnan.o)
    0x080061e0   0x080061e0   0x0000000c   Data   RO          346    .conststring        freertos.o
    0x080061ec   0x080061ec   0x0000000c   Data   RO         5007    .conststring        chassistask.o
    0x080061f8   0x080061f8   0x00000008   Data   RO         5082    .conststring        cantask.o
    0x08006200   0x08006200   0x00000020   Data   RO         5455    Region$$Table       anon$$obj.o


    Execution Region RW_IRAM1 (Exec base: 0x20000000, Load base: 0x08006220, Size: 0x00004720, Max: 0x00030000, ABSOLUTE, COMPRESSED[0x0000002c])

    Exec Addr    Load Addr    Size         Type   Attr      Idx    E Section Name        Object

    0x20000000   COMPRESSED   0x00000004   Data   RW          347    .data               freertos.o
    0x20000004   COMPRESSED   0x0000000c   Data   RW         3147    .data               stm32f4xx_hal.o
    0x20000010   COMPRESSED   0x00000004   Data   RW         3624    .data               system_stm32f4xx.o
    0x20000014   COMPRESSED   0x00000018   Data   RW         3663    .data               heap_4.o
    0x2000002c   COMPRESSED   0x0000000c   Data   RW         3739    .data               port.o
    0x20000038   COMPRESSED   0x0000003c   Data   RW         4121    .data               tasks.o
    0x20000074   COMPRESSED   0x00000006   Data   RW         4794    .data               bsp_uart.o
    0x2000007a   COMPRESSED   0x00000002   PAD
    0x2000007c   COMPRESSED   0x00000060   Data   RW         4876    .data               bsp_imu.o
    0x200000dc   COMPRESSED   0x00000124   Data   RW         5008    .data               chassistask.o
    0x20000200   COMPRESSED   0x00000010   Data   RW         5083    .data               cantask.o
    0x20000210   COMPRESSED   0x0000000a   Data   RW         5135    .data               imu_task.o
    0x2000021a   COMPRESSED   0x00000002   PAD
    0x2000021c   COMPRESSED   0x00000004   Data   RW         5436    .data               mc_w.l(errno.o)
    0x20000220        -       0x00000028   Zero   RW          280    .bss                can.o
    0x20000248        -       0x000000e0   Zero   RW          412    .bss                usart.o
    0x20000328        -       0x0000003c   Zero   RW          592    .bss                stm32f4xx_hal_timebase_tim.o
    0x20000364        -       0x00000058   Zero   RW          632    .bss                spi.o
    0x200003bc        -       0x0000003c   Zero   RW          678    .bss                gun.o
    0x200003f8        -       0x00003c00   Zero   RW         3662    .bss                heap_4.o
    0x20003ff8        -       0x000000f0   Zero   RW         4120    .bss                tasks.o
    0x200040e8        -       0x00000058   Zero   RW         4742    .bss                bsp_can.o
    0x20004140        -       0x0000002b   Zero   RW         4793    .bss                bsp_uart.o
    0x2000416b   COMPRESSED   0x00000001   PAD
    0x2000416c        -       0x00000062   Zero   RW         4874    .bss                bsp_imu.o
    0x200041ce   COMPRESSED   0x00000002   PAD
    0x200041d0        -       0x00000130   Zero   RW         5005    .bss                chassistask.o
    0x20004300        -       0x0000001c   Zero   RW         5080    .bss                cantask.o
    0x2000431c   COMPRESSED   0x00000004   PAD
    0x20004320        -       0x00000400   Zero   RW            1    STACK               startup_stm32f427xx.o


==============================================================================

Image component sizes


      Code (inc. data)   RO Data    RW Data    ZI Data      Debug   Object Name

       160         32          0          0         88       1290   bsp_can.o
      3396        220         20         96         98      13244   bsp_imu.o
       670         48          0          6         43       4944   bsp_uart.o
       192         36          0          0         40       1649   can.o
       228         48         28         16         28       2942   cantask.o
       784         60         32        292        304       7989   chassistask.o
       142          0          0          0          0      16673   cmsis_os.o
        44          4          0          0          0        766   dma.o
       246         14          0          0          0       2254   encoder.o
         0          0          0          0          0       8072   event_groups.o
        60         10         32          4          0       1798   freertos.o
       208         14          0          0          0       1071   gpio.o
       360         68          0          0         60       3384   gun.o
       460         24          0         24      15360       8851   heap_4.o
       260         20         20         10          0       3153   imu_task.o
       136          0          0          0          0       3586   list.o
       256         16          0          0          0     762881   main.o
       336         18          0          0          0       4255   pid.o
       758         84          0         12          0      11973   port.o
       160         30          0          0         88       1589   spi.o
        36          8        428          0       1024        844   startup_stm32f427xx.o
       116         18          0         12          0       3926   stm32f4xx_hal.o
      1698          6          0          0          0      20480   stm32f4xx_hal_can.o
       218         14          0          0          0      31077   stm32f4xx_hal_cortex.o
       898         16          8          0          0       6359   stm32f4xx_hal_dma.o
       470         52          0          0          0       2464   stm32f4xx_hal_gpio.o
       148          6          0          0          0        934   stm32f4xx_hal_msp.o
      1340         96          0          0          0       6341   stm32f4xx_hal_rcc.o
       782          0          0          0          0       4449   stm32f4xx_hal_spi.o
      1342         88          0          0          0      13045   stm32f4xx_hal_tim.o
        84          0          0          0          0       2442   stm32f4xx_hal_tim_ex.o
       116         16          0          0         60       1468   stm32f4xx_hal_timebase_tim.o
      1342         14          0          0          0       7535   stm32f4xx_hal_uart.o
       102         36          0          0          0       6551   stm32f4xx_it.o
        84         18         24          4          0       1183   system_stm32f4xx.o
      1460        132          0         60        240      17378   tasks.o
       396         98          0          0        224       2466   usart.o

    ----------------------------------------------------------------------
     19534       1364        624        540      17664     991306   Object Totals
         0          0         32          0          0          0   (incl. Generated)
        46          0          0          4          7          0   (incl. Padding)

    ----------------------------------------------------------------------

      Code (inc. data)   RO Data    RW Data    ZI Data      Debug   Library Member Name

       864         94         80          0          0        280   asin.o
       744        106        152          0          0        352   atan.o
       496         64          0          0          0        192   atan2.o
       104         16          0          0          0        496   dunder.o
        44          0          0          0          0        248   fabs.o
        48          0          0          0          0        124   fpclassify.o
       248          0          0          0          0        152   poly.o
         0          0          8          0          0          0   qnan.o
       232          0          0          0          0        296   sqrt.o
        86          0          0          0          0          0   __dczerorl2.o
         0          0          0          0          0          0   entry.o
         0          0          0          0          0          0   entry10a.o
         0          0          0          0          0          0   entry11a.o
         8          4          0          0          0          0   entry2.o
         4          0          0          0          0          0   entry5.o
         0          0          0          0          0          0   entry7b.o
         0          0          0          0          0          0   entry8b.o
         8          4          0          0          0          0   entry9a.o
        12          6          0          4          0         68   errno.o
        30          0          0          0          0          0   handlers.o
        36          8          0          0          0         68   init.o
         0          0          0          0          0          0   iusefp.o
        30          0          0          0          0         68   llshl.o
        36          0          0          0          0         68   llsshr.o
        32          0          0          0          0         68   llushr.o
        36          0          0          0          0         68   memcpya.o
        36          0          0          0          0        108   memseta.o
        98          0          0          0          0         92   uldiv.o
        48          0          0          0          0         68   cdrcmple.o
        56          0          0          0          0         88   d2f.o
       334          0          0          0          0        148   dadd.o
       222          0          0          0          0        100   ddiv.o
       186          0          0          0          0        176   depilogue.o
        62          0          0          0          0         80   dfixi.o
        34          0          0          0          0         76   dflti.o
       228          0          0          0          0         96   dmul.o
       162          0          0          0          0        100   dsqrt.o
        38          0          0          0          0         68   f2d.o
       110          0          0          0          0        168   fepilogue.o

    ----------------------------------------------------------------------
      4722        302        240          4          0       3916   Library Totals
        10          0          0          0          0          0   (incl. Padding)

    ----------------------------------------------------------------------

      Code (inc. data)   RO Data    RW Data    ZI Data      Debug   Library Name

      2780        280        240          0          0       2140   m_wm.l
       452         22          0          4          0        608   mc_w.l
      1480          0          0          0          0       1168   mf_w.l

    ----------------------------------------------------------------------
      4722        302        240          4          0       3916   Library Totals

    ----------------------------------------------------------------------

==============================================================================


      Code (inc. data)   RO Data    RW Data    ZI Data      Debug   

     24256       1666        864        544      17664     974674   Grand Totals
     24256       1666        864         44      17664     974674   ELF Image Totals (compressed)
     24256       1666        864         44          0          0   ROM Totals

==============================================================================

    Total RO  Size (Code + RO Data)                25120 (  24.53kB)
    Total RW  Size (RW Data + ZI Data)             18208 (  17.78kB)
    Total ROM Size (Code + RO Data + RW Data)      25164 (  24.57kB)

==============================================================================

