Component: ARM Compiler 5.06 update 6 (build 750) Tool: armlink [4d35ed]

==============================================================================

Section Cross References

    startup_stm32f427xx.o(RESET) refers to startup_stm32f427xx.o(STACK) for __initial_sp
    startup_stm32f427xx.o(RESET) refers to startup_stm32f427xx.o(.text) for Reset_Handler
    startup_stm32f427xx.o(RESET) refers to stm32f4xx_it.o(i.NMI_Handler) for NMI_Handler
    startup_stm32f427xx.o(RESET) refers to stm32f4xx_it.o(i.HardFault_Handler) for HardFault_Handler
    startup_stm32f427xx.o(RESET) refers to stm32f4xx_it.o(i.MemManage_Handler) for MemManage_Handler
    startup_stm32f427xx.o(RESET) refers to stm32f4xx_it.o(i.BusFault_Handler) for BusFault_Handler
    startup_stm32f427xx.o(RESET) refers to stm32f4xx_it.o(i.UsageFault_Handler) for UsageFault_Handler
    startup_stm32f427xx.o(RESET) refers to port.o(.emb_text) for SVC_Handler
    startup_stm32f427xx.o(RESET) refers to stm32f4xx_it.o(i.DebugMon_Handler) for DebugMon_Handler
    startup_stm32f427xx.o(RESET) refers to stm32f4xx_it.o(i.SysTick_Handler) for SysTick_Handler
    startup_stm32f427xx.o(RESET) refers to stm32f4xx_it.o(i.RCC_IRQHandler) for RCC_IRQHandler
    startup_stm32f427xx.o(RESET) refers to stm32f4xx_it.o(i.CAN1_TX_IRQHandler) for CAN1_TX_IRQHandler
    startup_stm32f427xx.o(RESET) refers to stm32f4xx_it.o(i.CAN1_RX0_IRQHandler) for CAN1_RX0_IRQHandler
    startup_stm32f427xx.o(RESET) refers to stm32f4xx_it.o(i.TIM3_IRQHandler) for TIM3_IRQHandler
    startup_stm32f427xx.o(RESET) refers to stm32f4xx_it.o(i.USART1_IRQHandler) for USART1_IRQHandler
    startup_stm32f427xx.o(RESET) refers to stm32f4xx_it.o(i.DMA2_Stream1_IRQHandler) for DMA2_Stream1_IRQHandler
    startup_stm32f427xx.o(RESET) refers to stm32f4xx_it.o(i.DMA2_Stream2_IRQHandler) for DMA2_Stream2_IRQHandler
    startup_stm32f427xx.o(RESET) refers to stm32f4xx_it.o(i.OTG_FS_IRQHandler) for OTG_FS_IRQHandler
    startup_stm32f427xx.o(RESET) refers to stm32f4xx_it.o(i.DMA2_Stream6_IRQHandler) for DMA2_Stream6_IRQHandler
    startup_stm32f427xx.o(RESET) refers to stm32f4xx_it.o(i.USART6_IRQHandler) for USART6_IRQHandler
    startup_stm32f427xx.o(.text) refers to system_stm32f4xx.o(i.SystemInit) for SystemInit
    startup_stm32f427xx.o(.text) refers to entry.o(.ARM.Collect$$$$00000000) for __main
    main.o(i.HAL_TIM_PeriodElapsedCallback) refers to stm32f4xx_hal.o(i.HAL_IncTick) for HAL_IncTick
    main.o(i.SystemClock_Config) refers to stm32f4xx_hal_rcc.o(i.HAL_RCC_OscConfig) for HAL_RCC_OscConfig
    main.o(i.SystemClock_Config) refers to stm32f4xx_hal_rcc.o(i.HAL_RCC_ClockConfig) for HAL_RCC_ClockConfig
    main.o(i.SystemClock_Config) refers to stm32f4xx_hal_rcc.o(i.HAL_RCC_GetHCLKFreq) for HAL_RCC_GetHCLKFreq
    main.o(i.SystemClock_Config) refers to stm32f4xx_hal_cortex.o(i.HAL_SYSTICK_Config) for HAL_SYSTICK_Config
    main.o(i.SystemClock_Config) refers to stm32f4xx_hal_cortex.o(i.HAL_SYSTICK_CLKSourceConfig) for HAL_SYSTICK_CLKSourceConfig
    main.o(i.SystemClock_Config) refers to stm32f4xx_hal_cortex.o(i.HAL_NVIC_SetPriority) for HAL_NVIC_SetPriority
    main.o(i.main) refers to stm32f4xx_hal.o(i.HAL_Init) for HAL_Init
    main.o(i.main) refers to main.o(i.SystemClock_Config) for SystemClock_Config
    main.o(i.main) refers to gpio.o(i.MX_GPIO_Init) for MX_GPIO_Init
    main.o(i.main) refers to dma.o(i.MX_DMA_Init) for MX_DMA_Init
    main.o(i.main) refers to can.o(i.MX_CAN1_Init) for MX_CAN1_Init
    main.o(i.main) refers to usart.o(i.MX_USART1_UART_Init) for MX_USART1_UART_Init
    main.o(i.main) refers to usart.o(i.MX_USART6_UART_Init) for MX_USART6_UART_Init
    main.o(i.main) refers to bsp_can.o(i.CAN_Initialize) for CAN_Initialize
    main.o(i.main) refers to bsp_uart.o(i.dbus_uart_init) for dbus_uart_init
    main.o(i.main) refers to freertos.o(i.MX_FREERTOS_Init) for MX_FREERTOS_Init
    main.o(i.main) refers to cmsis_os.o(i.osKernelStart) for osKernelStart
    gpio.o(i.MX_GPIO_Init) refers to stm32f4xx_hal_gpio.o(i.HAL_GPIO_WritePin) for HAL_GPIO_WritePin
    gpio.o(i.MX_GPIO_Init) refers to stm32f4xx_hal_gpio.o(i.HAL_GPIO_Init) for HAL_GPIO_Init
    can.o(i.HAL_CAN_MspDeInit) refers to stm32f4xx_hal_gpio.o(i.HAL_GPIO_DeInit) for HAL_GPIO_DeInit
    can.o(i.HAL_CAN_MspDeInit) refers to stm32f4xx_hal_cortex.o(i.HAL_NVIC_DisableIRQ) for HAL_NVIC_DisableIRQ
    can.o(i.HAL_CAN_MspInit) refers to stm32f4xx_hal_gpio.o(i.HAL_GPIO_Init) for HAL_GPIO_Init
    can.o(i.HAL_CAN_MspInit) refers to stm32f4xx_hal_cortex.o(i.HAL_NVIC_SetPriority) for HAL_NVIC_SetPriority
    can.o(i.HAL_CAN_MspInit) refers to stm32f4xx_hal_cortex.o(i.HAL_NVIC_EnableIRQ) for HAL_NVIC_EnableIRQ
    can.o(i.MX_CAN1_Init) refers to stm32f4xx_hal_can.o(i.HAL_CAN_Init) for HAL_CAN_Init
    can.o(i.MX_CAN1_Init) refers to main.o(i._Error_Handler) for _Error_Handler
    can.o(i.MX_CAN1_Init) refers to can.o(.bss) for .bss
[...]
    inHandlerMode                            0x08004689   Thumb Code    12  cmsis_os.o(i.inHandlerMode)
    i.main                                   0x08004694   Section        0  main.o(i.main)
    i.makeFreeRtosPriority                   0x080046c2   Section        0  cmsis_os.o(i.makeFreeRtosPriority)
    makeFreeRtosPriority                     0x080046c3   Thumb Code    12  cmsis_os.o(i.makeFreeRtosPriority)
    i.osDelay                                0x080046ce   Section        0  cmsis_os.o(i.osDelay)
    i.osDelayUntil                           0x080046dc   Section        0  cmsis_os.o(i.osDelayUntil)
    i.osKernelStart                          0x080046e0   Section        0  cmsis_os.o(i.osKernelStart)
    i.osKernelSysTick                        0x080046ea   Section        0  cmsis_os.o(i.osKernelSysTick)
    i.osSystickHandler                       0x08004702   Section        0  cmsis_os.o(i.osSystickHandler)
    i.osThreadCreate                         0x08004716   Section        0  cmsis_os.o(i.osThreadCreate)
    i.prvAddCurrentTaskToDelayedList         0x08004744   Section        0  tasks.o(i.prvAddCurrentTaskToDelayedList)
    prvAddCurrentTaskToDelayedList           0x08004745   Thumb Code   102  tasks.o(i.prvAddCurrentTaskToDelayedList)
    i.prvAddNewTaskToReadyList               0x080047b4   Section        0  tasks.o(i.prvAddNewTaskToReadyList)
    prvAddNewTaskToReadyList                 0x080047b5   Thumb Code   194  tasks.o(i.prvAddNewTaskToReadyList)
    i.prvCheckTasksWaitingTermination        0x08004884   Section        0  tasks.o(i.prvCheckTasksWaitingTermination)
    prvCheckTasksWaitingTermination          0x08004885   Thumb Code    70  tasks.o(i.prvCheckTasksWaitingTermination)
    i.prvDeleteTCB                           0x080048d4   Section        0  tasks.o(i.prvDeleteTCB)
    prvDeleteTCB                             0x080048d5   Thumb Code    20  tasks.o(i.prvDeleteTCB)
    i.prvHeapInit                            0x080048e8   Section        0  heap_4.o(i.prvHeapInit)
    prvHeapInit                              0x080048e9   Thumb Code    66  heap_4.o(i.prvHeapInit)
    i.prvIdleTask                            0x08004934   Section        0  tasks.o(i.prvIdleTask)
    prvIdleTask                              0x08004935   Thumb Code    30  tasks.o(i.prvIdleTask)
    i.prvInitialiseNewTask                   0x0800495c   Section        0  tasks.o(i.prvInitialiseNewTask)
    prvInitialiseNewTask                     0x0800495d   Thumb Code   142  tasks.o(i.prvInitialiseNewTask)
    i.prvInsertBlockIntoFreeList             0x080049ec   Section        0  heap_4.o(i.prvInsertBlockIntoFreeList)
    prvInsertBlockIntoFreeList               0x080049ed   Thumb Code    72  heap_4.o(i.prvInsertBlockIntoFreeList)
    i.prvResetNextTaskUnblockTime            0x08004a38   Section        0  tasks.o(i.prvResetNextTaskUnblockTime)
    prvResetNextTaskUnblockTime              0x08004a39   Thumb Code    26  tasks.o(i.prvResetNextTaskUnblockTime)
    i.prvTaskExitError                       0x08004a58   Section        0  port.o(i.prvTaskExitError)
    prvTaskExitError                         0x08004a59   Thumb Code    36  port.o(i.prvTaskExitError)
    i.pvPortMalloc                           0x08004a80   Section        0  heap_4.o(i.pvPortMalloc)
    i.pxPortInitialiseStack                  0x08004b58   Section        0  port.o(i.pxPortInitialiseStack)
    i.rc_callback_handler                    0x08004b84   Section        0  bsp_uart.o(i.rc_callback_handler)
    i.rc_dealler                             0x08004c68   Section        0  bsp_uart.o(i.rc_dealler)
    i.send_Chassis_Msg                       0x08004d7c   Section        0  chassistask.o(i.send_Chassis_Msg)
    i.uart_receive_handler                   0x08004dcc   Section        0  bsp_uart.o(i.uart_receive_handler)
    i.uxListRemove                           0x08004e2c   Section        0  list.o(i.uxListRemove)
    i.vListInitialise                        0x08004e50   Section        0  list.o(i.vListInitialise)
    i.vListInitialiseItem                    0x08004e66   Section        0  list.o(i.vListInitialiseItem)
    i.vListInsert                            0x08004e6c   Section        0  list.o(i.vListInsert)
    i.vListInsertEnd                         0x08004e9c   Section        0  list.o(i.vListInsertEnd)
    i.vPortEnterCritical                     0x08004eb4   Section        0  port.o(i.vPortEnterCritical)
    i.vPortExitCritical                      0x08004ef4   Section        0  port.o(i.vPortExitCritical)
    i.vPortFree                              0x08004f1c   Section        0  heap_4.o(i.vPortFree)
    i.vPortSetupTimerInterrupt               0x08004f78   Section        0  port.o(i.vPortSetupTimerInterrupt)
    i.vPortValidateInterruptPriority         0x08004f98   Section        0  port.o(i.vPortValidateInterruptPriority)
    i.vTaskDelay                             0x08004fec   Section        0  tasks.o(i.vTaskDelay)
    i.vTaskStartScheduler                    0x08005038   Section        0  tasks.o(i.vTaskStartScheduler)
    i.vTaskSuspendAll                        0x080050a0   Section        0  tasks.o(i.vTaskSuspendAll)
    i.vTaskSwitchContext                     0x080050b0   Section        0  tasks.o(i.vTaskSwitchContext)
    i.xPortStartScheduler                    0x0800510c   Section        0  port.o(i.xPortStartScheduler)
    i.xPortSysTickHandler                    0x080051ec   Section        0  port.o(i.xPortSysTickHandler)
    i.xTaskCreate                            0x08005218   Section        0  tasks.o(i.xTaskCreate)
    i.xTaskGetSchedulerState                 0x08005270   Section        0  tasks.o(i.xTaskGetSchedulerState)
    i.xTaskGetTickCount                      0x0800528c   Section        0  tasks.o(i.xTaskGetTickCount)
    i.xTaskGetTickCountFromISR               0x08005298   Section        0  tasks.o(i.xTaskGetTickCountFromISR)
    i.xTaskIncrementTick                     0x080052a8   Section        0  tasks.o(i.xTaskIncrementTick)
    i.xTaskResumeAll                         0x08005370   Section        0  tasks.o(i.xTaskResumeAll)
    .constdata                               0x08005434   Section       20  freertos.o(.constdata)
    .constdata                               0x08005448   Section        8  stm32f4xx_hal_dma.o(.constdata)
    flagBitshiftOffset                       0x08005448   Data           8  stm32f4xx_hal_dma.o(.constdata)
    .constdata                               0x08005450   Section       16  system_stm32f4xx.o(.constdata)
    .constdata                               0x08005460   Section        8  system_stm32f4xx.o(.constdata)
    .constdata                               0x08005468   Section       20  chassistask.o(.constdata)
    .constdata                               0x0800547c   Section       20  cantask.o(.constdata)
    .conststring                             0x08005490   Section       12  freertos.o(.conststring)
    .conststring                             0x0800549c   Section       12  chassistask.o(.conststring)
    .conststring                             0x080054a8   Section        8  cantask.o(.conststring)
    .data                                    0x20000000   Section        4  freertos.o(.data)
    .data                                    0x20000004   Section       12  stm32f4xx_hal.o(.data)
    .data                                    0x20000010   Section        4  system_stm32f4xx.o(.data)
    .data                                    0x20000014   Section       24  heap_4.o(.data)
    pxEnd                                    0x20000014   Data           4  heap_4.o(.data)
    xFreeBytesRemaining                      0x20000018   Data           4  heap_4.o(.data)
    xMinimumEverFreeBytesRemaining           0x2000001c   Data           4  heap_4.o(.data)
    xBlockAllocatedBit                       0x20000020   Data           4  heap_4.o(.data)
    xStart                                   0x20000024   Data           8  heap_4.o(.data)
    .data                                    0x2000002c   Section       12  port.o(.data)
    ucMaxSysCallPriority                     0x2000002c   Data           1  port.o(.data)
    uxCriticalNesting                        0x20000030   Data           4  port.o(.data)
    ulMaxPRIGROUPValue                       0x20000034   Data           4  port.o(.data)
    .data                                    0x20000038   Section       60  tasks.o(.data)
    uxDeletedTasksWaitingCleanUp             0x2000003c   Data           4  tasks.o(.data)
    uxCurrentNumberOfTasks                   0x20000040   Data           4  tasks.o(.data)
    xTickCount                               0x20000044   Data           4  tasks.o(.data)
    uxTopReadyPriority                       0x20000048   Data           4  tasks.o(.data)
    xSchedulerRunning                        0x2000004c   Data           4  tasks.o(.data)
    uxPendedTicks                            0x20000050   Data           4  tasks.o(.data)
    xYieldPending                            0x20000054   Data           4  tasks.o(.data)
    xNumOfOverflows                          0x20000058   Data           4  tasks.o(.data)
    uxTaskNumber                             0x2000005c   Data           4  tasks.o(.data)
    xNextTaskUnblockTime                     0x20000060   Data           4  tasks.o(.data)
    xIdleTaskHandle                          0x20000064   Data           4  tasks.o(.data)
    uxSchedulerSuspended                     0x20000068   Data           4  tasks.o(.data)
    pxDelayedTaskList                        0x2000006c   Data           4  tasks.o(.data)
    pxOverflowDelayedTaskList                0x20000070   Data           4  tasks.o(.data)
    .data                                    0x20000074   Section        6  bsp_uart.o(.data)
    .data                                    0x2000007c   Section      292  chassistask.o(.data)
    .data                                    0x200001a0   Section       16  cantask.o(.data)
    .data                                    0x200001b0   Section        1  usbd_ctlreq.o(.data)
    cfgidx                                   0x200001b0   Data           1  usbd_ctlreq.o(.data)
    .bss                                     0x200001b4   Section       40  can.o(.bss)
    .bss                                     0x200001dc   Section      416  usart.o(.bss)
    .bss                                     0x2000037c   Section       60  stm32f4xx_hal_timebase_tim.o(.bss)
    .bss                                     0x200003b8   Section      548  usb_device.o(.bss)
    .bss                                     0x200005dc   Section     1008  usbd_conf.o(.bss)
    .bss                                     0x200009cc   Section    15360  heap_4.o(.bss)
    ucHeap                                   0x200009cc   Data       15360  heap_4.o(.bss)
    .bss                                     0x200045cc   Section      240  tasks.o(.bss)
    pxReadyTasksLists                        0x200045cc   Data         140  tasks.o(.bss)
    xDelayedTaskList1                        0x20004658   Data          20  tasks.o(.bss)
    xDelayedTaskList2                        0x2000466c   Data          20  tasks.o(.bss)
    xPendingReadyList                        0x20004680   Data          20  tasks.o(.bss)
    xTasksWaitingTermination                 0x20004694   Data          20  tasks.o(.bss)
    xSuspendedTaskList                       0x200046a8   Data          20  tasks.o(.bss)
    .bss                                     0x200046bc   Section       88  bsp_can.o(.bss)
    .bss                                     0x20004714   Section       43  bsp_uart.o(.bss)
    .bss                                     0x20004740   Section      304  chassistask.o(.bss)
    .bss                                     0x20004870   Section       28  cantask.o(.bss)
    STACK                                    0x20004890   Section     1024  startup_stm32f427xx.o(STACK)

    Global Symbols

    Symbol Name                              Value     Ov Type        Size  Object(Section)

    BuildAttributes$$THM_ISAv4$E$P$D$K$B$S$7EM$VFPi3$EXTD16$VFPS$VFMA$PE$A:L22UL41UL21$X:L11$S22US41US21$IEEE1$IW$USESV6$~STKCKD$USESV7$~SHL$OTIME$ROPI$EBA8$MICROLIB$REQ8$PRES8$EABIv2 0x00000000   Number         0  anon$$obj.o ABSOLUTE
    __ARM_use_no_argv                        0x00000000   Number         0  main.o ABSOLUTE
    __cpp_initialize__aeabi_                  - Undefined Weak Reference
    __cxa_finalize                            - Undefined Weak Reference
    _clock_init                               - Undefined Weak Reference
    _microlib_exit                            - Undefined Weak Reference
    __Vectors_Size                           0x000001ac   Number         0  startup_stm32f427xx.o ABSOLUTE
    __Vectors                                0x08000000   Data           4  startup_stm32f427xx.o(RESET)
    __Vectors_End                            0x080001ac   Data           0  startup_stm32f427xx.o(RESET)
    __main                                   0x080001ad   Thumb Code     0  entry.o(.ARM.Collect$$$$00000000)
    _main_stk                                0x080001ad   Thumb Code     0  entry2.o(.ARM.Collect$$$$00000001)
    _main_scatterload                        0x080001b1   Thumb Code     0  entry5.o(.ARM.Collect$$$$00000004)
    __main_after_scatterload                 0x080001b5   Thumb Code     0  entry5.o(.ARM.Collect$$$$00000004)
    _main_clock                              0x080001b5   Thumb Code     0  entry7b.o(.ARM.Collect$$$$00000008)
    _main_cpp_init                           0x080001b5   Thumb Code     0  entry8b.o(.ARM.Collect$$$$0000000A)
    _main_init                               0x080001b5   Thumb Code     0  entry9a.o(.ARM.Collect$$$$0000000B)
    __rt_final_cpp                           0x080001bd   Thumb Code     0  entry10a.o(.ARM.Collect$$$$0000000D)
    __rt_final_exit                          0x080001bd   Thumb Code     0  entry11a.o(.ARM.Collect$$$$0000000F)
    SVC_Handler                              0x080001c1   Thumb Code    28  port.o(.emb_text)
    __asm___6_port_c_39a90d8d__prvStartFirstTask 0x080001e1   Thumb Code    28  port.o(.emb_text)
    __asm___6_port_c_39a90d8d__prvEnableVFP  0x08000201   Thumb Code    16  port.o(.emb_text)
    PendSV_Handler                           0x08000215   Thumb Code    92  port.o(.emb_text)
    vPortGetIPSR                             0x08000275   Thumb Code     6  port.o(.emb_text)
    Reset_Handler                            0x0800027d   Thumb Code     8  startup_stm32f427xx.o(.text)
    ADC_IRQHandler                           0x08000297   Thumb Code     0  startup_stm32f427xx.o(.text)
    CAN1_RX1_IRQHandler                      0x08000297   Thumb Code     0  startup_stm32f427xx.o(.text)
    CAN1_SCE_IRQHandler                      0x08000297   Thumb Code     0  startup_stm32f427xx.o(.text)
    CAN2_RX0_IRQHandler                      0x08000297   Thumb Code     0  startup_stm32f427xx.o(.text)
    CAN2_RX1_IRQHandler                      0x08000297   Thumb Code     0  startup_stm32f427xx.o(.text)
    CAN2_SCE_IRQHandler                      0x08000297   Thumb Code     0  startup_stm32f427xx.o(.text)
    CAN2_TX_IRQHandler                       0x08000297   Thumb Code     0  startup_stm32f427xx.o(.text)
    DCMI_IRQHandler                          0x08000297   Thumb Code     0  startup_stm32f427xx.o(.text)
    DMA1_Stream0_IRQHandler                  0x08000297   Thumb Code     0  startup_stm32f427xx.o(.text)
    DMA1_Stream1_IRQHandler                  0x08000297   Thumb Code     0  startup_stm32f427xx.o(.text)
    DMA1_Stream2_IRQHandler                  0x08000297   Thumb Code     0  startup_stm32f427xx.o(.text)
    DMA1_Stream3_IRQHandler                  0x08000297   Thumb Code     0  startup_stm32f427xx.o(.text)
    DMA1_Stream4_IRQHandler                  0x08000297   Thumb Code     0  startup_stm32f427xx.o(.text)
    DMA1_Stream5_IRQHandler                  0x08000297   Thumb Code     0  startup_stm32f427xx.o(.text)
    DMA1_Stream6_IRQHandler                  0x08000297   Thumb Code     0  startup_stm32f427xx.o(.text)
    DMA1_Stream7_IRQHandler                  0x08000297   Thumb Code     0  startup_stm32f427xx.o(.text)
    DMA2D_IRQHandler                         0x08000297   Thumb Code     0  startup_stm32f427xx.o(.text)
    DMA2_Stream0_IRQHandler                  0x08000297   Thumb Code     0  startup_stm32f427xx.o(.text)
    DMA2_Stream3_IRQHandler                  0x08000297   Thumb Code     0  startup_stm32f427xx.o(.text)
    DMA2_Stream4_IRQHandler                  0x08000297   Thumb Code     0  startup_stm32f427xx.o(.text)
    DMA2_Stream5_IRQHandler                  0x08000297   Thumb Code     0  startup_stm32f427xx.o(.text)
    DMA2_Stream7_IRQHandler                  0x08000297   Thumb Code     0  startup_stm32f427xx.o(.text)
    ETH_IRQHandler                           0x08000297   Thumb Code     0  startup_stm32f427xx.o(.text)
    ETH_WKUP_IRQHandler                      0x08000297   Thumb Code     0  startup_stm32f427xx.o(.text)
    EXTI0_IRQHandler                         0x08000297   Thumb Code     0  startup_stm32f427xx.o(.text)
    EXTI15_10_IRQHandler                     0x08000297   Thumb Code     0  startup_stm32f427xx.o(.text)
    EXTI1_IRQHandler                         0x08000297   Thumb Code     0  startup_stm32f427xx.o(.text)
    EXTI2_IRQHandler                         0x08000297   Thumb Code     0  startup_stm32f427xx.o(.text)
    EXTI3_IRQHandler                         0x08000297   Thumb Code     0  startup_stm32f427xx.o(.text)
    EXTI4_IRQHandler                         0x08000297   Thumb Code     0  startup_stm32f427xx.o(.text)
    EXTI9_5_IRQHandler                       0x08000297   Thumb Code     0  startup_stm32f427xx.o(.text)
    FLASH_IRQHandler                         0x08000297   Thumb Code     0  startup_stm32f427xx.o(.text)
    FMC_IRQHandler                           0x08000297   Thumb Code     0  startup_stm32f427xx.o(.text)
    FPU_IRQHandler                           0x08000297   Thumb Code     0  startup_stm32f427xx.o(.text)
    HASH_RNG_IRQHandler                      0x08000297   Thumb Code     0  startup_stm32f427xx.o(.text)
    I2C1_ER_IRQHandler                       0x08000297   Thumb Code     0  startup_stm32f427xx.o(.text)
    I2C1_EV_IRQHandler                       0x08000297   Thumb Code     0  startup_stm32f427xx.o(.text)
    I2C2_ER_IRQHandler                       0x08000297   Thumb Code     0  startup_stm32f427xx.o(.text)
    I2C2_EV_IRQHandler                       0x08000297   Thumb Code     0  startup_stm32f427xx.o(.text)
    I2C3_ER_IRQHandler                       0x08000297   Thumb Code     0  startup_stm32f427xx.o(.text)
    I2C3_EV_IRQHandler                       0x08000297   Thumb Code     0  startup_stm32f427xx.o(.text)
    OTG_FS_WKUP_IRQHandler                   0x08000297   Thumb Code     0  startup_stm32f427xx.o(.text)
    OTG_HS_EP1_IN_IRQHandler                 0x08000297   Thumb Code     0  startup_stm32f427xx.o(.text)
    OTG_HS_EP1_OUT_IRQHandler                0x08000297   Thumb Code     0  startup_stm32f427xx.o(.text)
    OTG_HS_IRQHandler                        0x08000297   Thumb Code     0  startup_stm32f427xx.o(.text)
    OTG_HS_WKUP_IRQHandler                   0x08000297   Thumb Code     0  startup_stm32f427xx.o(.text)
    PVD_IRQHandler                           0x08000297   Thumb Code     0  startup_stm32f427xx.o(.text)
    RTC_Alarm_IRQHandler                     0x08000297   Thumb Code     0  startup_stm32f427xx.o(.text)
    RTC_WKUP_IRQHandler                      0x08000297   Thumb Code     0  startup_stm32f427xx.o(.text)
    SAI1_IRQHandler                          0x08000297   Thumb Code     0  startup_stm32f427xx.o(.text)
    SDIO_IRQHandler                          0x08000297   Thumb Code     0  startup_stm32f427xx.o(.text)
    SPI1_IRQHandler                          0x08000297   Thumb Code     0  startup_stm32f427xx.o(.text)
    SPI2_IRQHandler                          0x08000297   Thumb Code     0  startup_stm32f427xx.o(.text)
    SPI3_IRQHandler                          0x08000297   Thumb Code     0  startup_stm32f427xx.o(.text)
    SPI4_IRQHandler                          0x08000297   Thumb Code     0  startup_stm32f427xx.o(.text)
    SPI5_IRQHandler                          0x08000297   Thumb Code     0  startup_stm32f427xx.o(.text)
    SPI6_IRQHandler                          0x08000297   Thumb Code     0  startup_stm32f427xx.o(.text)
    TAMP_STAMP_IRQHandler                    0x08000297   Thumb Code     0  startup_stm32f427xx.o(.text)
    TIM1_BRK_TIM9_IRQHandler                 0x08000297   Thumb Code     0  startup_stm32f427xx.o(.text)
    TIM1_CC_IRQHandler                       0x08000297   Thumb Code     0  startup_stm32f427xx.o(.text)
    TIM1_TRG_COM_TIM11_IRQHandler            0x08000297   Thumb Code     0  startup_stm32f427xx.o(.text)
    TIM1_UP_TIM10_IRQHandler                 0x08000297   Thumb Code     0  startup_stm32f427xx.o(.text)
    TIM2_IRQHandler                          0x08000297   Thumb Code     0  startup_stm32f427xx.o(.text)
    TIM4_IRQHandler                          0x08000297   Thumb Code     0  startup_stm32f427xx.o(.text)
    TIM5_IRQHandler                          0x08000297   Thumb Code     0  startup_stm32f427xx.o(.text)
    TIM6_DAC_IRQHandler                      0x08000297   Thumb Code     0  startup_stm32f427xx.o(.text)
    TIM7_IRQHandler                          0x08000297   Thumb Code     0  startup_stm32f427xx.o(.text)
    TIM8_BRK_TIM12_IRQHandler                0x08000297   Thumb Code     0  startup_stm32f427xx.o(.text)
    TIM8_CC_IRQHandler                       0x08000297   Thumb Code     0  startup_stm32f427xx.o(.text)
    TIM8_TRG_COM_TIM14_IRQHandler            0x08000297   Thumb Code     0  startup_stm32f427xx.o(.text)
    TIM8_UP_TIM13_IRQHandler                 0x08000297   Thumb Code     0  startup_stm32f427xx.o(.text)
    UART4_IRQHandler                         0x08000297   Thumb Code     0  startup_stm32f427xx.o(.text)
    UART5_IRQHandler                         0x08000297   Thumb Code     0  startup_stm32f427xx.o(.text)
    UART7_IRQHandler                         0x08000297   Thumb Code     0  startup_stm32f427xx.o(.text)
    UART8_IRQHandler                         0x08000297   Thumb Code     0  startup_stm32f427xx.o(.text)
    USART2_IRQHandler                        0x08000297   Thumb Code     0  startup_stm32f427xx.o(.text)
    USART3_IRQHandler                        0x08000297   Thumb Code     0  startup_stm32f427xx.o(.text)
    WWDG_IRQHandler                          0x08000297   Thumb Code     0  startup_stm32f427xx.o(.text)
    __aeabi_uldivmod                         0x080002a1   Thumb Code    98  uldiv.o(.text)
    __aeabi_memcpy                           0x08000303   Thumb Code    36  memcpya.o(.text)
    __aeabi_memcpy4                          0x08000303   Thumb Code     0  memcpya.o(.text)
    __aeabi_memcpy8                          0x08000303   Thumb Code     0  memcpya.o(.text)
    __aeabi_memset                           0x08000327   Thumb Code    14  memseta.o(.text)
    __aeabi_memset4                          0x08000327   Thumb Code     0  memseta.o(.text)
    __aeabi_memset8                          0x08000327   Thumb Code     0  memseta.o(.text)
    __aeabi_memclr                           0x08000335   Thumb Code     4  memseta.o(.text)
    __aeabi_memclr4                          0x08000335   Thumb Code     0  memseta.o(.text)
    __aeabi_memclr8                          0x08000335   Thumb Code     0  memseta.o(.text)
    _memset$wrapper                          0x08000339   Thumb Code    18  memseta.o(.text)
    __aeabi_dadd                             0x0800034b   Thumb Code   322  dadd.o(.text)
    __aeabi_dsub                             0x0800048d   Thumb Code     6  dadd.o(.text)
    __aeabi_drsub                            0x08000493   Thumb Code     6  dadd.o(.text)
    __aeabi_dmul                             0x08000499   Thumb Code   228  dmul.o(.text)
    __aeabi_i2d                              0x0800057d   Thumb Code    34  dflti.o(.text)
    __aeabi_d2iz                             0x0800059f   Thumb Code    62  dfixi.o(.text)
    __aeabi_d2f                              0x080005dd   Thumb Code    56  d2f.o(.text)
    __aeabi_llsl                             0x08000615   Thumb Code    30  llshl.o(.text)
    _ll_shift_l                              0x08000615   Thumb Code     0  llshl.o(.text)
    __aeabi_llsr                             0x08000633   Thumb Code    32  llushr.o(.text)
    _ll_ushift_r                             0x08000633   Thumb Code     0  llushr.o(.text)
    __aeabi_lasr                             0x08000653   Thumb Code    36  llsshr.o(.text)
    _ll_sshift_r                             0x08000653   Thumb Code     0  llsshr.o(.text)
    __I$use$fp                               0x08000677   Thumb Code     0  iusefp.o(.text)
    _float_round                             0x08000677   Thumb Code    18  fepilogue.o(.text)
    _float_epilogue                          0x08000689   Thumb Code    92  fepilogue.o(.text)
    _double_round                            0x080006e5   Thumb Code    30  depilogue.o(.text)
    _double_epilogue                         0x08000703   Thumb Code   156  depilogue.o(.text)
    __scatterload                            0x080007a1   Thumb Code    28  init.o(.text)
    __scatterload_rt2                        0x080007a1   Thumb Code     0  init.o(.text)
    __decompress                             0x080007c5   Thumb Code     0  __dczerorl2.o(.text)
    __decompress1                            0x080007c5   Thumb Code    86  __dczerorl2.o(.text)
    BusFault_Handler                         0x0800081b   Thumb Code     2  stm32f4xx_it.o(i.BusFault_Handler)
    CAN1_RX0_IRQHandler                      0x0800081d   Thumb Code     6  stm32f4xx_it.o(i.CAN1_RX0_IRQHandler)
    CAN1_TX_IRQHandler                       0x08000829   Thumb Code     6  stm32f4xx_it.o(i.CAN1_TX_IRQHandler)
    CAN_Initialize                           0x08000835   Thumb Code   128  bsp_can.o(i.CAN_Initialize)
    CDC_Transmit_FS                          0x080008d5   Thumb Code    38  usbd_cdc_if.o(i.CDC_Transmit_FS)
    CanReceiveMsgProcess                     0x08000901   Thumb Code   106  cantask.o(i.CanReceiveMsgProcess)
    DMA2_Stream1_IRQHandler                  0x08000981   Thumb Code     6  stm32f4xx_it.o(i.DMA2_Stream1_IRQHandler)
    DMA2_Stream2_IRQHandler                  0x0800098d   Thumb Code     6  stm32f4xx_it.o(i.DMA2_Stream2_IRQHandler)
    DMA2_Stream6_IRQHandler                  0x08000999   Thumb Code     6  stm32f4xx_it.o(i.DMA2_Stream6_IRQHandler)
    DebugMon_Handler                         0x08000a49   Thumb Code     2  stm32f4xx_it.o(i.DebugMon_Handler)
    EncoderProcess                           0x08000a4d   Thumb Code   210  encoder.o(i.EncoderProcess)
    GetEncoderBias                           0x08000b2d   Thumb Code    22  encoder.o(i.GetEncoderBias)
    HAL_CAN_ActivateNotification             0x08000b43   Thumb Code    40  stm32f4xx_hal_can.o(i.HAL_CAN_ActivateNotification)
    HAL_CAN_AddTxMessage                     0x08000b6b   Thumb Code   200  stm32f4xx_hal_can.o(i.HAL_CAN_AddTxMessage)
    HAL_CAN_ConfigFilter                     0x08000c35   Thumb Code   262  stm32f4xx_hal_can.o(i.HAL_CAN_ConfigFilter)
    HAL_CAN_ErrorCallback                    0x08000d41   Thumb Code     2  stm32f4xx_hal_can.o(i.HAL_CAN_ErrorCallback)
    HAL_CAN_GetRxFifoFillLevel               0x08000d43   Thumb Code    36  stm32f4xx_hal_can.o(i.HAL_CAN_GetRxFifoFillLevel)
    HAL_CAN_GetRxMessage                     0x08000d67   Thumb Code   250  stm32f4xx_hal_can.o(i.HAL_CAN_GetRxMessage)
    HAL_CAN_IRQHandler                       0x08000e61   Thumb Code   508  stm32f4xx_hal_can.o(i.HAL_CAN_IRQHandler)
    HAL_CAN_Init                             0x0800105d   Thumb Code   282  stm32f4xx_hal_can.o(i.HAL_CAN_Init)
    HAL_CAN_MspInit                          0x08001179   Thumb Code    92  can.o(i.HAL_CAN_MspInit)
    HAL_CAN_RxFifo0FullCallback              0x080011e1   Thumb Code     2  stm32f4xx_hal_can.o(i.HAL_CAN_RxFifo0FullCallback)
    HAL_CAN_RxFifo0MsgPendingCallback        0x080011e3   Thumb Code     2  stm32f4xx_hal_can.o(i.HAL_CAN_RxFifo0MsgPendingCallback)
    HAL_CAN_RxFifo1FullCallback              0x080011e5   Thumb Code     2  stm32f4xx_hal_can.o(i.HAL_CAN_RxFifo1FullCallback)
    HAL_CAN_RxFifo1MsgPendingCallback        0x080011e7   Thumb Code     2  stm32f4xx_hal_can.o(i.HAL_CAN_RxFifo1MsgPendingCallback)
    HAL_CAN_SleepCallback                    0x080011e9   Thumb Code     2  stm32f4xx_hal_can.o(i.HAL_CAN_SleepCallback)
    HAL_CAN_Start                            0x080011ed   Thumb Code    88  stm32f4xx_hal_can.o(i.HAL_CAN_Start)
    HAL_CAN_TxMailbox0AbortCallback          0x08001245   Thumb Code     2  stm32f4xx_hal_can.o(i.HAL_CAN_TxMailbox0AbortCallback)
    HAL_CAN_TxMailbox0CompleteCallback       0x08001247   Thumb Code     2  stm32f4xx_hal_can.o(i.HAL_CAN_TxMailbox0CompleteCallback)
    HAL_CAN_TxMailbox1AbortCallback          0x08001249   Thumb Code     2  stm32f4xx_hal_can.o(i.HAL_CAN_TxMailbox1AbortCallback)
    HAL_CAN_TxMailbox1CompleteCallback       0x0800124b   Thumb Code     2  stm32f4xx_hal_can.o(i.HAL_CAN_TxMailbox1CompleteCallback)
    HAL_CAN_TxMailbox2AbortCallback          0x0800124d   Thumb Code     2  stm32f4xx_hal_can.o(i.HAL_CAN_TxMailbox2AbortCallback)
    HAL_CAN_TxMailbox2CompleteCallback       0x0800124f   Thumb Code     2  stm32f4xx_hal_can.o(i.HAL_CAN_TxMailbox2CompleteCallback)
    HAL_CAN_WakeUpFromRxMsgCallback          0x08001251   Thumb Code     2  stm32f4xx_hal_can.o(i.HAL_CAN_WakeUpFromRxMsgCallback)
    HAL_DMA_Abort_IT                         0x08001253   Thumb Code    36  stm32f4xx_hal_dma.o(i.HAL_DMA_Abort_IT)
    HAL_DMA_IRQHandler                       0x08001279   Thumb Code   412  stm32f4xx_hal_dma.o(i.HAL_DMA_IRQHandler)
    HAL_DMA_Init                             0x08001419   Thumb Code   206  stm32f4xx_hal_dma.o(i.HAL_DMA_Init)
    HAL_DMA_Start                            0x080014ed   Thumb Code    70  stm32f4xx_hal_dma.o(i.HAL_DMA_Start)
    HAL_GPIO_Init                            0x08001535   Thumb Code   408  stm32f4xx_hal_gpio.o(i.HAL_GPIO_Init)
    HAL_GPIO_WritePin                        0x08001701   Thumb Code    10  stm32f4xx_hal_gpio.o(i.HAL_GPIO_WritePin)
    HAL_GetTick                              0x0800170d   Thumb Code     6  stm32f4xx_hal.o(i.HAL_GetTick)
    HAL_IncTick                              0x08001719   Thumb Code    12  stm32f4xx_hal.o(i.HAL_IncTick)
    HAL_Init                                 0x08001729   Thumb Code    48  stm32f4xx_hal.o(i.HAL_Init)
    HAL_InitTick                             0x0800175d   Thumb Code   100  stm32f4xx_hal_timebase_tim.o(i.HAL_InitTick)
    HAL_MspInit                              0x080017d1   Thumb Code   142  stm32f4xx_hal_msp.o(i.HAL_MspInit)
    HAL_NVIC_EnableIRQ                       0x08001865   Thumb Code    22  stm32f4xx_hal_cortex.o(i.HAL_NVIC_EnableIRQ)
    HAL_NVIC_SetPriority                     0x0800187d   Thumb Code    60  stm32f4xx_hal_cortex.o(i.HAL_NVIC_SetPriority)
    HAL_NVIC_SetPriorityGrouping             0x080018bd   Thumb Code    26  stm32f4xx_hal_cortex.o(i.HAL_NVIC_SetPriorityGrouping)
    HAL_PCD_ConnectCallback                  0x080018e1   Thumb Code     8  usbd_conf.o(i.HAL_PCD_ConnectCallback)
    HAL_PCD_DataInStageCallback              0x080018e9   Thumb Code    18  usbd_conf.o(i.HAL_PCD_DataInStageCallback)
    HAL_PCD_DataOutStageCallback             0x080018fb   Thumb Code    20  usbd_conf.o(i.HAL_PCD_DataOutStageCallback)
    HAL_PCD_DisconnectCallback               0x0800190f   Thumb Code     8  usbd_conf.o(i.HAL_PCD_DisconnectCallback)
    HAL_PCD_EP_ClrStall                      0x08001917   Thumb Code    80  stm32f4xx_hal_pcd.o(i.HAL_PCD_EP_ClrStall)
    HAL_PCD_EP_Open                          0x08001967   Thumb Code    84  stm32f4xx_hal_pcd.o(i.HAL_PCD_EP_Open)
    HAL_PCD_EP_Receive                       0x080019bb   Thumb Code    72  stm32f4xx_hal_pcd.o(i.HAL_PCD_EP_Receive)
    HAL_PCD_EP_SetStall                      0x08001a03   Thumb Code    96  stm32f4xx_hal_pcd.o(i.HAL_PCD_EP_SetStall)
    HAL_PCD_EP_Transmit                      0x08001a63   Thumb Code    64  stm32f4xx_hal_pcd.o(i.HAL_PCD_EP_Transmit)
    HAL_PCD_IRQHandler                       0x08001aa5   Thumb Code  1196  stm32f4xx_hal_pcd.o(i.HAL_PCD_IRQHandler)
    HAL_PCD_ISOINIncompleteCallback          0x08001f99   Thumb Code     8  usbd_conf.o(i.HAL_PCD_ISOINIncompleteCallback)
    HAL_PCD_ISOOUTIncompleteCallback         0x08001fa1   Thumb Code     8  usbd_conf.o(i.HAL_PCD_ISOOUTIncompleteCallback)
    HAL_PCD_ResetCallback                    0x08001fa9   Thumb Code    32  usbd_conf.o(i.HAL_PCD_ResetCallback)
    HAL_PCD_ResumeCallback                   0x08001fc9   Thumb Code     8  usbd_conf.o(i.HAL_PCD_ResumeCallback)
    HAL_PCD_SOFCallback                      0x08001fd1   Thumb Code     8  usbd_conf.o(i.HAL_PCD_SOFCallback)
    HAL_PCD_SetAddress                       0x08001fd9   Thumb Code    36  stm32f4xx_hal_pcd.o(i.HAL_PCD_SetAddress)
    HAL_PCD_SetupStageCallback               0x08001ffd   Thumb Code    14  usbd_conf.o(i.HAL_PCD_SetupStageCallback)
    HAL_PCD_SuspendCallback                  0x0800200d   Thumb Code    44  usbd_conf.o(i.HAL_PCD_SuspendCallback)
    HAL_RCC_ClockConfig                      0x0800203d   Thumb Code   286  stm32f4xx_hal_rcc.o(i.HAL_RCC_ClockConfig)
    HAL_RCC_GetClockConfig                   0x0800216d   Thumb Code    54  stm32f4xx_hal_rcc.o(i.HAL_RCC_GetClockConfig)
    HAL_RCC_GetHCLKFreq                      0x080021ad   Thumb Code     6  stm32f4xx_hal_rcc.o(i.HAL_RCC_GetHCLKFreq)
    HAL_RCC_GetPCLK1Freq                     0x080021b9   Thumb Code    20  stm32f4xx_hal_rcc.o(i.HAL_RCC_GetPCLK1Freq)
    HAL_RCC_GetPCLK2Freq                     0x080021d9   Thumb Code    20  stm32f4xx_hal_rcc.o(i.HAL_RCC_GetPCLK2Freq)
    HAL_RCC_GetSysClockFreq                  0x080021f9   Thumb Code    88  stm32f4xx_hal_rcc.o(i.HAL_RCC_GetSysClockFreq)
    HAL_RCC_OscConfig                        0x0800225d   Thumb Code   770  stm32f4xx_hal_rcc.o(i.HAL_RCC_OscConfig)
    HAL_SYSTICK_CLKSourceConfig              0x08002579   Thumb Code    24  stm32f4xx_hal_cortex.o(i.HAL_SYSTICK_CLKSourceConfig)
    HAL_SYSTICK_Config                       0x08002591   Thumb Code    40  stm32f4xx_hal_cortex.o(i.HAL_SYSTICK_Config)
    HAL_TIMEx_BreakCallback                  0x080025b9   Thumb Code     2  stm32f4xx_hal_tim_ex.o(i.HAL_TIMEx_BreakCallback)
    HAL_TIMEx_CommutationCallback            0x080025bb   Thumb Code     2  stm32f4xx_hal_tim_ex.o(i.HAL_TIMEx_CommutationCallback)
    HAL_TIM_Base_Init                        0x080025bd   Thumb Code    54  stm32f4xx_hal_tim.o(i.HAL_TIM_Base_Init)
    HAL_TIM_Base_MspInit                     0x080025f3   Thumb Code     2  stm32f4xx_hal_tim.o(i.HAL_TIM_Base_MspInit)
    HAL_TIM_Base_Start_IT                    0x080025f5   Thumb Code    24  stm32f4xx_hal_tim.o(i.HAL_TIM_Base_Start_IT)
    HAL_TIM_IC_CaptureCallback               0x0800260d   Thumb Code     2  stm32f4xx_hal_tim.o(i.HAL_TIM_IC_CaptureCallback)
    HAL_TIM_IRQHandler                       0x0800260f   Thumb Code   358  stm32f4xx_hal_tim.o(i.HAL_TIM_IRQHandler)
    HAL_TIM_OC_DelayElapsedCallback          0x08002775   Thumb Code     2  stm32f4xx_hal_tim.o(i.HAL_TIM_OC_DelayElapsedCallback)
    HAL_TIM_PWM_PulseFinishedCallback        0x08002777   Thumb Code     2  stm32f4xx_hal_tim.o(i.HAL_TIM_PWM_PulseFinishedCallback)
    HAL_TIM_PeriodElapsedCallback            0x08002779   Thumb Code    14  main.o(i.HAL_TIM_PeriodElapsedCallback)
    HAL_TIM_TriggerCallback                  0x0800278d   Thumb Code     2  stm32f4xx_hal_tim.o(i.HAL_TIM_TriggerCallback)
    HAL_UART_ErrorCallback                   0x0800278f   Thumb Code     2  stm32f4xx_hal_uart.o(i.HAL_UART_ErrorCallback)
    HAL_UART_IDLE_IRQHandler                 0x08002791   Thumb Code   244  usart.o(i.HAL_UART_IDLE_IRQHandler)
    HAL_UART_IRQHandler                      0x0800288d   Thumb Code   266  stm32f4xx_hal_uart.o(i.HAL_UART_IRQHandler)
    HAL_UART_Init                            0x0800299d   Thumb Code    98  stm32f4xx_hal_uart.o(i.HAL_UART_Init)
    HAL_UART_MspInit                         0x08002a01   Thumb Code   292  usart.o(i.HAL_UART_MspInit)
    HAL_UART_RxCpltCallback                  0x08002b51   Thumb Code     2  stm32f4xx_hal_uart.o(i.HAL_UART_RxCpltCallback)
    HAL_UART_TxCpltCallback                  0x08002b53   Thumb Code     2  stm32f4xx_hal_uart.o(i.HAL_UART_TxCpltCallback)
    HardFault_Handler                        0x08002b55   Thumb Code     2  stm32f4xx_it.o(i.HardFault_Handler)
    MX_CAN1_Init                             0x08002b59   Thumb Code    64  can.o(i.MX_CAN1_Init)
    MX_DMA_Init                              0x08002bb1   Thumb Code    72  dma.o(i.MX_DMA_Init)
    MX_FREERTOS_Init                         0x08002bfd   Thumb Code    38  freertos.o(i.MX_FREERTOS_Init)
    MX_GPIO_Init                             0x08002c2d   Thumb Code   194  gpio.o(i.MX_GPIO_Init)
    MX_USART1_UART_Init                      0x08002cfd   Thumb Code    54  usart.o(i.MX_USART1_UART_Init)
    MX_USART6_UART_Init                      0x08002d51   Thumb Code    52  usart.o(i.MX_USART6_UART_Init)
    MemManage_Handler                        0x08002d9d   Thumb Code     2  stm32f4xx_it.o(i.MemManage_Handler)
    NMI_Handler                              0x08002d9f   Thumb Code     2  stm32f4xx_it.o(i.NMI_Handler)
    OTG_FS_IRQHandler                        0x08002dc1   Thumb Code     6  stm32f4xx_it.o(i.OTG_FS_IRQHandler)
    PID_Calc                                 0x08002e55   Thumb Code   120  pid.o(i.PID_Calc)
    PID_Calc_Step                            0x08002ecd   Thumb Code   180  pid.o(i.PID_Calc_Step)
    PID_Reset                                0x08002f8d   Thumb Code    18  pid.o(i.PID_Reset)
    RCC_IRQHandler                           0x08002fa5   Thumb Code     2  stm32f4xx_it.o(i.RCC_IRQHandler)
    StartDefaultTask                         0x08002fa7   Thumb Code     8  freertos.o(i.StartDefaultTask)
    SysTick_Handler                          0x08002faf   Thumb Code     4  stm32f4xx_it.o(i.SysTick_Handler)
    SystemClock_Config                       0x08002fb5   Thumb Code   150  main.o(i.SystemClock_Config)
    SystemInit                               0x08003055   Thumb Code    66  system_stm32f4xx.o(i.SystemInit)
    TIM3_IRQHandler                          0x080030a9   Thumb Code     6  stm32f4xx_it.o(i.TIM3_IRQHandler)
    TIM_Base_SetConfig                       0x080030b5   Thumb Code   148  stm32f4xx_hal_tim.o(i.TIM_Base_SetConfig)
    UART_RxCplCallback                       0x0800322d   Thumb Code     8  usbd_cdc_if.o(i.UART_RxCplCallback)
    USART1_IRQHandler                        0x08003545   Thumb Code    18  stm32f4xx_it.o(i.USART1_IRQHandler)
    USART6_IRQHandler                        0x0800355d   Thumb Code    18  stm32f4xx_it.o(i.USART6_IRQHandler)
    USBD_CDC_SetTxBuffer                     0x08003575   Thumb Code    16  usbd_cdc.o(i.USBD_CDC_SetTxBuffer)
    USBD_CDC_TransmitPacket                  0x08003585   Thumb Code    48  usbd_cdc.o(i.USBD_CDC_TransmitPacket)
    USBD_ClrClassConfig                      0x080035b5   Thumb Code    14  usbd_core.o(i.USBD_ClrClassConfig)
    USBD_CtlContinueRx                       0x080035c3   Thumb Code    16  usbd_ioreq.o(i.USBD_CtlContinueRx)
    USBD_CtlContinueSendData                 0x080035d3   Thumb Code    16  usbd_ioreq.o(i.USBD_CtlContinueSendData)
    USBD_CtlError                            0x080035e3   Thumb Code    22  usbd_ctlreq.o(i.USBD_CtlError)
    USBD_CtlReceiveStatus                    0x080035f9   Thumb Code    22  usbd_ioreq.o(i.USBD_CtlReceiveStatus)
    USBD_CtlSendData                         0x0800360f   Thumb Code    26  usbd_ioreq.o(i.USBD_CtlSendData)
    USBD_CtlSendStatus                       0x08003629   Thumb Code    22  usbd_ioreq.o(i.USBD_CtlSendStatus)
    USBD_LL_ClearStallEP                     0x0800371f   Thumb Code    32  usbd_conf.o(i.USBD_LL_ClearStallEP)
    USBD_LL_DataInStage                      0x0800373f   Thumb Code   170  usbd_core.o(i.USBD_LL_DataInStage)
    USBD_LL_DataOutStage                     0x080037e9   Thumb Code   106  usbd_core.o(i.USBD_LL_DataOutStage)
    USBD_LL_DevConnected                     0x08003853   Thumb Code     4  usbd_core.o(i.USBD_LL_DevConnected)
    USBD_LL_DevDisconnected                  0x08003857   Thumb Code    22  usbd_core.o(i.USBD_LL_DevDisconnected)
    USBD_LL_IsStallEP                        0x0800386d   Thumb Code    32  usbd_conf.o(i.USBD_LL_IsStallEP)
    USBD_LL_IsoINIncomplete                  0x0800388d   Thumb Code     4  usbd_core.o(i.USBD_LL_IsoINIncomplete)
    USBD_LL_IsoOUTIncomplete                 0x08003891   Thumb Code     4  usbd_core.o(i.USBD_LL_IsoOUTIncomplete)
    USBD_LL_OpenEP                           0x08003895   Thumb Code    38  usbd_conf.o(i.USBD_LL_OpenEP)
    USBD_LL_PrepareReceive                   0x080038bb   Thumb Code    32  usbd_conf.o(i.USBD_LL_PrepareReceive)
    USBD_LL_Reset                            0x080038db   Thumb Code    62  usbd_core.o(i.USBD_LL_Reset)
    USBD_LL_Resume                           0x08003919   Thumb Code    12  usbd_core.o(i.USBD_LL_Resume)
    USBD_LL_SOF                              0x08003925   Thumb Code    24  usbd_core.o(i.USBD_LL_SOF)
    USBD_LL_SetSpeed                         0x0800393d   Thumb Code     6  usbd_core.o(i.USBD_LL_SetSpeed)
    USBD_LL_SetUSBAddress                    0x08003943   Thumb Code    32  usbd_conf.o(i.USBD_LL_SetUSBAddress)
    USBD_LL_SetupStage                       0x08003963   Thumb Code    90  usbd_core.o(i.USBD_LL_SetupStage)
    USBD_LL_StallEP                          0x080039bd   Thumb Code    32  usbd_conf.o(i.USBD_LL_StallEP)
    USBD_LL_Suspend                          0x080039dd   Thumb Code    18  usbd_core.o(i.USBD_LL_Suspend)
    USBD_LL_Transmit                         0x080039ef   Thumb Code    32  usbd_conf.o(i.USBD_LL_Transmit)
    USBD_ParseSetupRequest                   0x08003a0f   Thumb Code    40  usbd_ctlreq.o(i.USBD_ParseSetupRequest)
    USBD_SetClassConfig                      0x08003a37   Thumb Code    22  usbd_core.o(i.USBD_SetClassConfig)
    USBD_StdDevReq                           0x08003ac1   Thumb Code   242  usbd_ctlreq.o(i.USBD_StdDevReq)
    USBD_StdEPReq                            0x08003bb3   Thumb Code   220  usbd_ctlreq.o(i.USBD_StdEPReq)
    USBD_StdItfReq                           0x08003c8f   Thumb Code    52  usbd_ctlreq.o(i.USBD_StdItfReq)
    USB_ActivateEndpoint                     0x08003cc5   Thumb Code   122  stm32f4xx_ll_usb.o(i.USB_ActivateEndpoint)
    USB_ActivateSetup                        0x08003d45   Thumb Code    52  stm32f4xx_ll_usb.o(i.USB_ActivateSetup)
    USB_EP0StartXfer                         0x08003d79   Thumb Code   316  stm32f4xx_ll_usb.o(i.USB_EP0StartXfer)
    USB_EP0_OutStart                         0x08003eb9   Thumb Code    62  stm32f4xx_ll_usb.o(i.USB_EP0_OutStart)
    USB_EPClearStall                         0x08003ef7   Thumb Code   100  stm32f4xx_ll_usb.o(i.USB_EPClearStall)
    USB_EPSetStall                           0x08003f5b   Thumb Code    94  stm32f4xx_ll_usb.o(i.USB_EPSetStall)
    USB_EPStartXfer                          0x08003fb9   Thumb Code   534  stm32f4xx_ll_usb.o(i.USB_EPStartXfer)
    USB_FlushTxFifo                          0x080041d5   Thumb Code    32  stm32f4xx_ll_usb.o(i.USB_FlushTxFifo)
    USB_GetDevSpeed                          0x080041f9   Thumb Code    60  stm32f4xx_ll_usb.o(i.USB_GetDevSpeed)
    USB_GetMode                              0x08004235   Thumb Code     8  stm32f4xx_ll_usb.o(i.USB_GetMode)
    USB_ReadDevAllInEpInterrupt              0x0800423d   Thumb Code    14  stm32f4xx_ll_usb.o(i.USB_ReadDevAllInEpInterrupt)
    USB_ReadDevAllOutEpInterrupt             0x0800424b   Thumb Code    14  stm32f4xx_ll_usb.o(i.USB_ReadDevAllOutEpInterrupt)
    USB_ReadDevInEPInterrupt                 0x08004259   Thumb Code    30  stm32f4xx_ll_usb.o(i.USB_ReadDevInEPInterrupt)
    USB_ReadDevOutEPInterrupt                0x08004277   Thumb Code    16  stm32f4xx_ll_usb.o(i.USB_ReadDevOutEPInterrupt)
    USB_ReadInterrupts                       0x08004287   Thumb Code     8  stm32f4xx_ll_usb.o(i.USB_ReadInterrupts)
    USB_ReadPacket                           0x0800428f   Thumb Code    32  stm32f4xx_ll_usb.o(i.USB_ReadPacket)
    USB_SetDevAddress                        0x080042af   Thumb Code    34  stm32f4xx_ll_usb.o(i.USB_SetDevAddress)
    USB_WritePacket                          0x080042d1   Thumb Code    40  stm32f4xx_ll_usb.o(i.USB_WritePacket)
    UsageFault_Handler                       0x080042f9   Thumb Code     2  stm32f4xx_it.o(i.UsageFault_Handler)
    _Error_Handler                           0x080042fb   Thumb Code     2  main.o(i._Error_Handler)
    __scatterload_copy                       0x080042fd   Thumb Code    14  handlers.o(i.__scatterload_copy)
    __scatterload_null                       0x0800430b   Thumb Code     2  handlers.o(i.__scatterload_null)
    __scatterload_zeroinit                   0x0800430d   Thumb Code    14  handlers.o(i.__scatterload_zeroinit)
    can_task                                 0x0800431d   Thumb Code    48  cantask.o(i.can_task)
    chassis_remoteControl                    0x08004359   Thumb Code   594  chassistask.o(i.chassis_remoteControl)
    chassis_task                             0x080045cd   Thumb Code    26  chassistask.o(i.chassis_task)
    create_CAN_Task                          0x080045f1   Thumb Code    30  cantask.o(i.create_CAN_Task)
    create_chassis_Task                      0x08004619   Thumb Code    30  chassistask.o(i.create_chassis_Task)
    dbus_uart_init                           0x08004641   Thumb Code    64  bsp_uart.o(i.dbus_uart_init)
    main                                     0x08004695   Thumb Code    46  main.o(i.main)
    osDelay                                  0x080046cf   Thumb Code    14  cmsis_os.o(i.osDelay)
    osDelayUntil                             0x080046dd   Thumb Code     4  cmsis_os.o(i.osDelayUntil)
    osKernelStart                            0x080046e1   Thumb Code    10  cmsis_os.o(i.osKernelStart)
    osKernelSysTick                          0x080046eb   Thumb Code    24  cmsis_os.o(i.osKernelSysTick)
    osSystickHandler                         0x08004703   Thumb Code    20  cmsis_os.o(i.osSystickHandler)
    osThreadCreate                           0x08004717   Thumb Code    46  cmsis_os.o(i.osThreadCreate)
    pvPortMalloc                             0x08004a81   Thumb Code   210  heap_4.o(i.pvPortMalloc)
    pxPortInitialiseStack                    0x08004b59   Thumb Code    40  port.o(i.pxPortInitialiseStack)
    rc_callback_handler                      0x08004b85   Thumb Code   226  bsp_uart.o(i.rc_callback_handler)
    rc_dealler                               0x08004c69   Thumb Code   246  bsp_uart.o(i.rc_dealler)
    send_Chassis_Msg                         0x08004d7d   Thumb Code    74  chassistask.o(i.send_Chassis_Msg)
    uart_receive_handler                     0x08004dcd   Thumb Code    86  bsp_uart.o(i.uart_receive_handler)
    uxListRemove                             0x08004e2d   Thumb Code    36  list.o(i.uxListRemove)
    vListInitialise                          0x08004e51   Thumb Code    22  list.o(i.vListInitialise)
    vListInitialiseItem                      0x08004e67   Thumb Code     6  list.o(i.vListInitialiseItem)
    vListInsert                              0x08004e6d   Thumb Code    48  list.o(i.vListInsert)
    vListInsertEnd                           0x08004e9d   Thumb Code    24  list.o(i.vListInsertEnd)
    vPortEnterCritical                       0x08004eb5   Thumb Code    54  port.o(i.vPortEnterCritical)
    vPortExitCritical                        0x08004ef5   Thumb Code    34  port.o(i.vPortExitCritical)
    vPortFree                                0x08004f1d   Thumb Code    88  heap_4.o(i.vPortFree)
    vPortSetupTimerInterrupt                 0x08004f79   Thumb Code    26  port.o(i.vPortSetupTimerInterrupt)
    vPortValidateInterruptPriority           0x08004f99   Thumb Code    74  port.o(i.vPortValidateInterruptPriority)
    vTaskDelay                               0x08004fed   Thumb Code    66  tasks.o(i.vTaskDelay)
    vTaskStartScheduler                      0x08005039   Thumb Code    86  tasks.o(i.vTaskStartScheduler)
    vTaskSuspendAll                          0x080050a1   Thumb Code    10  tasks.o(i.vTaskSuspendAll)
    vTaskSwitchContext                       0x080050b1   Thumb Code    82  tasks.o(i.vTaskSwitchContext)
    xPortStartScheduler                      0x0800510d   Thumb Code   202  port.o(i.xPortStartScheduler)
    xPortSysTickHandler                      0x080051ed   Thumb Code    38  port.o(i.xPortSysTickHandler)
    xTaskCreate                              0x08005219   Thumb Code    86  tasks.o(i.xTaskCreate)
    xTaskGetSchedulerState                   0x08005271   Thumb Code    22  tasks.o(i.xTaskGetSchedulerState)
    xTaskGetTickCount                        0x0800528d   Thumb Code     6  tasks.o(i.xTaskGetTickCount)
    xTaskGetTickCountFromISR                 0x08005299   Thumb Code    12  tasks.o(i.xTaskGetTickCountFromISR)
    xTaskIncrementTick                       0x080052a9   Thumb Code   192  tasks.o(i.xTaskIncrementTick)
    xTaskResumeAll                           0x08005371   Thumb Code   182  tasks.o(i.xTaskResumeAll)
    AHBPrescTable                            0x08005450   Data          16  system_stm32f4xx.o(.constdata)
    APBPrescTable                            0x08005460   Data           8  system_stm32f4xx.o(.constdata)
    Region$$Table$$Base                      0x080054b0   Number         0  anon$$obj.o(Region$$Table)
    Region$$Table$$Limit                     0x080054d0   Number         0  anon$$obj.o(Region$$Table)
    defaultTaskHandle                        0x20000000   Data           4  freertos.o(.data)
    uwTickFreq                               0x20000004   Data           1  stm32f4xx_hal.o(.data)
    uwTickPrio                               0x20000008   Data           4  stm32f4xx_hal.o(.data)
    uwTick                                   0x2000000c   Data           4  stm32f4xx_hal.o(.data)
    SystemCoreClock                          0x20000010   Data           4  system_stm32f4xx.o(.data)
    pxCurrentTCB                             0x20000038   Data           4  tasks.o(.data)
    chassis_ref                              0x20000074   Data           6  bsp_uart.o(.data)
    chassisHandle                            0x2000007c   Data           4  chassistask.o(.data)
    CM1SpeedPID                              0x20000080   Data          72  chassistask.o(.data)
    CM2SpeedPID                              0x200000c8   Data          72  chassistask.o(.data)
    CM3SpeedPID                              0x20000110   Data          72  chassistask.o(.data)
    CM4SpeedPID                              0x20000158   Data          72  chassistask.o(.data)
    can_count                                0x200001a0   Data           4  cantask.o(.data)
    canHandle                                0x200001a4   Data           4  cantask.o(.data)
    canRxMsg                                 0x200001a8   Data           8  cantask.o(.data)
    hcan1                                    0x200001b4   Data          40  can.o(.bss)
    huart1                                   0x200001dc   Data          64  usart.o(.bss)
    huart6                                   0x2000021c   Data          64  usart.o(.bss)
    hdma_usart1_rx                           0x2000025c   Data          96  usart.o(.bss)
    hdma_usart6_rx                           0x200002bc   Data          96  usart.o(.bss)
    hdma_usart6_tx                           0x2000031c   Data          96  usart.o(.bss)
    htim3                                    0x2000037c   Data          60  stm32f4xx_hal_timebase_tim.o(.bss)
    hUsbDeviceFS                             0x200003b8   Data         548  usb_device.o(.bss)
    hpcd_USB_OTG_FS                          0x200005dc   Data        1008  usbd_conf.o(.bss)
    can1TxHeader0                            0x200046bc   Data          24  bsp_can.o(.bss)
    can1TxHeader1                            0x200046d4   Data          24  bsp_can.o(.bss)
    can1Filter                               0x200046ec   Data          40  bsp_can.o(.bss)
    dbus_buf                                 0x20004714   Data          18  bsp_uart.o(.bss)
    rc                                       0x20004726   Data          25  bsp_uart.o(.bss)
    CM1Encoder                               0x20004740   Data          76  chassistask.o(.bss)
    CM2Encoder                               0x2000478c   Data          76  chassistask.o(.bss)
    CM3Encoder                               0x200047d8   Data          76  chassistask.o(.bss)
    CM4Encoder                               0x20004824   Data          76  chassistask.o(.bss)
    can1RxHeader                             0x20004870   Data          28  cantask.o(.bss)
    __initial_sp                             0x20004c90   Data           0  startup_stm32f427xx.o(STACK)



==============================================================================

Memory Map of the image

  Image Entry point : 0x080001ad

  Load Region LR_IROM1 (Base: 0x08000000, Size: 0x00005684, Max: 0x00200000, ABSOLUTE, COMPRESSED[0x000054f4])

    Execution Region ER_IROM1 (Exec base: 0x08000000, Load base: 0x08000000, Size: 0x000054d0, Max: 0x00200000, ABSOLUTE)

    Exec Addr    Load Addr    Size         Type   Attr      Idx    E Section Name        Object

    0x08000000   0x08000000   0x000001ac   Data   RO            3    RESET               startup_stm32f427xx.o
    0x080001ac   0x080001ac   0x00000000   Code   RO         5934  * .ARM.Collect$$$$00000000  mc_w.l(entry.o)
    0x080001ac   0x080001ac   0x00000004   Code   RO         5983    .ARM.Collect$$$$00000001  mc_w.l(entry2.o)
    0x080001b0   0x080001b0   0x00000004   Code   RO         5986    .ARM.Collect$$$$00000004  mc_w.l(entry5.o)
    0x080001b4   0x080001b4   0x00000000   Code   RO         5988    .ARM.Collect$$$$00000008  mc_w.l(entry7b.o)
    0x080001b4   0x080001b4   0x00000000   Code   RO         5990    .ARM.Collect$$$$0000000A  mc_w.l(entry8b.o)
    0x080001b4   0x080001b4   0x00000008   Code   RO         5991    .ARM.Collect$$$$0000000B  mc_w.l(entry9a.o)
    0x080001bc   0x080001bc   0x00000000   Code   RO         5993    .ARM.Collect$$$$0000000D  mc_w.l(entry10a.o)
    0x080001bc   0x080001bc   0x00000000   Code   RO         5995    .ARM.Collect$$$$0000000F  mc_w.l(entry11a.o)
    0x080001bc   0x080001bc   0x00000004   Code   RO         5984    .ARM.Collect$$$$00002712  mc_w.l(entry2.o)
    0x080001c0   0x080001c0   0x000000ba   Code   RO         4199    .emb_text           port.o
    0x0800027a   0x0800027a   0x00000002   PAD
    0x0800027c   0x0800027c   0x00000024   Code   RO            4    .text               startup_stm32f427xx.o
    0x080002a0   0x080002a0   0x00000062   Code   RO         5937    .text               mc_w.l(uldiv.o)
    0x08000302   0x08000302   0x00000024   Code   RO         5939    .text               mc_w.l(memcpya.o)
    0x08000326   0x08000326   0x00000024   Code   RO         5941    .text               mc_w.l(memseta.o)
    0x0800034a   0x0800034a   0x0000014e   Code   RO         5973    .text               mf_w.l(dadd.o)
    0x08000498   0x08000498   0x000000e4   Code   RO         5975    .text               mf_w.l(dmul.o)
    0x0800057c   0x0800057c   0x00000022   Code   RO         5977    .text               mf_w.l(dflti.o)
    0x0800059e   0x0800059e   0x0000003e   Code   RO         5979    .text               mf_w.l(dfixi.o)
    0x080005dc   0x080005dc   0x00000038   Code   RO         5981    .text               mf_w.l(d2f.o)
    0x08000614   0x08000614   0x0000001e   Code   RO         5997    .text               mc_w.l(llshl.o)
    0x08000632   0x08000632   0x00000020   Code   RO         5999    .text               mc_w.l(llushr.o)
    0x08000652   0x08000652   0x00000024   Code   RO         6001    .text               mc_w.l(llsshr.o)
    0x08000676   0x08000676   0x00000000   Code   RO         6005    .text               mc_w.l(iusefp.o)
    0x08000676   0x08000676   0x0000006e   Code   RO         6006    .text               mf_w.l(fepilogue.o)
    0x080006e4   0x080006e4   0x000000ba   Code   RO         6008    .text               mf_w.l(depilogue.o)
    0x0800079e   0x0800079e   0x00000002   PAD
    0x080007a0   0x080007a0   0x00000024   Code   RO         6010    .text               mc_w.l(init.o)
    0x080007c4   0x080007c4   0x00000056   Code   RO         6020    .text               mc_w.l(__dczerorl2.o)
    0x0800081a   0x0800081a   0x00000002   Code   RO          438    i.BusFault_Handler  stm32f4xx_it.o
    0x0800081c   0x0800081c   0x0000000c   Code   RO          439    i.CAN1_RX0_IRQHandler  stm32f4xx_it.o
    0x08000828   0x08000828   0x0000000c   Code   RO          440    i.CAN1_TX_IRQHandler  stm32f4xx_it.o
    0x08000834   0x08000834   0x000000a0   Code   RO         5207    i.CAN_Initialize    bsp_can.o
    0x080008d4   0x080008d4   0x0000002c   Code   RO          693    i.CDC_Transmit_FS   usbd_cdc_if.o
    0x08000900   0x08000900   0x00000080   Code   RO         5390    i.CanReceiveMsgProcess  cantask.o
    0x08000980   0x08000980   0x0000000c   Code   RO          441    i.DMA2_Stream1_IRQHandler  stm32f4xx_it.o
    0x0800098c   0x0800098c   0x0000000c   Code   RO          442    i.DMA2_Stream2_IRQHandler  stm32f4xx_it.o
    0x08000998   0x08000998   0x0000000c   Code   RO          443    i.DMA2_Stream6_IRQHandler  stm32f4xx_it.o
    0x080009a4   0x080009a4   0x00000028   Code   RO         2950    i.DMA_CalcBaseAndBitshift  stm32f4xx_hal_dma.o
    0x080009cc   0x080009cc   0x00000054   Code   RO         2951    i.DMA_CheckFifoParam  stm32f4xx_hal_dma.o
    0x08000a20   0x08000a20   0x00000028   Code   RO         2952    i.DMA_SetConfig     stm32f4xx_hal_dma.o
    0x08000a48   0x08000a48   0x00000002   Code   RO          444    i.DebugMon_Handler  stm32f4xx_it.o
    0x08000a4a   0x08000a4a   0x00000002   PAD
    0x08000a4c   0x08000a4c   0x000000e0   Code   RO         5534    i.EncoderProcess    encoder.o
    0x08000b2c   0x08000b2c   0x00000016   Code   RO         5535    i.GetEncoderBias    encoder.o
    0x08000b42   0x08000b42   0x00000028   Code   RO         1010    i.HAL_CAN_ActivateNotification  stm32f4xx_hal_can.o
    0x08000b6a   0x08000b6a   0x000000c8   Code   RO         1011    i.HAL_CAN_AddTxMessage  stm32f4xx_hal_can.o
    0x08000c32   0x08000c32   0x00000002   PAD
    0x08000c34   0x08000c34   0x0000010c   Code   RO         1012    i.HAL_CAN_ConfigFilter  stm32f4xx_hal_can.o
    0x08000d40   0x08000d40   0x00000002   Code   RO         1015    i.HAL_CAN_ErrorCallback  stm32f4xx_hal_can.o
    0x08000d42   0x08000d42   0x00000024   Code   RO         1017    i.HAL_CAN_GetRxFifoFillLevel  stm32f4xx_hal_can.o
    0x08000d66   0x08000d66   0x000000fa   Code   RO         1018    i.HAL_CAN_GetRxMessage  stm32f4xx_hal_can.o
    0x08000e60   0x08000e60   0x000001fc   Code   RO         1022    i.HAL_CAN_IRQHandler  stm32f4xx_hal_can.o
    0x0800105c   0x0800105c   0x0000011a   Code   RO         1023    i.HAL_CAN_Init      stm32f4xx_hal_can.o
    0x08001176   0x08001176   0x00000002   PAD
    0x08001178   0x08001178   0x00000068   Code   RO          254    i.HAL_CAN_MspInit   can.o
    0x080011e0   0x080011e0   0x00000002   Code   RO         1030    i.HAL_CAN_RxFifo0FullCallback  stm32f4xx_hal_can.o
    0x080011e2   0x080011e2   0x00000002   Code   RO         1031    i.HAL_CAN_RxFifo0MsgPendingCallback  stm32f4xx_hal_can.o
    0x080011e4   0x080011e4   0x00000002   Code   RO         1032    i.HAL_CAN_RxFifo1FullCallback  stm32f4xx_hal_can.o
    0x080011e6   0x080011e6   0x00000002   Code   RO         1033    i.HAL_CAN_RxFifo1MsgPendingCallback  stm32f4xx_hal_can.o
    0x080011e8   0x080011e8   0x00000002   Code   RO         1034    i.HAL_CAN_SleepCallback  stm32f4xx_hal_can.o
    0x080011ea   0x080011ea   0x00000002   PAD
    0x080011ec   0x080011ec   0x00000058   Code   RO         1035    i.HAL_CAN_Start     stm32f4xx_hal_can.o
    0x08001244   0x08001244   0x00000002   Code   RO         1037    i.HAL_CAN_TxMailbox0AbortCallback  stm32f4xx_hal_can.o
    0x08001246   0x08001246   0x00000002   Code   RO         1038    i.HAL_CAN_TxMailbox0CompleteCallback  stm32f4xx_hal_can.o
    0x08001248   0x08001248   0x00000002   Code   RO         1039    i.HAL_CAN_TxMailbox1AbortCallback  stm32f4xx_hal_can.o
    0x0800124a   0x0800124a   0x00000002   Code   RO         1040    i.HAL_CAN_TxMailbox1CompleteCallback  stm32f4xx_hal_can.o
    0x0800124c   0x0800124c   0x00000002   Code   RO         1041    i.HAL_CAN_TxMailbox2AbortCallback  stm32f4xx_hal_can.o
    0x0800124e   0x0800124e   0x00000002   Code   RO         1042    i.HAL_CAN_TxMailbox2CompleteCallback  stm32f4xx_hal_can.o
    0x08001250   0x08001250   0x00000002   Code   RO         1044    i.HAL_CAN_WakeUpFromRxMsgCallback  stm32f4xx_hal_can.o
    0x08001252   0x08001252   0x00000024   Code   RO         2954    i.HAL_DMA_Abort_IT  stm32f4xx_hal_dma.o
    0x08001276   0x08001276   0x00000002   PAD
    0x08001278   0x08001278   0x000001a0   Code   RO         2958    i.HAL_DMA_IRQHandler  stm32f4xx_hal_dma.o
    0x08001418   0x08001418   0x000000d4   Code   RO         2959    i.HAL_DMA_Init      stm32f4xx_hal_dma.o
    0x080014ec   0x080014ec   0x00000046   Code   RO         2962    i.HAL_DMA_Start     stm32f4xx_hal_dma.o
    0x08001532   0x08001532   0x00000002   PAD
    0x08001534   0x08001534   0x000001cc   Code   RO         2846    i.HAL_GPIO_Init     stm32f4xx_hal_gpio.o
    0x08001700   0x08001700   0x0000000a   Code   RO         2850    i.HAL_GPIO_WritePin  stm32f4xx_hal_gpio.o
    0x0800170a   0x0800170a   0x00000002   PAD
    0x0800170c   0x0800170c   0x0000000c   Code   RO         3398    i.HAL_GetTick       stm32f4xx_hal.o
    0x08001718   0x08001718   0x00000010   Code   RO         3402    i.HAL_IncTick       stm32f4xx_hal.o
    0x08001728   0x08001728   0x00000034   Code   RO         3403    i.HAL_Init          stm32f4xx_hal.o
    0x0800175c   0x0800175c   0x00000074   Code   RO          586    i.HAL_InitTick      stm32f4xx_hal_timebase_tim.o
    0x080017d0   0x080017d0   0x00000094   Code   RO          562    i.HAL_MspInit       stm32f4xx_hal_msp.o
    0x08001864   0x08001864   0x00000016   Code   RO         3253    i.HAL_NVIC_EnableIRQ  stm32f4xx_hal_cortex.o
    0x0800187a   0x0800187a   0x00000002   PAD
    0x0800187c   0x0800187c   0x00000040   Code   RO         3259    i.HAL_NVIC_SetPriority  stm32f4xx_hal_cortex.o
    0x080018bc   0x080018bc   0x00000024   Code   RO         3260    i.HAL_NVIC_SetPriorityGrouping  stm32f4xx_hal_cortex.o
    0x080018e0   0x080018e0   0x00000008   Code   RO          752    i.HAL_PCD_ConnectCallback  usbd_conf.o
    0x080018e8   0x080018e8   0x00000012   Code   RO          753    i.HAL_PCD_DataInStageCallback  usbd_conf.o
    0x080018fa   0x080018fa   0x00000014   Code   RO          754    i.HAL_PCD_DataOutStageCallback  usbd_conf.o
    0x0800190e   0x0800190e   0x00000008   Code   RO          755    i.HAL_PCD_DisconnectCallback  usbd_conf.o
    0x08001916   0x08001916   0x00000050   Code   RO         3859    i.HAL_PCD_EP_ClrStall  stm32f4xx_hal_pcd.o
    0x08001966   0x08001966   0x00000054   Code   RO         3862    i.HAL_PCD_EP_Open   stm32f4xx_hal_pcd.o
    0x080019ba   0x080019ba   0x00000048   Code   RO         3863    i.HAL_PCD_EP_Receive  stm32f4xx_hal_pcd.o
    0x08001a02   0x08001a02   0x00000060   Code   RO         3864    i.HAL_PCD_EP_SetStall  stm32f4xx_hal_pcd.o
    0x08001a62   0x08001a62   0x00000040   Code   RO         3865    i.HAL_PCD_EP_Transmit  stm32f4xx_hal_pcd.o
    0x08001aa2   0x08001aa2   0x00000002   PAD
    0x08001aa4   0x08001aa4   0x000004f4   Code   RO         3867    i.HAL_PCD_IRQHandler  stm32f4xx_hal_pcd.o
    0x08001f98   0x08001f98   0x00000008   Code   RO          756    i.HAL_PCD_ISOINIncompleteCallback  usbd_conf.o
    0x08001fa0   0x08001fa0   0x00000008   Code   RO          757    i.HAL_PCD_ISOOUTIncompleteCallback  usbd_conf.o
    0x08001fa8   0x08001fa8   0x00000020   Code   RO          760    i.HAL_PCD_ResetCallback  usbd_conf.o
    0x08001fc8   0x08001fc8   0x00000008   Code   RO          761    i.HAL_PCD_ResumeCallback  usbd_conf.o
    0x08001fd0   0x08001fd0   0x00000008   Code   RO          762    i.HAL_PCD_SOFCallback  usbd_conf.o
    0x08001fd8   0x08001fd8   0x00000024   Code   RO         3876    i.HAL_PCD_SetAddress  stm32f4xx_hal_pcd.o
    0x08001ffc   0x08001ffc   0x0000000e   Code   RO          763    i.HAL_PCD_SetupStageCallback  usbd_conf.o
    0x0800200a   0x0800200a   0x00000002   PAD
    0x0800200c   0x0800200c   0x00000030   Code   RO          764    i.HAL_PCD_SuspendCallback  usbd_conf.o
    0x0800203c   0x0800203c   0x00000130   Code   RO         2440    i.HAL_RCC_ClockConfig  stm32f4xx_hal_rcc.o
    0x0800216c   0x0800216c   0x00000040   Code   RO         2444    i.HAL_RCC_GetClockConfig  stm32f4xx_hal_rcc.o
    0x080021ac   0x080021ac   0x0000000c   Code   RO         2445    i.HAL_RCC_GetHCLKFreq  stm32f4xx_hal_rcc.o
    0x080021b8   0x080021b8   0x00000020   Code   RO         2447    i.HAL_RCC_GetPCLK1Freq  stm32f4xx_hal_rcc.o
    0x080021d8   0x080021d8   0x00000020   Code   RO         2448    i.HAL_RCC_GetPCLK2Freq  stm32f4xx_hal_rcc.o
    0x080021f8   0x080021f8   0x00000064   Code   RO         2449    i.HAL_RCC_GetSysClockFreq  stm32f4xx_hal_rcc.o
    0x0800225c   0x0800225c   0x0000031c   Code   RO         2452    i.HAL_RCC_OscConfig  stm32f4xx_hal_rcc.o
    0x08002578   0x08002578   0x00000018   Code   RO         3262    i.HAL_SYSTICK_CLKSourceConfig  stm32f4xx_hal_cortex.o
    0x08002590   0x08002590   0x00000028   Code   RO         3264    i.HAL_SYSTICK_Config  stm32f4xx_hal_cortex.o
    0x080025b8   0x080025b8   0x00000002   Code   RO         1874    i.HAL_TIMEx_BreakCallback  stm32f4xx_hal_tim_ex.o
    0x080025ba   0x080025ba   0x00000002   Code   RO         1875    i.HAL_TIMEx_CommutationCallback  stm32f4xx_hal_tim_ex.o
    0x080025bc   0x080025bc   0x00000036   Code   RO         1245    i.HAL_TIM_Base_Init  stm32f4xx_hal_tim.o
    0x080025f2   0x080025f2   0x00000002   Code   RO         1247    i.HAL_TIM_Base_MspInit  stm32f4xx_hal_tim.o
    0x080025f4   0x080025f4   0x00000018   Code   RO         1250    i.HAL_TIM_Base_Start_IT  stm32f4xx_hal_tim.o
    0x0800260c   0x0800260c   0x00000002   Code   RO         1274    i.HAL_TIM_IC_CaptureCallback  stm32f4xx_hal_tim.o
    0x0800260e   0x0800260e   0x00000166   Code   RO         1287    i.HAL_TIM_IRQHandler  stm32f4xx_hal_tim.o
    0x08002774   0x08002774   0x00000002   Code   RO         1290    i.HAL_TIM_OC_DelayElapsedCallback  stm32f4xx_hal_tim.o
    0x08002776   0x08002776   0x00000002   Code   RO         1317    i.HAL_TIM_PWM_PulseFinishedCallback  stm32f4xx_hal_tim.o
    0x08002778   0x08002778   0x00000014   Code   RO           13    i.HAL_TIM_PeriodElapsedCallback  main.o
    0x0800278c   0x0800278c   0x00000002   Code   RO         1328    i.HAL_TIM_TriggerCallback  stm32f4xx_hal_tim.o
    0x0800278e   0x0800278e   0x00000002   Code   RO         2134    i.HAL_UART_ErrorCallback  stm32f4xx_hal_uart.o
    0x08002790   0x08002790   0x000000fc   Code   RO          378    i.HAL_UART_IDLE_IRQHandler  usart.o
    0x0800288c   0x0800288c   0x00000110   Code   RO         2137    i.HAL_UART_IRQHandler  stm32f4xx_hal_uart.o
    0x0800299c   0x0800299c   0x00000062   Code   RO         2138    i.HAL_UART_Init     stm32f4xx_hal_uart.o
    0x080029fe   0x080029fe   0x00000002   PAD
    0x08002a00   0x08002a00   0x00000150   Code   RO          380    i.HAL_UART_MspInit  usart.o
    0x08002b50   0x08002b50   0x00000002   Code   RO         2144    i.HAL_UART_RxCpltCallback  stm32f4xx_hal_uart.o
    0x08002b52   0x08002b52   0x00000002   Code   RO         2149    i.HAL_UART_TxCpltCallback  stm32f4xx_hal_uart.o
    0x08002b54   0x08002b54   0x00000002   Code   RO          445    i.HardFault_Handler  stm32f4xx_it.o
    0x08002b56   0x08002b56   0x00000002   PAD
    0x08002b58   0x08002b58   0x00000058   Code   RO          255    i.MX_CAN1_Init      can.o
    0x08002bb0   0x08002bb0   0x0000004c   Code   RO          295    i.MX_DMA_Init       dma.o
    0x08002bfc   0x08002bfc   0x00000030   Code   RO          319    i.MX_FREERTOS_Init  freertos.o
    0x08002c2c   0x08002c2c   0x000000d0   Code   RO          229    i.MX_GPIO_Init      gpio.o
    0x08002cfc   0x08002cfc   0x00000054   Code   RO          382    i.MX_USART1_UART_Init  usart.o
    0x08002d50   0x08002d50   0x0000004c   Code   RO          383    i.MX_USART6_UART_Init  usart.o
    0x08002d9c   0x08002d9c   0x00000002   Code   RO          446    i.MemManage_Handler  stm32f4xx_it.o
    0x08002d9e   0x08002d9e   0x00000002   Code   RO          447    i.NMI_Handler       stm32f4xx_it.o
    0x08002da0   0x08002da0   0x00000020   Code   RO         3266    i.NVIC_SetPriority  stm32f4xx_hal_cortex.o
    0x08002dc0   0x08002dc0   0x0000000c   Code   RO          448    i.OTG_FS_IRQHandler  stm32f4xx_it.o
    0x08002dcc   0x08002dcc   0x00000088   Code   RO         3881    i.PCD_WriteEmptyTxFifo  stm32f4xx_hal_pcd.o
    0x08002e54   0x08002e54   0x00000078   Code   RO         5436    i.PID_Calc          pid.o
    0x08002ecc   0x08002ecc   0x000000c0   Code   RO         5444    i.PID_Calc_Step     pid.o
    0x08002f8c   0x08002f8c   0x00000018   Code   RO         5446    i.PID_Reset         pid.o
    0x08002fa4   0x08002fa4   0x00000002   Code   RO          449    i.RCC_IRQHandler    stm32f4xx_it.o
    0x08002fa6   0x08002fa6   0x00000008   Code   RO          320    i.StartDefaultTask  freertos.o
    0x08002fae   0x08002fae   0x00000004   Code   RO          450    i.SysTick_Handler   stm32f4xx_it.o
    0x08002fb2   0x08002fb2   0x00000002   PAD
    0x08002fb4   0x08002fb4   0x000000a0   Code   RO           14    i.SystemClock_Config  main.o
    0x08003054   0x08003054   0x00000054   Code   RO         4095    i.SystemInit        system_stm32f4xx.o
    0x080030a8   0x080030a8   0x0000000c   Code   RO          451    i.TIM3_IRQHandler   stm32f4xx_it.o
    0x080030b4   0x080030b4   0x000000c0   Code   RO         1329    i.TIM_Base_SetConfig  stm32f4xx_hal_tim.o
    0x08003174   0x08003174   0x00000010   Code   RO         2151    i.UART_DMAAbortOnError  stm32f4xx_hal_uart.o
    0x08003184   0x08003184   0x0000001c   Code   RO         2161    i.UART_EndRxTransfer  stm32f4xx_hal_uart.o
    0x080031a0   0x080031a0   0x0000008c   Code   RO         2163    i.UART_Receive_IT   stm32f4xx_hal_uart.o
    0x0800322c   0x0800322c   0x00000008   Code   RO          695    i.UART_RxCplCallback  usbd_cdc_if.o
    0x08003234   0x08003234   0x000002ac   Code   RO         2164    i.UART_SetConfig    stm32f4xx_hal_uart.o
    0x080034e0   0x080034e0   0x00000062   Code   RO         2165    i.UART_Transmit_IT  stm32f4xx_hal_uart.o
    0x08003542   0x08003542   0x00000002   PAD
    0x08003544   0x08003544   0x00000018   Code   RO          452    i.USART1_IRQHandler  stm32f4xx_it.o
    0x0800355c   0x0800355c   0x00000018   Code   RO          453    i.USART6_IRQHandler  stm32f4xx_it.o
    0x08003574   0x08003574   0x00000010   Code   RO         5580    i.USBD_CDC_SetTxBuffer  usbd_cdc.o
    0x08003584   0x08003584   0x00000030   Code   RO         5582    i.USBD_CDC_TransmitPacket  usbd_cdc.o
    0x080035b4   0x080035b4   0x0000000e   Code   RO         5674    i.USBD_ClrClassConfig  usbd_core.o
    0x080035c2   0x080035c2   0x00000010   Code   RO         5877    i.USBD_CtlContinueRx  usbd_ioreq.o
    0x080035d2   0x080035d2   0x00000010   Code   RO         5878    i.USBD_CtlContinueSendData  usbd_ioreq.o
    0x080035e2   0x080035e2   0x00000016   Code   RO         5812    i.USBD_CtlError     usbd_ctlreq.o
    0x080035f8   0x080035f8   0x00000016   Code   RO         5880    i.USBD_CtlReceiveStatus  usbd_ioreq.o
    0x0800360e   0x0800360e   0x0000001a   Code   RO         5881    i.USBD_CtlSendData  usbd_ioreq.o
    0x08003628   0x08003628   0x00000016   Code   RO         5882    i.USBD_CtlSendStatus  usbd_ioreq.o
    0x0800363e   0x0800363e   0x000000e0   Code   RO         5813    i.USBD_GetDescriptor  usbd_ctlreq.o
    0x0800371e   0x0800371e   0x00000020   Code   RO          765    i.USBD_LL_ClearStallEP  usbd_conf.o
    0x0800373e   0x0800373e   0x000000aa   Code   RO         5677    i.USBD_LL_DataInStage  usbd_core.o
    0x080037e8   0x080037e8   0x0000006a   Code   RO         5678    i.USBD_LL_DataOutStage  usbd_core.o
    0x08003852   0x08003852   0x00000004   Code   RO         5679    i.USBD_LL_DevConnected  usbd_core.o
    0x08003856   0x08003856   0x00000016   Code   RO         5680    i.USBD_LL_DevDisconnected  usbd_core.o
    0x0800386c   0x0800386c   0x00000020   Code   RO          772    i.USBD_LL_IsStallEP  usbd_conf.o
    0x0800388c   0x0800388c   0x00000004   Code   RO         5681    i.USBD_LL_IsoINIncomplete  usbd_core.o
    0x08003890   0x08003890   0x00000004   Code   RO         5682    i.USBD_LL_IsoOUTIncomplete  usbd_core.o
    0x08003894   0x08003894   0x00000026   Code   RO          773    i.USBD_LL_OpenEP    usbd_conf.o
    0x080038ba   0x080038ba   0x00000020   Code   RO          774    i.USBD_LL_PrepareReceive  usbd_conf.o
    0x080038da   0x080038da   0x0000003e   Code   RO         5683    i.USBD_LL_Reset     usbd_core.o
    0x08003918   0x08003918   0x0000000c   Code   RO         5684    i.USBD_LL_Resume    usbd_core.o
    0x08003924   0x08003924   0x00000018   Code   RO         5685    i.USBD_LL_SOF       usbd_core.o
    0x0800393c   0x0800393c   0x00000006   Code   RO         5686    i.USBD_LL_SetSpeed  usbd_core.o
    0x08003942   0x08003942   0x00000020   Code   RO          775    i.USBD_LL_SetUSBAddress  usbd_conf.o
    0x08003962   0x08003962   0x0000005a   Code   RO         5687    i.USBD_LL_SetupStage  usbd_core.o
    0x080039bc   0x080039bc   0x00000020   Code   RO          776    i.USBD_LL_StallEP   usbd_conf.o
    0x080039dc   0x080039dc   0x00000012   Code   RO         5688    i.USBD_LL_Suspend   usbd_core.o
    0x080039ee   0x080039ee   0x00000020   Code   RO          779    i.USBD_LL_Transmit  usbd_conf.o
    0x08003a0e   0x08003a0e   0x00000028   Code   RO         5815    i.USBD_ParseSetupRequest  usbd_ctlreq.o
    0x08003a36   0x08003a36   0x00000016   Code   RO         5691    i.USBD_SetClassConfig  usbd_core.o
    0x08003a4c   0x08003a4c   0x00000074   Code   RO         5816    i.USBD_SetConfig    usbd_ctlreq.o
    0x08003ac0   0x08003ac0   0x000000f2   Code   RO         5817    i.USBD_StdDevReq    usbd_ctlreq.o
    0x08003bb2   0x08003bb2   0x000000dc   Code   RO         5818    i.USBD_StdEPReq     usbd_ctlreq.o
    0x08003c8e   0x08003c8e   0x00000034   Code   RO         5819    i.USBD_StdItfReq    usbd_ctlreq.o
    0x08003cc2   0x08003cc2   0x00000002   PAD
    0x08003cc4   0x08003cc4   0x00000080   Code   RO         3567    i.USB_ActivateEndpoint  stm32f4xx_ll_usb.o
    0x08003d44   0x08003d44   0x00000034   Code   RO         3568    i.USB_ActivateSetup  stm32f4xx_ll_usb.o
    0x08003d78   0x08003d78   0x00000140   Code   RO         3580    i.USB_EP0StartXfer  stm32f4xx_ll_usb.o
    0x08003eb8   0x08003eb8   0x0000003e   Code   RO         3581    i.USB_EP0_OutStart  stm32f4xx_ll_usb.o
    0x08003ef6   0x08003ef6   0x00000064   Code   RO         3582    i.USB_EPClearStall  stm32f4xx_ll_usb.o
    0x08003f5a   0x08003f5a   0x0000005e   Code   RO         3583    i.USB_EPSetStall    stm32f4xx_ll_usb.o
    0x08003fb8   0x08003fb8   0x0000021c   Code   RO         3584    i.USB_EPStartXfer   stm32f4xx_ll_usb.o
    0x080041d4   0x080041d4   0x00000024   Code   RO         3587    i.USB_FlushTxFifo   stm32f4xx_ll_usb.o
    0x080041f8   0x080041f8   0x0000003c   Code   RO         3589    i.USB_GetDevSpeed   stm32f4xx_ll_usb.o
    0x08004234   0x08004234   0x00000008   Code   RO         3591    i.USB_GetMode       stm32f4xx_ll_usb.o
    0x0800423c   0x0800423c   0x0000000e   Code   RO         3598    i.USB_ReadDevAllInEpInterrupt  stm32f4xx_ll_usb.o
    0x0800424a   0x0800424a   0x0000000e   Code   RO         3599    i.USB_ReadDevAllOutEpInterrupt  stm32f4xx_ll_usb.o
    0x08004258   0x08004258   0x0000001e   Code   RO         3600    i.USB_ReadDevInEPInterrupt  stm32f4xx_ll_usb.o
    0x08004276   0x08004276   0x00000010   Code   RO         3601    i.USB_ReadDevOutEPInterrupt  stm32f4xx_ll_usb.o
    0x08004286   0x08004286   0x00000008   Code   RO         3602    i.USB_ReadInterrupts  stm32f4xx_ll_usb.o
    0x0800428e   0x0800428e   0x00000020   Code   RO         3603    i.USB_ReadPacket    stm32f4xx_ll_usb.o
    0x080042ae   0x080042ae   0x00000022   Code   RO         3606    i.USB_SetDevAddress  stm32f4xx_ll_usb.o
    0x080042d0   0x080042d0   0x00000028   Code   RO         3610    i.USB_WritePacket   stm32f4xx_ll_usb.o
    0x080042f8   0x080042f8   0x00000002   Code   RO          454    i.UsageFault_Handler  stm32f4xx_it.o
    0x080042fa   0x080042fa   0x00000002   Code   RO           15    i._Error_Handler    main.o
    0x080042fc   0x080042fc   0x0000000e   Code   RO         6014    i.__scatterload_copy  mc_w.l(handlers.o)
    0x0800430a   0x0800430a   0x00000002   Code   RO         6015    i.__scatterload_null  mc_w.l(handlers.o)
    0x0800430c   0x0800430c   0x0000000e   Code   RO         6016    i.__scatterload_zeroinit  mc_w.l(handlers.o)
    0x0800431a   0x0800431a   0x00000002   PAD
    0x0800431c   0x0800431c   0x0000003c   Code   RO         5391    i.can_task          cantask.o
    0x08004358   0x08004358   0x00000274   Code   RO         5320    i.chassis_remoteControl  chassistask.o
    0x080045cc   0x080045cc   0x00000024   Code   RO         5321    i.chassis_task      chassistask.o
    0x080045f0   0x080045f0   0x00000028   Code   RO         5392    i.create_CAN_Task   cantask.o
    0x08004618   0x08004618   0x00000028   Code   RO         5322    i.create_chassis_Task  chassistask.o
    0x08004640   0x08004640   0x00000048   Code   RO         5255    i.dbus_uart_init    bsp_uart.o
    0x08004688   0x08004688   0x0000000c   Code   RO         4829    i.inHandlerMode     cmsis_os.o
    0x08004694   0x08004694   0x0000002e   Code   RO           16    i.main              main.o
    0x080046c2   0x080046c2   0x0000000c   Code   RO         4831    i.makeFreeRtosPriority  cmsis_os.o
    0x080046ce   0x080046ce   0x0000000e   Code   RO         4833    i.osDelay           cmsis_os.o
    0x080046dc   0x080046dc   0x00000004   Code   RO         4834    i.osDelayUntil      cmsis_os.o
    0x080046e0   0x080046e0   0x0000000a   Code   RO         4836    i.osKernelStart     cmsis_os.o
    0x080046ea   0x080046ea   0x00000018   Code   RO         4837    i.osKernelSysTick   cmsis_os.o
    0x08004702   0x08004702   0x00000014   Code   RO         4869    i.osSystickHandler  cmsis_os.o
    0x08004716   0x08004716   0x0000002e   Code   RO         4870    i.osThreadCreate    cmsis_os.o
    0x08004744   0x08004744   0x00000070   Code   RO         4542    i.prvAddCurrentTaskToDelayedList  tasks.o
    0x080047b4   0x080047b4   0x000000d0   Code   RO         4543    i.prvAddNewTaskToReadyList  tasks.o
    0x08004884   0x08004884   0x00000050   Code   RO         4544    i.prvCheckTasksWaitingTermination  tasks.o
    0x080048d4   0x080048d4   0x00000014   Code   RO         4545    i.prvDeleteTCB      tasks.o
    0x080048e8   0x080048e8   0x0000004c   Code   RO         4129    i.prvHeapInit       heap_4.o
    0x08004934   0x08004934   0x00000028   Code   RO         4546    i.prvIdleTask       tasks.o
    0x0800495c   0x0800495c   0x0000008e   Code   RO         4547    i.prvInitialiseNewTask  tasks.o
    0x080049ea   0x080049ea   0x00000002   PAD
    0x080049ec   0x080049ec   0x0000004c   Code   RO         4130    i.prvInsertBlockIntoFreeList  heap_4.o
    0x08004a38   0x08004a38   0x00000020   Code   RO         4548    i.prvResetNextTaskUnblockTime  tasks.o
    0x08004a58   0x08004a58   0x00000028   Code   RO         4200    i.prvTaskExitError  port.o
    0x08004a80   0x08004a80   0x000000d8   Code   RO         4131    i.pvPortMalloc      heap_4.o
    0x08004b58   0x08004b58   0x0000002c   Code   RO         4201    i.pxPortInitialiseStack  port.o
    0x08004b84   0x08004b84   0x000000e2   Code   RO         5257    i.rc_callback_handler  bsp_uart.o
    0x08004c66   0x08004c66   0x00000002   PAD
    0x08004c68   0x08004c68   0x00000114   Code   RO         5258    i.rc_dealler        bsp_uart.o
    0x08004d7c   0x08004d7c   0x00000050   Code   RO         5323    i.send_Chassis_Msg  chassistask.o
    0x08004dcc   0x08004dcc   0x00000060   Code   RO         5259    i.uart_receive_handler  bsp_uart.o
    0x08004e2c   0x08004e2c   0x00000024   Code   RO         4365    i.uxListRemove      list.o
    0x08004e50   0x08004e50   0x00000016   Code   RO         4366    i.vListInitialise   list.o
    0x08004e66   0x08004e66   0x00000006   Code   RO         4367    i.vListInitialiseItem  list.o
    0x08004e6c   0x08004e6c   0x00000030   Code   RO         4368    i.vListInsert       list.o
    0x08004e9c   0x08004e9c   0x00000018   Code   RO         4369    i.vListInsertEnd    list.o
    0x08004eb4   0x08004eb4   0x00000040   Code   RO         4203    i.vPortEnterCritical  port.o
    0x08004ef4   0x08004ef4   0x00000028   Code   RO         4204    i.vPortExitCritical  port.o
    0x08004f1c   0x08004f1c   0x0000005c   Code   RO         4132    i.vPortFree         heap_4.o
    0x08004f78   0x08004f78   0x00000020   Code   RO         4205    i.vPortSetupTimerInterrupt  port.o
    0x08004f98   0x08004f98   0x00000054   Code   RO         4206    i.vPortValidateInterruptPriority  port.o
    0x08004fec   0x08004fec   0x0000004c   Code   RO         4556    i.vTaskDelay        tasks.o
    0x08005038   0x08005038   0x00000068   Code   RO         4567    i.vTaskStartScheduler  tasks.o
    0x080050a0   0x080050a0   0x00000010   Code   RO         4569    i.vTaskSuspendAll   tasks.o
    0x080050b0   0x080050b0   0x0000005c   Code   RO         4570    i.vTaskSwitchContext  tasks.o
    0x0800510c   0x0800510c   0x000000e0   Code   RO         4207    i.xPortStartScheduler  port.o
    0x080051ec   0x080051ec   0x0000002c   Code   RO         4208    i.xPortSysTickHandler  port.o
    0x08005218   0x08005218   0x00000056   Code   RO         4572    i.xTaskCreate       tasks.o
    0x0800526e   0x0800526e   0x00000002   PAD
    0x08005270   0x08005270   0x0000001c   Code   RO         4576    i.xTaskGetSchedulerState  tasks.o
    0x0800528c   0x0800528c   0x0000000c   Code   RO         4577    i.xTaskGetTickCount  tasks.o
    0x08005298   0x08005298   0x00000010   Code   RO         4578    i.xTaskGetTickCountFromISR  tasks.o
    0x080052a8   0x080052a8   0x000000c8   Code   RO         4579    i.xTaskIncrementTick  tasks.o
    0x08005370   0x08005370   0x000000c4   Code   RO         4585    i.xTaskResumeAll    tasks.o
    0x08005434   0x08005434   0x00000014   Data   RO          321    .constdata          freertos.o
    0x08005448   0x08005448   0x00000008   Data   RO         2965    .constdata          stm32f4xx_hal_dma.o
    0x08005450   0x08005450   0x00000010   Data   RO         4096    .constdata          system_stm32f4xx.o
    0x08005460   0x08005460   0x00000008   Data   RO         4097    .constdata          system_stm32f4xx.o
    0x08005468   0x08005468   0x00000014   Data   RO         5326    .constdata          chassistask.o
    0x0800547c   0x0800547c   0x00000014   Data   RO         5394    .constdata          cantask.o
    0x08005490   0x08005490   0x0000000c   Data   RO          322    .conststring        freertos.o
    0x0800549c   0x0800549c   0x0000000c   Data   RO         5327    .conststring        chassistask.o
    0x080054a8   0x080054a8   0x00000008   Data   RO         5395    .conststring        cantask.o
    0x080054b0   0x080054b0   0x00000020   Data   RO         6012    Region$$Table       anon$$obj.o


    Execution Region RW_IRAM1 (Exec base: 0x20000000, Load base: 0x080054d0, Size: 0x00004c90, Max: 0x00030000, ABSOLUTE, COMPRESSED[0x00000024])

    Exec Addr    Load Addr    Size         Type   Attr      Idx    E Section Name        Object

    0x20000000   COMPRESSED   0x00000004   Data   RW          323    .data               freertos.o
    0x20000004   COMPRESSED   0x0000000c   Data   RW         3410    .data               stm32f4xx_hal.o
    0x20000010   COMPRESSED   0x00000004   Data   RW         4098    .data               system_stm32f4xx.o
    0x20000014   COMPRESSED   0x00000018   Data   RW         4137    .data               heap_4.o
    0x2000002c   COMPRESSED   0x0000000c   Data   RW         4209    .data               port.o
    0x20000038   COMPRESSED   0x0000003c   Data   RW         4588    .data               tasks.o
    0x20000074   COMPRESSED   0x00000006   Data   RW         5261    .data               bsp_uart.o
    0x2000007a   COMPRESSED   0x00000002   PAD
    0x2000007c   COMPRESSED   0x00000124   Data   RW         5328    .data               chassistask.o
    0x200001a0   COMPRESSED   0x00000010   Data   RW         5396    .data               cantask.o
    0x200001b0   COMPRESSED   0x00000001   Data   RW         5820    .data               usbd_ctlreq.o
    0x200001b1   COMPRESSED   0x00000003   PAD
    0x200001b4        -       0x00000028   Zero   RW          256    .bss                can.o
    0x200001dc        -       0x000001a0   Zero   RW          384    .bss                usart.o
    0x2000037c        -       0x0000003c   Zero   RW          589    .bss                stm32f4xx_hal_timebase_tim.o
    0x200003b8        -       0x00000224   Zero   RW          627    .bss                usb_device.o
    0x200005dc        -       0x000003f0   Zero   RW          780    .bss                usbd_conf.o
    0x200009cc        -       0x00003c00   Zero   RW         4136    .bss                heap_4.o
    0x200045cc        -       0x000000f0   Zero   RW         4587    .bss                tasks.o
    0x200046bc        -       0x00000058   Zero   RW         5209    .bss                bsp_can.o
    0x20004714        -       0x0000002b   Zero   RW         5260    .bss                bsp_uart.o
    0x2000473f   COMPRESSED   0x00000001   PAD
    0x20004740        -       0x00000130   Zero   RW         5325    .bss                chassistask.o
    0x20004870        -       0x0000001c   Zero   RW         5393    .bss                cantask.o
    0x2000488c   COMPRESSED   0x00000004   PAD
    0x20004890        -       0x00000400   Zero   RW            1    STACK               startup_stm32f427xx.o


==============================================================================

Image component sizes


      Code (inc. data)   RO Data    RW Data    ZI Data      Debug   Object Name

       160         32          0          0         88       1290   bsp_can.o
       670         48          0          6         43       4940   bsp_uart.o
       192         36          0          0         40       1641   can.o
       228         48         28         16         28       2934   cantask.o
       784         60         32        292        304       6901   chassistask.o
       142          0          0          0          0      16669   cmsis_os.o
        76          4          0          0          0        782   dma.o
       246         14          0          0          0       2250   encoder.o
         0          0          0          0          0       8068   event_groups.o
        56         10         32          4          0       1754   freertos.o
       208         14          0          0          0       1071   gpio.o
       460         24          0         24      15360       8847   heap_4.o
       136          0          0          0          0       3578   list.o
       228         16          0          0          0     771349   main.o
       336         18          0          0          0       4255   pid.o
       758         84          0         12          0      11965   port.o
        36          8        428          0       1024        840   startup_stm32f427xx.o
        80         14          0         12          0       3278   stm32f4xx_hal.o
      1698          6          0          0          0      15468   stm32f4xx_hal_can.o
       218         14          0          0          0      31077   stm32f4xx_hal_cortex.o
       898         16          8          0          0       6351   stm32f4xx_hal_dma.o
       470         52          0          0          0       2460   stm32f4xx_hal_gpio.o
       148          6          0          0          0        934   stm32f4xx_hal_msp.o
      1836         72          0          0          0       8399   stm32f4xx_hal_pcd.o
      1340         96          0          0          0       6337   stm32f4xx_hal_rcc.o
       638         44          0          0          0       7106   stm32f4xx_hal_tim.o
         4          0          0          0          0       1630   stm32f4xx_hal_tim_ex.o
       116         16          0          0         60       1464   stm32f4xx_hal_timebase_tim.o
      1342         14          0          0          0       7503   stm32f4xx_hal_uart.o
       150         54          0          0          0       8007   stm32f4xx_it.o
      1588         20          0          0          0      13656   stm32f4xx_ll_usb.o
        84         18         24          4          0       1179   system_stm32f4xx.o
      1460        132          0         60        240      17366   tasks.o
       748        106          0          0        416       3395   usart.o
         0          0          0          0        548       6014   usb_device.o
        64          0          0          0          0       3425   usbd_cdc.o
        52          6          0          0          0       1628   usbd_cdc_if.o
       410          4          0          0       1008      11467   usbd_conf.o
       558          0          0          0          0       9820   usbd_core.o
       916         30          0          1          0       7055   usbd_ctlreq.o
       102          0          0          0          0       3756   usbd_ioreq.o

    ----------------------------------------------------------------------
     19674       1136        584        436      19164    1027909   Object Totals
         0          0         32          0          0          0   (incl. Generated)
        38          0          0          5          5          0   (incl. Padding)

    ----------------------------------------------------------------------

      Code (inc. data)   RO Data    RW Data    ZI Data      Debug   Library Member Name

        86          0          0          0          0          0   __dczerorl2.o
         0          0          0          0          0          0   entry.o
         0          0          0          0          0          0   entry10a.o
         0          0          0          0          0          0   entry11a.o
         8          4          0          0          0          0   entry2.o
         4          0          0          0          0          0   entry5.o
         0          0          0          0          0          0   entry7b.o
         0          0          0          0          0          0   entry8b.o
         8          4          0          0          0          0   entry9a.o
        30          0          0          0          0          0   handlers.o
        36          8          0          0          0         68   init.o
         0          0          0          0          0          0   iusefp.o
        30          0          0          0          0         68   llshl.o
        36          0          0          0          0         68   llsshr.o
        32          0          0          0          0         68   llushr.o
        36          0          0          0          0         68   memcpya.o
        36          0          0          0          0        108   memseta.o
        98          0          0          0          0         92   uldiv.o
        56          0          0          0          0         88   d2f.o
       334          0          0          0          0        148   dadd.o
       186          0          0          0          0        176   depilogue.o
        62          0          0          0          0         80   dfixi.o
        34          0          0          0          0         76   dflti.o
       228          0          0          0          0         96   dmul.o
       110          0          0          0          0        168   fepilogue.o

    ----------------------------------------------------------------------
      1454         16          0          0          0       1372   Library Totals
         4          0          0          0          0          0   (incl. Padding)

    ----------------------------------------------------------------------

      Code (inc. data)   RO Data    RW Data    ZI Data      Debug   Library Name

       440         16          0          0          0        540   mc_w.l
      1010          0          0          0          0        832   mf_w.l

    ----------------------------------------------------------------------
      1454         16          0          0          0       1372   Library Totals

    ----------------------------------------------------------------------

==============================================================================


      Code (inc. data)   RO Data    RW Data    ZI Data      Debug   

     21128       1152        584        436      19164    1006541   Grand Totals
     21128       1152        584         36      19164    1006541   ELF Image Totals (compressed)
     21128       1152        584         36          0          0   ROM Totals

==============================================================================

    Total RO  Size (Code + RO Data)                21712 (  21.20kB)
    Total RW  Size (RW Data + ZI Data)             19600 (  19.14kB)
    Total ROM Size (Code + RO Data + RW Data)      21748 (  21.24kB)

==============================================================================

